Component: ARM Compiler 5.06 update 7 (build 960) Tool: armlink [4d3601]

==============================================================================

Section Cross References

    startup_stm32f407xx.o(RESET) refers to startup_stm32f407xx.o(STACK) for __initial_sp
    startup_stm32f407xx.o(RESET) refers to startup_stm32f407xx.o(.text) for Reset_Handler
    startup_stm32f407xx.o(RESET) refers to stm32f4xx_it.o(i.NMI_Handler) for NMI_Handler
    startup_stm32f407xx.o(RESET) refers to stm32f4xx_it.o(i.HardFault_Handler) for HardFault_Handler
    startup_stm32f407xx.o(RESET) refers to stm32f4xx_it.o(i.MemManage_Handler) for MemManage_Handler
    startup_stm32f407xx.o(RESET) refers to stm32f4xx_it.o(i.BusFault_Handler) for BusFault_Handler
    startup_stm32f407xx.o(RESET) refers to stm32f4xx_it.o(i.UsageFault_Handler) for UsageFault_Handler
    startup_stm32f407xx.o(RESET) refers to port.o(.emb_text) for SVC_Handler
    startup_stm32f407xx.o(RESET) refers to stm32f4xx_it.o(i.DebugMon_Handler) for DebugMon_Handler
    startup_stm32f407xx.o(RESET) refers to cmsis_os2.o(i.SysTick_Handler) for SysTick_Handler
    startup_stm32f407xx.o(RESET) refers to stm32f4xx_it.o(i.DMA1_Stream1_IRQHandler) for DMA1_Stream1_IRQHandler
    startup_stm32f407xx.o(RESET) refers to stm32f4xx_it.o(i.DMA1_Stream4_IRQHandler) for DMA1_Stream4_IRQHandler
    startup_stm32f407xx.o(RESET) refers to stm32f4xx_it.o(i.DMA1_Stream6_IRQHandler) for DMA1_Stream6_IRQHandler
    startup_stm32f407xx.o(RESET) refers to stm32f4xx_it.o(i.CAN1_RX0_IRQHandler) for CAN1_RX0_IRQHandler
    startup_stm32f407xx.o(RESET) refers to stm32f4xx_it.o(i.TIM2_IRQHandler) for TIM2_IRQHandler
    startup_stm32f407xx.o(RESET) refers to stm32f4xx_it.o(i.TIM3_IRQHandler) for TIM3_IRQHandler
    startup_stm32f407xx.o(RESET) refers to stm32f4xx_it.o(i.TIM4_IRQHandler) for TIM4_IRQHandler
    startup_stm32f407xx.o(RESET) refers to stm32f4xx_it.o(i.USART1_IRQHandler) for USART1_IRQHandler
    startup_stm32f407xx.o(RESET) refers to stm32f4xx_it.o(i.USART2_IRQHandler) for USART2_IRQHandler
    startup_stm32f407xx.o(RESET) refers to stm32f4xx_it.o(i.USART3_IRQHandler) for USART3_IRQHandler
    startup_stm32f407xx.o(RESET) refers to stm32f4xx_it.o(i.UART4_IRQHandler) for UART4_IRQHandler
    startup_stm32f407xx.o(RESET) refers to stm32f4xx_it.o(i.TIM7_IRQHandler) for TIM7_IRQHandler
    startup_stm32f407xx.o(RESET) refers to stm32f4xx_it.o(i.DMA2_Stream0_IRQHandler) for DMA2_Stream0_IRQHandler
    startup_stm32f407xx.o(RESET) refers to stm32f4xx_it.o(i.CAN2_RX1_IRQHandler) for CAN2_RX1_IRQHandler
    startup_stm32f407xx.o(RESET) refers to stm32f4xx_it.o(i.OTG_FS_IRQHandler) for OTG_FS_IRQHandler
    startup_stm32f407xx.o(RESET) refers to stm32f4xx_it.o(i.DMA2_Stream7_IRQHandler) for DMA2_Stream7_IRQHandler
    startup_stm32f407xx.o(.text) refers to system_stm32f4xx.o(i.SystemInit) for SystemInit
    startup_stm32f407xx.o(.text) refers to entry.o(.ARM.Collect$$$$00000000) for __main
    main.o(i.HAL_TIM_PeriodElapsedCallback) refers to stm32f4xx_hal.o(i.HAL_IncTick) for HAL_IncTick
    main.o(i.SystemClock_Config) refers to memseta.o(.text) for __aeabi_memclr4
    main.o(i.SystemClock_Config) refers to stm32f4xx_hal_rcc.o(i.HAL_RCC_OscConfig) for HAL_RCC_OscConfig
    main.o(i.SystemClock_Config) refers to stm32f4xx_hal_rcc.o(i.HAL_RCC_ClockConfig) for HAL_RCC_ClockConfig
    main.o(i.fputc) refers to stm32f4xx_hal_uart.o(i.HAL_UART_Transmit) for HAL_UART_Transmit
    main.o(i.fputc) refers to main.o(.data) for .data
    main.o(i.get_EnKeyState) refers to stm32f4xx_hal_gpio.o(i.HAL_GPIO_ReadPin) for HAL_GPIO_ReadPin
    main.o(i.get_EnKeyState) refers to main.o(.data) for .data
    main.o(i.get_HardWareVersion) refers to main.o(.data) for .data
    main.o(i.main) refers to stm32f4xx_hal.o(i.HAL_Init) for HAL_Init
    main.o(i.main) refers to main.o(i.SystemClock_Config) for SystemClock_Config
    main.o(i.main) refers to gpio.o(i.MX_GPIO_Init) for MX_GPIO_Init
    main.o(i.main) refers to dma.o(i.MX_DMA_Init) for MX_DMA_Init
    main.o(i.main) refers to usart.o(i.MX_USART1_UART_Init) for MX_USART1_UART_Init
    main.o(i.main) refers to usart.o(i.MX_USART2_UART_Init) for MX_USART2_UART_Init
    main.o(i.main) refers to usart.o(i.MX_USART3_UART_Init) for MX_USART3_UART_Init
    main.o(i.main) refers to usart.o(i.MX_UART4_Init) for MX_UART4_Init
    main.o(i.main) refers to tim.o(i.MX_TIM2_Init) for MX_TIM2_Init
    main.o(i.main) refers to tim.o(i.MX_TIM3_Init) for MX_TIM3_Init
    main.o(i.main) refers to tim.o(i.MX_TIM4_Init) for MX_TIM4_Init
    main.o(i.main) refers to tim.o(i.MX_TIM6_Init) for MX_TIM6_Init
    main.o(i.main) refers to tim.o(i.MX_TIM9_Init) for MX_TIM9_Init
    main.o(i.main) refers to tim.o(i.MX_TIM11_Init) for MX_TIM11_Init
    main.o(i.main) refers to adc.o(i.MX_ADC1_Init) for MX_ADC1_Init
    main.o(i.main) refers to can.o(i.MX_CAN1_Init) for MX_CAN1_Init
    main.o(i.main) refers to can.o(i.MX_CAN2_Init) for MX_CAN2_Init
[...]
    vApplicationIdleHook                     0x0800c155   Thumb Code     2  freertos.o(i.vApplicationIdleHook)
    vApplicationMallocFailedHook             0x0800c159   Thumb Code     6  freertos.o(i.vApplicationMallocFailedHook)
    vApplicationStackOverflowHook            0x0800c181   Thumb Code     6  freertos.o(i.vApplicationStackOverflowHook)
    vEventGroupSetBitsCallback               0x0800c19d   Thumb Code     4  event_groups.o(i.vEventGroupSetBitsCallback)
    vListInitialise                          0x0800c1a1   Thumb Code    22  list.o(i.vListInitialise)
    vListInitialiseItem                      0x0800c1b7   Thumb Code     6  list.o(i.vListInitialiseItem)
    vListInsert                              0x0800c1bd   Thumb Code    48  list.o(i.vListInsert)
    vListInsertEnd                           0x0800c1ed   Thumb Code    24  list.o(i.vListInsertEnd)
    vPortEnterCritical                       0x0800c205   Thumb Code    54  port.o(i.vPortEnterCritical)
    vPortExitCritical                        0x0800c245   Thumb Code    34  port.o(i.vPortExitCritical)
    vPortFree                                0x0800c26d   Thumb Code    94  heap_4.o(i.vPortFree)
    vPortSetupTimerInterrupt                 0x0800c2d1   Thumb Code    32  port.o(i.vPortSetupTimerInterrupt)
    vPortValidateInterruptPriority           0x0800c2f5   Thumb Code    74  port.o(i.vPortValidateInterruptPriority)
    vQueueAddToRegistry                      0x0800c349   Thumb Code    34  queue.o(i.vQueueAddToRegistry)
    vQueueWaitForMessageRestricted           0x0800c371   Thumb Code    68  queue.o(i.vQueueWaitForMessageRestricted)
    vTaskDelay                               0x0800c3b5   Thumb Code    66  tasks.o(i.vTaskDelay)
    vTaskDelayUntil                          0x0800c401   Thumb Code   132  tasks.o(i.vTaskDelayUntil)
    vTaskDelete                              0x0800c48d   Thumb Code   130  tasks.o(i.vTaskDelete)
    vTaskInternalSetTimeOutState             0x0800c51d   Thumb Code    12  tasks.o(i.vTaskInternalSetTimeOutState)
    vTaskMissedYield                         0x0800c52d   Thumb Code     8  tasks.o(i.vTaskMissedYield)
    vTaskPlaceOnEventList                    0x0800c539   Thumb Code    44  tasks.o(i.vTaskPlaceOnEventList)
    vTaskPlaceOnEventListRestricted          0x0800c569   Thumb Code    52  tasks.o(i.vTaskPlaceOnEventListRestricted)
    vTaskPriorityDisinheritAfterTimeout      0x0800c5a1   Thumb Code   134  tasks.o(i.vTaskPriorityDisinheritAfterTimeout)
    vTaskRemoveFromUnorderedEventList        0x0800c631   Thumb Code   102  tasks.o(i.vTaskRemoveFromUnorderedEventList)
    vTaskStartScheduler                      0x0800c6a1   Thumb Code   122  tasks.o(i.vTaskStartScheduler)
    vTaskSuspendAll                          0x0800c72d   Thumb Code    10  tasks.o(i.vTaskSuspendAll)
    vTaskSwitchContext                       0x0800c73d   Thumb Code   156  tasks.o(i.vTaskSwitchContext)
    xEventGroupSetBits                       0x0800c7e1   Thumb Code   140  event_groups.o(i.xEventGroupSetBits)
    xEventGroupSetBitsFromISR                0x0800c86d   Thumb Code    12  event_groups.o(i.xEventGroupSetBitsFromISR)
    xPortStartScheduler                      0x0800c87d   Thumb Code   222  port.o(i.xPortStartScheduler)
    xPortSysTickHandler                      0x0800c971   Thumb Code    38  port.o(i.xPortSysTickHandler)
    xQueueCreateMutex                        0x0800c99d   Thumb Code    22  queue.o(i.xQueueCreateMutex)
    xQueueGenericCreate                      0x0800c9b3   Thumb Code    66  queue.o(i.xQueueGenericCreate)
    xQueueGenericCreateStatic                0x0800c9f5   Thumb Code   102  queue.o(i.xQueueGenericCreateStatic)
    xQueueGenericReset                       0x0800ca5d   Thumb Code   132  queue.o(i.xQueueGenericReset)
    xQueueGenericSend                        0x0800cae5   Thumb Code   346  queue.o(i.xQueueGenericSend)
    xQueueGenericSendFromISR                 0x0800cc45   Thumb Code   190  queue.o(i.xQueueGenericSendFromISR)
    xQueueReceive                            0x0800cd05   Thumb Code   308  queue.o(i.xQueueReceive)
    xQueueSemaphoreTake                      0x0800ce3d   Thumb Code   372  queue.o(i.xQueueSemaphoreTake)
    xTaskCheckForTimeOut                     0x0800cfb5   Thumb Code   112  tasks.o(i.xTaskCheckForTimeOut)
    xTaskCreate                              0x0800d029   Thumb Code    90  tasks.o(i.xTaskCreate)
    xTaskCreateStatic                        0x0800d083   Thumb Code    86  tasks.o(i.xTaskCreateStatic)
    xTaskGenericNotify                       0x0800d0d9   Thumb Code   210  tasks.o(i.xTaskGenericNotify)
    xTaskGetSchedulerState                   0x0800d1b9   Thumb Code    22  tasks.o(i.xTaskGetSchedulerState)
    xTaskGetTickCount                        0x0800d1d5   Thumb Code     6  tasks.o(i.xTaskGetTickCount)
    xTaskIncrementTick                       0x0800d1e1   Thumb Code   192  tasks.o(i.xTaskIncrementTick)
    xTaskPriorityDisinherit                  0x0800d2a9   Thumb Code   118  tasks.o(i.xTaskPriorityDisinherit)
    xTaskPriorityInherit                     0x0800d329   Thumb Code   112  tasks.o(i.xTaskPriorityInherit)
    xTaskRemoveFromEventList                 0x0800d3a1   Thumb Code    98  tasks.o(i.xTaskRemoveFromEventList)
    xTaskResumeAll                           0x0800d411   Thumb Code   182  tasks.o(i.xTaskResumeAll)
    xTimerCreateTimerTask                    0x0800d4d5   Thumb Code    78  timers.o(i.xTimerCreateTimerTask)
    xTimerGenericCommand                     0x0800d535   Thumb Code    98  timers.o(i.xTimerGenericCommand)
    xTimerPendFunctionCallFromISR            0x0800d59d   Thumb Code    34  timers.o(i.xTimerPendFunctionCallFromISR)
    InitTask_attributes                      0x0800d5c4   Data          36  freertos.o(.constdata)
    AHBPrescTable                            0x0800d5f0   Data          16  system_stm32f4xx.o(.constdata)
    APBPrescTable                            0x0800d600   Data           8  system_stm32f4xx.o(.constdata)
    oled_asc2_1206                           0x0800d608   Data        1140  bsp_oled.o(.constdata)
    oled_asc2_1608                           0x0800da7c   Data        1520  bsp_oled.o(.constdata)
    __mathlib_zero                           0x0800e188   Data           8  qnan.o(.constdata)
    Region$$Table$$Base                      0x0800e2ac   Number         0  anon$$obj.o(Region$$Table)
    Region$$Table$$Limit                     0x0800e2cc   Number         0  anon$$obj.o(Region$$Table)
    BlueToothBuffer                          0x20000001   Data           1  main.o(.data)
    rosbuffer                                0x20000002   Data           1  main.o(.data)
    usart1_buffer                            0x20000003   Data           1  main.o(.data)
    rs485_buffer                             0x20000004   Data           1  main.o(.data)
    DebugSerial                              0x20000008   Data           4  main.o(.data)
    g_xQueueBlueTooth                        0x2000000c   Data           4  freertos.o(.data)
    g_xQueueROSserial                        0x20000014   Data           4  freertos.o(.data)
    g_servoTaskHandle                        0x20000018   Data           4  freertos.o(.data)
    InitTaskHandle                           0x20000020   Data           4  freertos.o(.data)
    g_xQueueAutoRecharge                     0x20000024   Data           4  freertos.o(.data)
    g_reportErrTaskHandle                    0x20000028   Data           4  freertos.o(.data)
    uwTickFreq                               0x20000030   Data           1  stm32f4xx_hal.o(.data)
    uwTickPrio                               0x20000034   Data           4  stm32f4xx_hal.o(.data)
    uwTick                                   0x20000038   Data           4  stm32f4xx_hal.o(.data)
    SystemCoreClock                          0x2000003c   Data           4  system_stm32f4xx.o(.data)
    pxCurrentTCB                             0x20000040   Data           4  tasks.o(.data)
    UserBuzzer                               0x200000cc   Data          20  bsp_buzzer.o(.data)
    UserOLED                                 0x200000e0   Data          32  bsp_oled.o(.data)
    UserIMU_sIICDev                          0x20000114   Data          32  bsp_siic.o(.data)
    UserICM20948                             0x20000134   Data          24  bsp_icm20948.o(.data)
    UserRGBLight                             0x20000160   Data          32  bsp_rgblight.o(.data)
    RobotControl_CMDsource                   0x20000180   Data           1  robotcontrol_task.o(.data)
    g_xEventRangerSensor                     0x2000019c   Data           4  sensor_ranger.o(.data)
    RangerHAL_A                              0x200001a8   Data          48  sensor_ranger.o(.data)
    RangerHAL_B                              0x200001d8   Data          48  sensor_ranger.o(.data)
    RangerHAL_C                              0x20000208   Data          48  sensor_ranger.o(.data)
    RangerHAL_D                              0x20000238   Data          48  sensor_ranger.o(.data)
    RangerHAL_E                              0x20000268   Data          48  sensor_ranger.o(.data)
    RangerHAL_F                              0x20000298   Data          48  sensor_ranger.o(.data)
    ChargeDev                                0x20000360   Data          28  autorecharge_task.o(.data)
    userdefine_rgb                           0x2000037d   Data           4  rgbstripcontrol_task.o(.data)
    RobotControlParam                        0x2000038c   Data          96  robot_select_init.o(.data)
    g_debug_servo_trigger                    0x20000400   Data           4  servo_basic_control.o(.data)
    g_debug_servo_can_id                     0x20000404   Data           4  servo_basic_control.o(.data)
    g_debug_servo_cmd                        0x20000408   Data           4  servo_basic_control.o(.data)
    g_debug_servo_value                      0x2000040c   Data           4  servo_basic_control.o(.data)
    g_rc_pwm_follow_raw                      0x20000410   Data           4  servo_basic_control.o(.data)
    g_rc_signal_timeout_ms                   0x20000414   Data           4  servo_basic_control.o(.data)
    g_orin_pwm_enable                        0x20000418   Data           4  servo_basic_control.o(.data)
    g_orin_pwm_timeout_ms                    0x2000041c   Data           4  servo_basic_control.o(.data)
    g_orin_ackermann_wheelbase_mm            0x20000420   Data           4  servo_basic_control.o(.data)
    g_orin_ackermann_track_width_mm          0x20000424   Data           4  servo_basic_control.o(.data)
    g_orin_ackermann_wheel_radius_mm         0x20000428   Data           4  servo_basic_control.o(.data)
    g_orin_ackermann_max_steering_millirad   0x2000042c   Data           4  servo_basic_control.o(.data)
    g_orin_ackermann_min_vx_mmps             0x20000430   Data           4  servo_basic_control.o(.data)
    g_orin_vx_scale                          0x20000434   Data           4  servo_basic_control.o(.data)
    g_orin_feedback_scale                    0x20000438   Data           4  servo_basic_control.o(.data)
    g_orin_vx_forward_cap_mmps               0x2000043c   Data           4  servo_basic_control.o(.data)
    g_orin_vx_reverse_cap_mmps               0x20000440   Data           4  servo_basic_control.o(.data)
    g_orin_vx_deadband_mmps                  0x20000444   Data           4  servo_basic_control.o(.data)
    g_orin_vx_max_mmps                       0x20000448   Data           4  servo_basic_control.o(.data)
    g_orin_vz_max_millirad                   0x2000044c   Data           4  servo_basic_control.o(.data)
    g_orin_esc_center_us                     0x20000450   Data           4  servo_basic_control.o(.data)
    g_orin_esc_forward_start_us              0x20000454   Data           4  servo_basic_control.o(.data)
    g_orin_esc_reverse_start_us              0x20000458   Data           4  servo_basic_control.o(.data)
    g_orin_esc_forward_max_us                0x2000045c   Data           4  servo_basic_control.o(.data)
    g_orin_esc_reverse_max_us                0x20000460   Data           4  servo_basic_control.o(.data)
    g_orin_servo_center_us                   0x20000464   Data           4  servo_basic_control.o(.data)
    g_orin_servo_range_us                    0x20000468   Data           4  servo_basic_control.o(.data)
    g_rc_debounce_enable                     0x2000046c   Data           4  servo_basic_control.o(.data)
    g_rc_debounce_deadband_us                0x20000470   Data           4  servo_basic_control.o(.data)
    g_rc_debounce_smooth_div                 0x20000474   Data           4  servo_basic_control.o(.data)
    g_rc_glitch_freeze_ms                    0x20000478   Data           4  servo_basic_control.o(.data)
    g_rc_throttle_neutral_hold_us            0x2000047c   Data           4  servo_basic_control.o(.data)
    g_rc_throttle_jump_confirm_us            0x20000480   Data           4  servo_basic_control.o(.data)
    g_rc_steering_jump_confirm_us            0x20000484   Data           4  servo_basic_control.o(.data)
    g_rc_jump_confirm_samples                0x20000488   Data           4  servo_basic_control.o(.data)
    g_rc_override_center_us                  0x2000048c   Data           4  servo_basic_control.o(.data)
    g_rc_override_enter_threshold_us         0x20000490   Data           4  servo_basic_control.o(.data)
    g_rc_override_exit_threshold_us          0x20000494   Data           4  servo_basic_control.o(.data)
    g_rc_override_enter_samples              0x20000498   Data           4  servo_basic_control.o(.data)
    g_rc_override_release_hold_ms            0x2000049c   Data           4  servo_basic_control.o(.data)
    g_rc_guard_enable                        0x200004a0   Data           4  servo_basic_control.o(.data)
    g_rc_guard_active_high                   0x200004a4   Data           4  servo_basic_control.o(.data)
    g_rc_guard_active_low_threshold_us       0x200004a8   Data           4  servo_basic_control.o(.data)
    g_rc_guard_active_high_threshold_us      0x200004ac   Data           4  servo_basic_control.o(.data)
    g_rc_throttle_last_good_us               0x200004b0   Data           4  servo_basic_control.o(.data)
    g_rc_steering_last_good_us               0x200004b4   Data           4  servo_basic_control.o(.data)
    g_rc_throttle_glitch_active              0x200004b8   Data           4  servo_basic_control.o(.data)
    g_rc_steering_glitch_active              0x200004bc   Data           4  servo_basic_control.o(.data)
    g_rc_input_fault_active                  0x200004c0   Data           4  servo_basic_control.o(.data)
    g_rc_valid_min_us                        0x200004e8   Data           4  servo_basic_control.o(.data)
    g_rc_valid_max_us                        0x200004ec   Data           4  servo_basic_control.o(.data)
    g_rc_capture_active_high                 0x200004f0   Data           4  servo_rc_capture.o(.data)
    __stdout                                 0x200004f4   Data           4  stdout.o(.data)
    hadc1                                    0x200004fc   Data          72  adc.o(.bss)
    hdma_adc1                                0x20000544   Data          96  adc.o(.bss)
    hcan1                                    0x200005a4   Data          40  can.o(.bss)
    hcan2                                    0x200005cc   Data          40  can.o(.bss)
    htim2                                    0x200005f4   Data          72  tim.o(.bss)
    htim3                                    0x2000063c   Data          72  tim.o(.bss)
    htim4                                    0x20000684   Data          72  tim.o(.bss)
    htim6                                    0x200006cc   Data          72  tim.o(.bss)
    htim8                                    0x20000714   Data          72  tim.o(.bss)
    htim9                                    0x2000075c   Data          72  tim.o(.bss)
    htim11                                   0x200007a4   Data          72  tim.o(.bss)
    huart4                                   0x200007ec   Data          72  usart.o(.bss)
    huart1                                   0x20000834   Data          72  usart.o(.bss)
    huart2                                   0x2000087c   Data          72  usart.o(.bss)
    huart3                                   0x200008c4   Data          72  usart.o(.bss)
    hdma_uart4_tx                            0x2000090c   Data          96  usart.o(.bss)
    hdma_usart1_tx                           0x2000096c   Data          96  usart.o(.bss)
    hdma_usart2_tx                           0x200009cc   Data          96  usart.o(.bss)
    hdma_usart3_rx                           0x20000a2c   Data          96  usart.o(.bss)
    htim7                                    0x20000a8c   Data          72  stm32f4xx_hal_timebase_tim.o(.bss)
    xQueueRegistry                           0x20000ad4   Data          64  queue.o(.bss)
    OLED_GRAM                                0x2000dfbc   Data        1024  bsp_oled.o(.bss)
    axis_9Val                                0x2000e4fc   Data          36  bsp_icm20948.o(.bss)
    axis_9ValOri                             0x2000e520   Data          36  bsp_icm20948.o(.bss)
    AttitudeVal                              0x2000e544   Data          12  bsp_icm20948.o(.bss)
    RobotHardWareParam                       0x2000e5d4   Data          16  robot_select_init.o(.bss)
    hhcd_USB_OTG_FS                          0x2000e634   Data         992  usbh_conf.o(.bss)
    __initial_sp                             0x2000ee18   Data           0  startup_stm32f407xx.o(STACK)



==============================================================================

Memory Map of the image

  Image Entry point : 0x08000189

  Load Region LR_IROM1 (Base: 0x08000000, Size: 0x0000e7c8, Max: 0x00080000, ABSOLUTE, COMPRESSED[0x0000e494])

    Execution Region ER_IROM1 (Exec base: 0x08000000, Load base: 0x08000000, Size: 0x0000e2cc, Max: 0x00080000, ABSOLUTE)

    Exec Addr    Load Addr    Size         Type   Attr      Idx    E Section Name        Object

    0x08000000   0x08000000   0x00000188   Data   RO            3    RESET               startup_stm32f407xx.o
    0x08000188   0x08000188   0x00000000   Code   RO         9447  * .ARM.Collect$$$$00000000  mc_w.l(entry.o)
    0x08000188   0x08000188   0x00000004   Code   RO         9851    .ARM.Collect$$$$00000001  mc_w.l(entry2.o)
    0x0800018c   0x0800018c   0x00000004   Code   RO         9854    .ARM.Collect$$$$00000004  mc_w.l(entry5.o)
    0x08000190   0x08000190   0x00000000   Code   RO         9856    .ARM.Collect$$$$00000008  mc_w.l(entry7b.o)
    0x08000190   0x08000190   0x00000000   Code   RO         9858    .ARM.Collect$$$$0000000A  mc_w.l(entry8b.o)
    0x08000190   0x08000190   0x00000008   Code   RO         9859    .ARM.Collect$$$$0000000B  mc_w.l(entry9a.o)
    0x08000198   0x08000198   0x00000004   Code   RO         9866    .ARM.Collect$$$$0000000E  mc_w.l(entry12b.o)
    0x0800019c   0x0800019c   0x00000000   Code   RO         9861    .ARM.Collect$$$$0000000F  mc_w.l(entry10a.o)
    0x0800019c   0x0800019c   0x00000000   Code   RO         9863    .ARM.Collect$$$$00000011  mc_w.l(entry11a.o)
    0x0800019c   0x0800019c   0x00000004   Code   RO         9852    .ARM.Collect$$$$00002712  mc_w.l(entry2.o)
    0x080001a0   0x080001a0   0x000000be   Code   RO         6099    .emb_text           port.o
    0x0800025e   0x0800025e   0x00000002   PAD
    0x08000260   0x08000260   0x00000024   Code   RO            4    .text               startup_stm32f407xx.o
    0x08000284   0x08000284   0x00000062   Code   RO         9450    .text               mc_w.l(uldiv.o)
    0x080002e6   0x080002e6   0x00000024   Code   RO         9452    .text               mc_w.l(memcpya.o)
    0x0800030a   0x0800030a   0x00000024   Code   RO         9456    .text               mc_w.l(memseta.o)
    0x0800032e   0x0800032e   0x0000014e   Code   RO         9755    .text               mf_w.l(dadd.o)
    0x0800047c   0x0800047c   0x000000e4   Code   RO         9757    .text               mf_w.l(dmul.o)
    0x08000560   0x08000560   0x00000022   Code   RO         9759    .text               mf_w.l(dflti.o)
    0x08000582   0x08000582   0x00000032   Code   RO         9761    .text               mf_w.l(dfixui.o)
    0x080005b4   0x080005b4   0x00000026   Code   RO         9763    .text               mf_w.l(f2d.o)
    0x080005da   0x080005da   0x00000038   Code   RO         9765    .text               mf_w.l(d2f.o)
    0x08000612   0x08000612   0x0000002c   Code   RO         9868    .text               mc_w.l(uidiv.o)
    0x0800063e   0x0800063e   0x0000001e   Code   RO         9870    .text               mc_w.l(llshl.o)
    0x0800065c   0x0800065c   0x00000020   Code   RO         9872    .text               mc_w.l(llushr.o)
    0x0800067c   0x0800067c   0x00000024   Code   RO         9874    .text               mc_w.l(llsshr.o)
    0x080006a0   0x080006a0   0x00000000   Code   RO         9885    .text               mc_w.l(iusefp.o)
    0x080006a0   0x080006a0   0x0000006e   Code   RO         9886    .text               mf_w.l(fepilogue.o)
    0x0800070e   0x0800070e   0x000000ba   Code   RO         9888    .text               mf_w.l(depilogue.o)
    0x080007c8   0x080007c8   0x000000de   Code   RO         9890    .text               mf_w.l(ddiv.o)
    0x080008a6   0x080008a6   0x00000086   Code   RO         9898    .text               mf_w.l(drem.o)
    0x0800092c   0x0800092c   0x00000030   Code   RO         9900    .text               mf_w.l(dfixul.o)
    0x0800095c   0x0800095c   0x00000030   Code   RO         9902    .text               mf_w.l(cdcmple.o)
    0x0800098c   0x0800098c   0x00000030   Code   RO         9904    .text               mf_w.l(cdrcmple.o)
    0x080009bc   0x080009bc   0x00000024   Code   RO         9906    .text               mc_w.l(init.o)
    0x080009e0   0x080009e0   0x000000a2   Code   RO         9908    .text               mf_w.l(dsqrt.o)
    0x08000a82   0x08000a82   0x0000001a   Code   RO         9910    .text               mf_w.l(dfltui.o)
    0x08000a9c   0x08000a9c   0x0000003e   Code   RO         9912    .text               mf_w.l(dfixi.o)
    0x08000ada   0x08000ada   0x00000056   Code   RO         9922    .text               mc_w.l(__dczerorl2.o)
    0x08000b30   0x08000b30   0x0000006e   Code   RO         3484    i.ADC_DMAConvCplt   stm32f4xx_hal_adc.o
    0x08000b9e   0x08000b9e   0x00000016   Code   RO         3485    i.ADC_DMAError      stm32f4xx_hal_adc.o
    0x08000bb4   0x08000bb4   0x0000000a   Code   RO         3486    i.ADC_DMAHalfConvCplt  stm32f4xx_hal_adc.o
    0x08000bbe   0x08000bbe   0x00000002   PAD
    0x08000bc0   0x08000bc0   0x00000128   Code   RO         3487    i.ADC_Init          stm32f4xx_hal_adc.o
    0x08000ce8   0x08000ce8   0x00000014   Code   RO         6595    i.ADC_Userconfig_Init  bsp_adc.o
    0x08000cfc   0x08000cfc   0x00000002   Code   RO          657    i.BusFault_Handler  stm32f4xx_it.o
    0x08000cfe   0x08000cfe   0x00000002   PAD
    0x08000d00   0x08000d00   0x0000000c   Code   RO          658    i.CAN1_RX0_IRQHandler  stm32f4xx_it.o
    0x08000d0c   0x08000d0c   0x0000000c   Code   RO          659    i.CAN2_RX1_IRQHandler  stm32f4xx_it.o
    0x08000d18   0x08000d18   0x00000018   Code   RO         7289    i.Calculate_BCC     serialcontrol_task.o
    0x08000d30   0x08000d30   0x0000000c   Code   RO          660    i.DMA1_Stream1_IRQHandler  stm32f4xx_it.o
    0x08000d3c   0x08000d3c   0x0000000c   Code   RO          661    i.DMA1_Stream4_IRQHandler  stm32f4xx_it.o
    0x08000d48   0x08000d48   0x0000000c   Code   RO          662    i.DMA1_Stream6_IRQHandler  stm32f4xx_it.o
    0x08000d54   0x08000d54   0x0000000c   Code   RO          663    i.DMA2_Stream0_IRQHandler  stm32f4xx_it.o
    0x08000d60   0x08000d60   0x0000000c   Code   RO          664    i.DMA2_Stream7_IRQHandler  stm32f4xx_it.o
    0x08000d6c   0x08000d6c   0x00000028   Code   RO         2805    i.DMA_CalcBaseAndBitshift  stm32f4xx_hal_dma.o
    0x08000d94   0x08000d94   0x00000054   Code   RO         2806    i.DMA_CheckFifoParam  stm32f4xx_hal_dma.o
    0x08000de8   0x08000de8   0x00000028   Code   RO         2807    i.DMA_SetConfig     stm32f4xx_hal_dma.o
    0x08000e10   0x08000e10   0x0000000c   Code   RO         6275    i.DWT_GetTick       bsp_dwt.o
    0x08000e1c   0x08000e1c   0x00000028   Code   RO         6276    i.DWT_Init          bsp_dwt.o
    0x08000e44   0x08000e44   0x00000002   Code   RO          665    i.DebugMon_Handler  stm32f4xx_it.o
    0x08000e46   0x08000e46   0x00000004   Code   RO           13    i.Error_Handler     main.o
    0x08000e4a   0x08000e4a   0x00000002   PAD
    0x08000e4c   0x08000e4c   0x0000014c   Code   RO         3489    i.HAL_ADC_ConfigChannel  stm32f4xx_hal_adc.o
    0x08000f98   0x08000f98   0x00000002   Code   RO         3490    i.HAL_ADC_ConvCpltCallback  stm32f4xx_hal_adc.o
    0x08000f9a   0x08000f9a   0x00000002   Code   RO         3491    i.HAL_ADC_ConvHalfCpltCallback  stm32f4xx_hal_adc.o
    0x08000f9c   0x08000f9c   0x00000002   Code   RO         3493    i.HAL_ADC_ErrorCallback  stm32f4xx_hal_adc.o
    0x08000f9e   0x08000f9e   0x00000054   Code   RO         3498    i.HAL_ADC_Init      stm32f4xx_hal_adc.o
    0x08000ff2   0x08000ff2   0x00000002   PAD
    0x08000ff4   0x08000ff4   0x00000098   Code   RO          399    i.HAL_ADC_MspInit   adc.o
    0x0800108c   0x0800108c   0x00000154   Code   RO         3505    i.HAL_ADC_Start_DMA  stm32f4xx_hal_adc.o
    0x080011e0   0x080011e0   0x00000002   Code   RO         3768    i.HAL_CAN_ErrorCallback  stm32f4xx_hal_can.o
    0x080011e2   0x080011e2   0x000000f4   Code   RO         3771    i.HAL_CAN_GetRxMessage  stm32f4xx_hal_can.o
    0x080012d6   0x080012d6   0x000001fc   Code   RO         3775    i.HAL_CAN_IRQHandler  stm32f4xx_hal_can.o
    0x080014d2   0x080014d2   0x0000011a   Code   RO         3776    i.HAL_CAN_Init      stm32f4xx_hal_can.o
    0x080015ec   0x080015ec   0x000000fc   Code   RO          441    i.HAL_CAN_MspInit   can.o
    0x080016e8   0x080016e8   0x00000002   Code   RO         3783    i.HAL_CAN_RxFifo0FullCallback  stm32f4xx_hal_can.o
    0x080016ea   0x080016ea   0x00000002   PAD
    0x080016ec   0x080016ec   0x00000060   Code   RO         7755    i.HAL_CAN_RxFifo0MsgPendingCallback  can_callback.o
    0x0800174c   0x0800174c   0x00000002   Code   RO         3785    i.HAL_CAN_RxFifo1FullCallback  stm32f4xx_hal_can.o
    0x0800174e   0x0800174e   0x00000018   Code   RO         7756    i.HAL_CAN_RxFifo1MsgPendingCallback  can_callback.o
    0x08001766   0x08001766   0x00000002   Code   RO         3787    i.HAL_CAN_SleepCallback  stm32f4xx_hal_can.o
    0x08001768   0x08001768   0x00000002   Code   RO         3790    i.HAL_CAN_TxMailbox0AbortCallback  stm32f4xx_hal_can.o
    0x0800176a   0x0800176a   0x00000002   Code   RO         3791    i.HAL_CAN_TxMailbox0CompleteCallback  stm32f4xx_hal_can.o
    0x0800176c   0x0800176c   0x00000002   Code   RO         3792    i.HAL_CAN_TxMailbox1AbortCallback  stm32f4xx_hal_can.o
    0x0800176e   0x0800176e   0x00000002   Code   RO         3793    i.HAL_CAN_TxMailbox1CompleteCallback  stm32f4xx_hal_can.o
    0x08001770   0x08001770   0x00000002   Code   RO         3794    i.HAL_CAN_TxMailbox2AbortCallback  stm32f4xx_hal_can.o
    0x08001772   0x08001772   0x00000002   Code   RO         3795    i.HAL_CAN_TxMailbox2CompleteCallback  stm32f4xx_hal_can.o
    0x08001774   0x08001774   0x00000002   Code   RO         3797    i.HAL_CAN_WakeUpFromRxMsgCallback  stm32f4xx_hal_can.o
    0x08001776   0x08001776   0x00000092   Code   RO         2808    i.HAL_DMA_Abort     stm32f4xx_hal_dma.o
    0x08001808   0x08001808   0x00000024   Code   RO         2809    i.HAL_DMA_Abort_IT  stm32f4xx_hal_dma.o
    0x0800182c   0x0800182c   0x000001a0   Code   RO         2813    i.HAL_DMA_IRQHandler  stm32f4xx_hal_dma.o
    0x080019cc   0x080019cc   0x000000d4   Code   RO         2814    i.HAL_DMA_Init      stm32f4xx_hal_dma.o
    0x08001aa0   0x08001aa0   0x0000006e   Code   RO         2818    i.HAL_DMA_Start_IT  stm32f4xx_hal_dma.o
    0x08001b0e   0x08001b0e   0x00000002   PAD
    0x08001b10   0x08001b10   0x00000024   Code   RO         3233    i.HAL_Delay         stm32f4xx_hal.o
    0x08001b34   0x08001b34   0x00000168   Code   RO         2698    i.HAL_GPIO_DeInit   stm32f4xx_hal_gpio.o
    0x08001c9c   0x08001c9c   0x000001f0   Code   RO         2701    i.HAL_GPIO_Init     stm32f4xx_hal_gpio.o
    0x08001e8c   0x08001e8c   0x0000000a   Code   RO         2703    i.HAL_GPIO_ReadPin  stm32f4xx_hal_gpio.o
    0x08001e96   0x08001e96   0x00000010   Code   RO         2704    i.HAL_GPIO_TogglePin  stm32f4xx_hal_gpio.o
    0x08001ea6   0x08001ea6   0x0000000a   Code   RO         2705    i.HAL_GPIO_WritePin  stm32f4xx_hal_gpio.o
    0x08001eb0   0x08001eb0   0x0000000c   Code   RO         3239    i.HAL_GetTick       stm32f4xx_hal.o
    0x08001ebc   0x08001ebc   0x00000008   Code   RO         8567    i.HAL_HCD_Connect_Callback  usbh_conf.o
    0x08001ec4   0x08001ec4   0x00000008   Code   RO         8568    i.HAL_HCD_Disconnect_Callback  usbh_conf.o
    0x08001ecc   0x08001ecc   0x00000008   Code   RO         8569    i.HAL_HCD_HC_NotifyURBChange_Callback  usbh_conf.o
    0x08001ed4   0x08001ed4   0x00000142   Code   RO         1862    i.HAL_HCD_IRQHandler  stm32f4xx_hal_hcd.o
    0x08002016   0x08002016   0x00000008   Code   RO         8572    i.HAL_HCD_PortDisabled_Callback  usbh_conf.o
    0x0800201e   0x0800201e   0x00000008   Code   RO         8573    i.HAL_HCD_PortEnabled_Callback  usbh_conf.o
    0x08002026   0x08002026   0x00000008   Code   RO         8574    i.HAL_HCD_SOF_Callback  usbh_conf.o
    0x0800202e   0x0800202e   0x00000024   Code   RO         1871    i.HAL_HCD_Stop      stm32f4xx_hal_hcd.o
    0x08002052   0x08002052   0x00000002   PAD
    0x08002054   0x08002054   0x00000010   Code   RO         3245    i.HAL_IncTick       stm32f4xx_hal.o
    0x08002064   0x08002064   0x00000034   Code   RO         3246    i.HAL_Init          stm32f4xx_hal.o
    0x08002098   0x08002098   0x00000098   Code   RO          835    i.HAL_InitTick      stm32f4xx_hal_timebase_tim.o
    0x08002130   0x08002130   0x00000038   Code   RO          811    i.HAL_MspInit       stm32f4xx_hal_msp.o
    0x08002168   0x08002168   0x0000001a   Code   RO         3091    i.HAL_NVIC_EnableIRQ  stm32f4xx_hal_cortex.o
    0x08002182   0x08002182   0x00000002   PAD
    0x08002184   0x08002184   0x00000040   Code   RO         3097    i.HAL_NVIC_SetPriority  stm32f4xx_hal_cortex.o
    0x080021c4   0x080021c4   0x00000024   Code   RO         3098    i.HAL_NVIC_SetPriorityGrouping  stm32f4xx_hal_cortex.o
    0x080021e8   0x080021e8   0x00000134   Code   RO         2347    i.HAL_RCC_ClockConfig  stm32f4xx_hal_rcc.o
    0x0800231c   0x0800231c   0x00000040   Code   RO         2351    i.HAL_RCC_GetClockConfig  stm32f4xx_hal_rcc.o
    0x0800235c   0x0800235c   0x00000020   Code   RO         2354    i.HAL_RCC_GetPCLK1Freq  stm32f4xx_hal_rcc.o
    0x0800237c   0x0800237c   0x00000020   Code   RO         2355    i.HAL_RCC_GetPCLK2Freq  stm32f4xx_hal_rcc.o
    0x0800239c   0x0800239c   0x00000060   Code   RO         2356    i.HAL_RCC_GetSysClockFreq  stm32f4xx_hal_rcc.o
    0x080023fc   0x080023fc   0x0000036c   Code   RO         2359    i.HAL_RCC_OscConfig  stm32f4xx_hal_rcc.o
    0x08002768   0x08002768   0x00000002   Code   RO         1580    i.HAL_TIMEx_BreakCallback  stm32f4xx_hal_tim_ex.o
    0x0800276a   0x0800276a   0x00000002   Code   RO         1581    i.HAL_TIMEx_CommutCallback  stm32f4xx_hal_tim_ex.o
    0x0800276c   0x0800276c   0x00000054   Code   RO         1583    i.HAL_TIMEx_ConfigBreakDeadTime  stm32f4xx_hal_tim_ex.o
    0x080027c0   0x080027c0   0x00000090   Code   RO         1599    i.HAL_TIMEx_MasterConfigSynchronization  stm32f4xx_hal_tim_ex.o
    0x08002850   0x08002850   0x0000005a   Code   RO          876    i.HAL_TIM_Base_Init  stm32f4xx_hal_tim.o
    0x080028aa   0x080028aa   0x00000002   PAD
    0x080028ac   0x080028ac   0x000001cc   Code   RO          514    i.HAL_TIM_Base_MspInit  tim.o
    0x08002a78   0x08002a78   0x00000078   Code   RO          879    i.HAL_TIM_Base_Start  stm32f4xx_hal_tim.o
    0x08002af0   0x08002af0   0x00000080   Code   RO          881    i.HAL_TIM_Base_Start_IT  stm32f4xx_hal_tim.o
    0x08002b70   0x08002b70   0x000000dc   Code   RO          885    i.HAL_TIM_ConfigClockSource  stm32f4xx_hal_tim.o
    0x08002c4c   0x08002c4c   0x00000024   Code   RO         7726    i.HAL_TIM_IC_CaptureCallback  tim_capture_callback.o
    0x08002c70   0x08002c70   0x00000124   Code   RO          912    i.HAL_TIM_IC_ConfigChannel  stm32f4xx_hal_tim.o
    0x08002d94   0x08002d94   0x0000005a   Code   RO          915    i.HAL_TIM_IC_Init   stm32f4xx_hal_tim.o
    0x08002dee   0x08002dee   0x00000002   Code   RO          917    i.HAL_TIM_IC_MspInit  stm32f4xx_hal_tim.o
    0x08002df0   0x08002df0   0x0000010c   Code   RO          920    i.HAL_TIM_IC_Start_IT  stm32f4xx_hal_tim.o
    0x08002efc   0x08002efc   0x00000130   Code   RO          924    i.HAL_TIM_IRQHandler  stm32f4xx_hal_tim.o
    0x0800302c   0x0800302c   0x000000b4   Code   RO          515    i.HAL_TIM_MspPostInit  tim.o
    0x080030e0   0x080030e0   0x00000002   Code   RO          927    i.HAL_TIM_OC_DelayElapsedCallback  stm32f4xx_hal_tim.o
    0x080030e2   0x080030e2   0x000000cc   Code   RO          948    i.HAL_TIM_PWM_ConfigChannel  stm32f4xx_hal_tim.o
    0x080031ae   0x080031ae   0x0000005a   Code   RO          951    i.HAL_TIM_PWM_Init  stm32f4xx_hal_tim.o
    0x08003208   0x08003208   0x00000002   Code   RO          953    i.HAL_TIM_PWM_MspInit  stm32f4xx_hal_tim.o
    0x0800320a   0x0800320a   0x00000002   Code   RO          954    i.HAL_TIM_PWM_PulseFinishedCallback  stm32f4xx_hal_tim.o
    0x0800320c   0x0800320c   0x000000c8   Code   RO          956    i.HAL_TIM_PWM_Start  stm32f4xx_hal_tim.o
    0x080032d4   0x080032d4   0x00000014   Code   RO           14    i.HAL_TIM_PeriodElapsedCallback  main.o
    0x080032e8   0x080032e8   0x0000002a   Code   RO          964    i.HAL_TIM_ReadCapturedValue  stm32f4xx_hal_tim.o
    0x08003312   0x08003312   0x00000002   Code   RO          967    i.HAL_TIM_TriggerCallback  stm32f4xx_hal_tim.o
    0x08003314   0x08003314   0x00000002   Code   RO         4008    i.HAL_UARTEx_RxEventCallback  stm32f4xx_hal_uart.o
    0x08003316   0x08003316   0x00000002   Code   RO         4022    i.HAL_UART_ErrorCallback  stm32f4xx_hal_uart.o
    0x08003318   0x08003318   0x00000270   Code   RO         4025    i.HAL_UART_IRQHandler  stm32f4xx_hal_uart.o
    0x08003588   0x08003588   0x00000064   Code   RO         4026    i.HAL_UART_Init     stm32f4xx_hal_uart.o
    0x080035ec   0x080035ec   0x00000290   Code   RO          598    i.HAL_UART_MspInit  usart.o
    0x0800387c   0x0800387c   0x0000001c   Code   RO         4031    i.HAL_UART_Receive_IT  stm32f4xx_hal_uart.o
    0x08003898   0x08003898   0x000000a4   Code   RO         7791    i.HAL_UART_RxCpltCallback  uart_callback.o
    0x0800393c   0x0800393c   0x000000a0   Code   RO         4034    i.HAL_UART_Transmit  stm32f4xx_hal_uart.o
    0x080039dc   0x080039dc   0x00000078   Code   RO         4035    i.HAL_UART_Transmit_DMA  stm32f4xx_hal_uart.o
    0x08003a54   0x08003a54   0x00000002   Code   RO         4037    i.HAL_UART_TxCpltCallback  stm32f4xx_hal_uart.o
    0x08003a56   0x08003a56   0x00000002   Code   RO         4038    i.HAL_UART_TxHalfCpltCallback  stm32f4xx_hal_uart.o
    0x08003a58   0x08003a58   0x0000037c   Code   RO         1873    i.HCD_HC_IN_IRQHandler  stm32f4xx_hal_hcd.o
    0x08003dd4   0x08003dd4   0x000002e2   Code   RO         1874    i.HCD_HC_OUT_IRQHandler  stm32f4xx_hal_hcd.o
    0x080040b6   0x080040b6   0x00000094   Code   RO         1875    i.HCD_Port_IRQHandler  stm32f4xx_hal_hcd.o
    0x0800414a   0x0800414a   0x00000086   Code   RO         1876    i.HCD_RXQLVL_IRQHandler  stm32f4xx_hal_hcd.o
    0x080041d0   0x080041d0   0x00000180   Code   RO         6802    i.HSVtoRGB          bsp_rgblight.o
    0x08004350   0x08004350   0x00000002   Code   RO          666    i.HardFault_Handler  stm32f4xx_it.o
    0x08004352   0x08004352   0x00000002   PAD
    0x08004354   0x08004354   0x00000068   Code   RO         6728    i.ICM20948_DeInit   bsp_icm20948.o
    0x080043bc   0x080043bc   0x00000194   Code   RO         6729    i.ICM20948_Init     bsp_icm20948.o
    0x08004550   0x08004550   0x0000005e   Code   RO         6627    i.IIC_Master_Receive  bsp_siic.o
    0x080045ae   0x080045ae   0x00000058   Code   RO         6628    i.IIC_Master_Transmit  bsp_siic.o
    0x08004606   0x08004606   0x00000084   Code   RO         6629    i.IIC_Mem_Read      bsp_siic.o
    0x0800468a   0x0800468a   0x00000066   Code   RO         6630    i.IIC_Mem_Write     bsp_siic.o
    0x080046f0   0x080046f0   0x00000118   Code   RO         7316    i.ImuTask           imu_task.o
    0x08004808   0x08004808   0x00000204   Code   RO         6730    i.ImuUpdate         bsp_icm20948.o
    0x08004a0c   0x08004a0c   0x0000007c   Code   RO          400    i.MX_ADC1_Init      adc.o
    0x08004a88   0x08004a88   0x00000044   Code   RO          442    i.MX_CAN1_Init      can.o
    0x08004acc   0x08004acc   0x00000044   Code   RO          443    i.MX_CAN2_Init      can.o
    0x08004b10   0x08004b10   0x0000007c   Code   RO          489    i.MX_DMA_Init       dma.o
    0x08004b8c   0x08004b8c   0x00000140   Code   RO          302    i.MX_FREERTOS_Init  freertos.o
    0x08004ccc   0x08004ccc   0x0000019c   Code   RO          278    i.MX_GPIO_Init      gpio.o
    0x08004e68   0x08004e68   0x00000068   Code   RO          516    i.MX_TIM11_Init     tim.o
    0x08004ed0   0x08004ed0   0x000000a4   Code   RO          517    i.MX_TIM2_Init      tim.o
    0x08004f74   0x08004f74   0x000000c4   Code   RO          518    i.MX_TIM3_Init      tim.o
    0x08005038   0x08005038   0x000000c4   Code   RO          519    i.MX_TIM4_Init      tim.o
    0x080050fc   0x080050fc   0x00000048   Code   RO          520    i.MX_TIM6_Init      tim.o
    0x08005144   0x08005144   0x000000d8   Code   RO          521    i.MX_TIM8_Init      tim.o
    0x0800521c   0x0800521c   0x00000094   Code   RO          522    i.MX_TIM9_Init      tim.o
    0x080052b0   0x080052b0   0x00000038   Code   RO          599    i.MX_UART4_Init     usart.o
    0x080052e8   0x080052e8   0x00000038   Code   RO          600    i.MX_USART1_UART_Init  usart.o
    0x08005320   0x08005320   0x00000038   Code   RO          601    i.MX_USART2_UART_Init  usart.o
    0x08005358   0x08005358   0x00000038   Code   RO          602    i.MX_USART3_UART_Init  usart.o
    0x08005390   0x08005390   0x00000002   Code   RO          667    i.MemManage_Handler  stm32f4xx_it.o
    0x08005392   0x08005392   0x00000002   Code   RO          668    i.NMI_Handler       stm32f4xx_it.o
    0x08005394   0x08005394   0x0000002c   Code   RO         6311    i.OLED_Clear        bsp_oled.o
    0x080053c0   0x080053c0   0x0000003c   Code   RO         6312    i.OLED_DrawPoint    bsp_oled.o
    0x080053fc   0x080053fc   0x000000f8   Code   RO         6313    i.OLED_Init         bsp_oled.o
    0x080054f4   0x080054f4   0x0000004c   Code   RO         6314    i.OLED_Refresh_Gram  bsp_oled.o
    0x08005540   0x08005540   0x00000090   Code   RO         6315    i.OLED_ShowChar     bsp_oled.o
    0x080055d0   0x080055d0   0x00000080   Code   RO         6316    i.OLED_ShowNumber   bsp_oled.o
    0x08005650   0x08005650   0x0000003c   Code   RO         6317    i.OLED_ShowShortNum  bsp_oled.o
    0x0800568c   0x0800568c   0x0000003e   Code   RO         6318    i.OLED_ShowString   bsp_oled.o
    0x080056ca   0x080056ca   0x00000002   PAD
    0x080056cc   0x080056cc   0x00000070   Code   RO         6319    i.OLED_WR_Byte      bsp_oled.o
    0x0800573c   0x0800573c   0x0000000c   Code   RO          669    i.OTG_FS_IRQHandler  stm32f4xx_it.o
    0x08005748   0x08005748   0x0000002c   Code   RO         6731    i.Q_rsqrt           bsp_icm20948.o
    0x08005774   0x08005774   0x000000c0   Code   RO         7638    i.RGBControl_task   rgbstripcontrol_task.o
    0x08005834   0x08005834   0x0000005c   Code   RO         6803    i.RGBLight_Init     bsp_rgblight.o
    0x08005890   0x08005890   0x0000009c   Code   RO         6804    i.RGB_BlinkTask     bsp_rgblight.o
    0x0800592c   0x0800592c   0x00000130   Code   RO         6805    i.RGB_BreathTask    bsp_rgblight.o
    0x08005a5c   0x08005a5c   0x000000b0   Code   RO         6806    i.RGB_ErrorTipsTask  bsp_rgblight.o
    0x08005b0c   0x08005b0c   0x00000098   Code   RO         6807    i.RGB_FadeTask      bsp_rgblight.o
    0x08005ba4   0x08005ba4   0x000000cc   Code   RO         7639    i.RGB_PriorityManagement  rgbstripcontrol_task.o
    0x08005c70   0x08005c70   0x000000f4   Code   RO         6808    i.RGB_RainbowTask   bsp_rgblight.o
    0x08005d64   0x08005d64   0x00000054   Code   RO         6809    i.RGB_Set           bsp_rgblight.o
    0x08005db8   0x08005db8   0x00000084   Code   RO         6810    i.RGB_SetBlink      bsp_rgblight.o
    0x08005e3c   0x08005e3c   0x0000007c   Code   RO         6811    i.RGB_SetColorFade  bsp_rgblight.o
    0x08005eb8   0x08005eb8   0x00000030   Code   RO         6812    i.RGB_SetColorImmediate  bsp_rgblight.o
    0x08005ee8   0x08005ee8   0x00000058   Code   RO         6813    i.RGB_ShowError     bsp_rgblight.o
    0x08005f40   0x08005f40   0x00000078   Code   RO         6814    i.RGB_StartBreath   bsp_rgblight.o
    0x08005fb8   0x08005fb8   0x00000050   Code   RO         6815    i.RGB_StartRainbow  bsp_rgblight.o
    0x08006008   0x08006008   0x0000001c   Code   RO         6816    i.RGB_StopEffect    bsp_rgblight.o
    0x08006024   0x08006024   0x0000000e   Code   RO         6817    i.RGB_TurnOff       bsp_rgblight.o
    0x08006032   0x08006032   0x00000002   PAD
    0x08006034   0x08006034   0x00000024   Code   RO         7535    i.RangerSensor_CaptureCallBack  sensor_ranger.o
    0x08006058   0x08006058   0x00000088   Code   RO         7209    i.RobotControl_SetDebugLevel  robotcontrol_task.o
    0x080060e0   0x080060e0   0x00000378   Code   RO         7492    i.RobotDataTransmitTask  data_task.o
    0x08006458   0x08006458   0x00000038   Code   RO         7704    i.Robot_Select      robot_select_init.o
    0x08006490   0x08006490   0x000001cc   Code   RO         7290    i.SerialControlTask  serialcontrol_task.o
    0x0800665c   0x0800665c   0x00000078   Code   RO         7852    i.ServoBasic_GetOrinFeedback  servo_basic_control.o
    0x080066d4   0x080066d4   0x00000008   Code   RO         7853    i.ServoBasic_GetState  servo_basic_control.o
    0x080066dc   0x080066dc   0x0000006c   Code   RO         7854    i.ServoBasic_Init   servo_basic_control.o
    0x08006748   0x08006748   0x0000000c   Code   RO         7855    i.ServoBasic_IsRcEmergencyActive  servo_basic_control.o
    0x08006754   0x08006754   0x0000000c   Code   RO         7856    i.ServoBasic_IsRcOverrideActive  servo_basic_control.o
    0x08006760   0x08006760   0x00000020   Code   RO         7816    i.ServoBasic_OutputEscPulse  servo_basic_output.o
    0x08006780   0x08006780   0x00000020   Code   RO         7817    i.ServoBasic_OutputServoPulse  servo_basic_output.o
    0x080067a0   0x080067a0   0x000000b0   Code   RO         7859    i.ServoBasic_ProcessControl  servo_basic_control.o
    0x08006850   0x08006850   0x00000030   Code   RO         7860    i.ServoBasic_Task   servo_basic_control.o
    0x08006880   0x08006880   0x000000f0   Code   RO         7861    i.ServoBasic_UpdateFromOrin  servo_basic_control.o
    0x08006970   0x08006970   0x00000080   Code   RO         8161    i.ServoRC_Capture_Init  servo_rc_capture.o
    0x080069f0   0x080069f0   0x0000000c   Code   RO         8162    i.ServoRC_GetGuardPulse  servo_rc_capture.o
    0x080069fc   0x080069fc   0x0000000c   Code   RO         8164    i.ServoRC_GetSteeringPulse  servo_rc_capture.o
    0x08006a08   0x08006a08   0x0000000c   Code   RO         8165    i.ServoRC_GetThrottlePulse  servo_rc_capture.o
    0x08006a14   0x08006a14   0x00000144   Code   RO         8166    i.ServoRC_HandleChannel  servo_rc_capture.o
    0x08006b58   0x08006b58   0x0000000c   Code   RO         8167    i.ServoRC_HasGuardFault  servo_rc_capture.o
    0x08006b64   0x08006b64   0x0000000c   Code   RO         8168    i.ServoRC_HasSteeringFault  servo_rc_capture.o
    0x08006b70   0x08006b70   0x0000000c   Code   RO         8169    i.ServoRC_HasThrottleFault  servo_rc_capture.o
    0x08006b7c   0x08006b7c   0x00000040   Code   RO         8170    i.ServoRC_IC_CaptureCallback  servo_rc_capture.o
    0x08006bbc   0x08006bbc   0x00000020   Code   RO         8171    i.ServoRC_IsActive  servo_rc_capture.o
    0x08006bdc   0x08006bdc   0x0000000c   Code   RO         8172    i.ServoRC_IsGuardActive  servo_rc_capture.o
    0x08006be8   0x08006be8   0x0000000c   Code   RO         8174    i.ServoRC_IsSteeringActive  servo_rc_capture.o
    0x08006bf4   0x08006bf4   0x0000000c   Code   RO         8175    i.ServoRC_IsThrottleActive  servo_rc_capture.o
    0x08006c00   0x08006c00   0x0000001c   Code   RO          303    i.StartInitTask     freertos.o
    0x08006c1c   0x08006c1c   0x0000001a   Code   RO         5525    i.SysTick_Handler   cmsis_os2.o
    0x08006c36   0x08006c36   0x00000002   PAD
    0x08006c38   0x08006c38   0x00000094   Code   RO           15    i.SystemClock_Config  main.o
    0x08006ccc   0x08006ccc   0x00000010   Code   RO         4360    i.SystemInit        system_stm32f4xx.o
    0x08006cdc   0x08006cdc   0x0000000c   Code   RO          670    i.TIM2_IRQHandler   stm32f4xx_it.o
    0x08006ce8   0x08006ce8   0x0000000c   Code   RO          671    i.TIM3_IRQHandler   stm32f4xx_it.o
    0x08006cf4   0x08006cf4   0x0000000c   Code   RO          672    i.TIM4_IRQHandler   stm32f4xx_it.o
    0x08006d00   0x08006d00   0x0000000c   Code   RO          673    i.TIM7_IRQHandler   stm32f4xx_it.o
    0x08006d0c   0x08006d0c   0x000000d8   Code   RO          969    i.TIM_Base_SetConfig  stm32f4xx_hal_tim.o
    0x08006de4   0x08006de4   0x0000001a   Code   RO          970    i.TIM_CCxChannelCmd  stm32f4xx_hal_tim.o
    0x08006dfe   0x08006dfe   0x00000014   Code   RO          980    i.TIM_ETR_SetConfig  stm32f4xx_hal_tim.o
    0x08006e12   0x08006e12   0x00000010   Code   RO          981    i.TIM_ITRx_SetConfig  stm32f4xx_hal_tim.o
    0x08006e22   0x08006e22   0x00000002   PAD
    0x08006e24   0x08006e24   0x00000060   Code   RO          982    i.TIM_OC1_SetConfig  stm32f4xx_hal_tim.o
    0x08006e84   0x08006e84   0x0000006c   Code   RO          983    i.TIM_OC2_SetConfig  stm32f4xx_hal_tim.o
    0x08006ef0   0x08006ef0   0x00000068   Code   RO          984    i.TIM_OC3_SetConfig  stm32f4xx_hal_tim.o
    0x08006f58   0x08006f58   0x00000050   Code   RO          985    i.TIM_OC4_SetConfig  stm32f4xx_hal_tim.o
    0x08006fa8   0x08006fa8   0x00000022   Code   RO          987    i.TIM_TI1_ConfigInputStage  stm32f4xx_hal_tim.o
    0x08006fca   0x08006fca   0x00000002   PAD
    0x08006fcc   0x08006fcc   0x00000080   Code   RO          988    i.TIM_TI1_SetConfig  stm32f4xx_hal_tim.o
    0x0800704c   0x0800704c   0x00000024   Code   RO          989    i.TIM_TI2_ConfigInputStage  stm32f4xx_hal_tim.o
    0x08007070   0x08007070   0x00000036   Code   RO          990    i.TIM_TI2_SetConfig  stm32f4xx_hal_tim.o
    0x080070a6   0x080070a6   0x00000002   PAD
    0x080070a8   0x080070a8   0x0000000c   Code   RO          674    i.UART4_IRQHandler  stm32f4xx_it.o
    0x080070b4   0x080070b4   0x00000010   Code   RO         4039    i.UART_DMAAbortOnError  stm32f4xx_hal_uart.o
    0x080070c4   0x080070c4   0x0000004a   Code   RO         4040    i.UART_DMAError     stm32f4xx_hal_uart.o
    0x0800710e   0x0800710e   0x00000042   Code   RO         4045    i.UART_DMATransmitCplt  stm32f4xx_hal_uart.o
    0x08007150   0x08007150   0x0000000a   Code   RO         4047    i.UART_DMATxHalfCplt  stm32f4xx_hal_uart.o
    0x0800715a   0x0800715a   0x0000004e   Code   RO         4049    i.UART_EndRxTransfer  stm32f4xx_hal_uart.o
    0x080071a8   0x080071a8   0x0000001c   Code   RO         4050    i.UART_EndTxTransfer  stm32f4xx_hal_uart.o
    0x080071c4   0x080071c4   0x000000c2   Code   RO         4051    i.UART_Receive_IT   stm32f4xx_hal_uart.o
    0x08007286   0x08007286   0x00000002   PAD
    0x08007288   0x08007288   0x0000010c   Code   RO         4052    i.UART_SetConfig    stm32f4xx_hal_uart.o
    0x08007394   0x08007394   0x00000036   Code   RO         4054    i.UART_Start_Receive_IT  stm32f4xx_hal_uart.o
    0x080073ca   0x080073ca   0x00000072   Code   RO         4055    i.UART_WaitOnFlagUntilTimeout  stm32f4xx_hal_uart.o
    0x0800743c   0x0800743c   0x0000000c   Code   RO          675    i.USART1_IRQHandler  stm32f4xx_it.o
    0x08007448   0x08007448   0x0000000c   Code   RO          676    i.USART2_IRQHandler  stm32f4xx_it.o
    0x08007454   0x08007454   0x0000000c   Code   RO          677    i.USART3_IRQHandler  stm32f4xx_it.o
    0x08007460   0x08007460   0x00000018   Code   RO         9065    i.USBH_FreePipe     usbh_pipes.o
    0x08007478   0x08007478   0x00000018   Code   RO         8576    i.USBH_Get_USB_Status  usbh_conf.o
    0x08007490   0x08007490   0x0000002a   Code   RO         8746    i.USBH_LL_Connect   usbh_core.o
    0x080074ba   0x080074ba   0x00000042   Code   RO         8747    i.USBH_LL_Disconnect  usbh_core.o
    0x080074fc   0x080074fc   0x0000001e   Code   RO         8748    i.USBH_LL_IncTimer  usbh_core.o
    0x0800751a   0x0800751a   0x0000001e   Code   RO         8749    i.USBH_LL_NotifyURBChange  usbh_core.o
    0x08007538   0x08007538   0x00000008   Code   RO         8750    i.USBH_LL_PortDisabled  usbh_core.o
    0x08007540   0x08007540   0x00000020   Code   RO         8751    i.USBH_LL_PortEnabled  usbh_core.o
    0x08007560   0x08007560   0x00000012   Code   RO         8590    i.USBH_LL_Stop      usbh_conf.o
    0x08007572   0x08007572   0x00000038   Code   RO         2063    i.USB_FlushRxFifo   stm32f4xx_ll_usb.o
    0x080075aa   0x080075aa   0x0000003c   Code   RO         2064    i.USB_FlushTxFifo   stm32f4xx_ll_usb.o
    0x080075e6   0x080075e6   0x00000008   Code   RO         2068    i.USB_GetMode       stm32f4xx_ll_usb.o
    0x080075ee   0x080075ee   0x000000d4   Code   RO         2069    i.USB_HC_Halt       stm32f4xx_ll_usb.o
    0x080076c2   0x080076c2   0x00000008   Code   RO         2071    i.USB_HC_ReadInterrupt  stm32f4xx_ll_usb.o
    0x080076ca   0x080076ca   0x00000038   Code   RO         2074    i.USB_InitFSLSPClkSel  stm32f4xx_ll_usb.o
    0x08007702   0x08007702   0x00000010   Code   RO         2075    i.USB_ReadChInterrupts  stm32f4xx_ll_usb.o
    0x08007712   0x08007712   0x00000008   Code   RO         2080    i.USB_ReadInterrupts  stm32f4xx_ll_usb.o
    0x0800771a   0x0800771a   0x0000003e   Code   RO         2081    i.USB_ReadPacket    stm32f4xx_ll_usb.o
    0x08007758   0x08007758   0x0000008a   Code   RO         2088    i.USB_StopHost      stm32f4xx_ll_usb.o
    0x080077e2   0x080077e2   0x00000002   PAD
    0x080077e4   0x080077e4   0x00000030   Code   RO         6596    i.USER_ADC_Get_AdcBufValue  bsp_adc.o
    0x08007814   0x08007814   0x00000002   Code   RO          678    i.UsageFault_Handler  stm32f4xx_it.o
    0x08007816   0x08007816   0x00000002   PAD
    0x08007818   0x08007818   0x0000001c   Code   RO         6391    i.User_Flash_ReadParam  bsp_flash.o
    0x08007834   0x08007834   0x0000006c   Code   RO         7212    i._System_Reset_FromAPP_RTOS  robotcontrol_task.o
    0x080078a0   0x080078a0   0x00000020   Code   RO         9699    i.__0printf         mc_w.l(printfa.o)
    0x080078c0   0x080078c0   0x00000030   Code   RO         9804    i.__ARM_fpclassify  m_wm.l(fpclassify.o)
    0x080078f0   0x080078f0   0x00000026   Code   RO         9806    i.__ARM_fpclassifyf  m_wm.l(fpclassifyf.o)
    0x08007916   0x08007916   0x00000020   Code   RO         3104    i.__NVIC_SetPriority  stm32f4xx_hal_cortex.o
    0x08007936   0x08007936   0x00000002   PAD
    0x08007938   0x08007938   0x00000360   Code   RO         9343    i.__hardfp_asin     m_wm.l(asin.o)
    0x08007c98   0x08007c98   0x000002d8   Code   RO         9767    i.__hardfp_atan     m_wm.l(atan.o)
    0x08007f70   0x08007f70   0x00000200   Code   RO         9357    i.__hardfp_atan2    m_wm.l(atan2.o)
    0x08008170   0x08008170   0x000002ac   Code   RO         9369    i.__hardfp_atan2f   m_wm.l(atan2f.o)
    0x0800841c   0x0800841c   0x00000160   Code   RO         9381    i.__hardfp_atanf    m_wm.l(atanf.o)
    0x0800857c   0x0800857c   0x00000104   Code   RO         9393    i.__hardfp_fmod     m_wm.l(fmod.o)
    0x08008680   0x08008680   0x000000c8   Code   RO         9423    i.__hardfp_sin      m_wm.l(sin.o)
    0x08008748   0x08008748   0x0000017c   Code   RO         9435    i.__hardfp_tanf     m_wm.l(tanf.o)
    0x080088c4   0x080088c4   0x00000004   PAD
    0x080088c8   0x080088c8   0x00000438   Code   RO         9825    i.__ieee754_rem_pio2  m_wm.l(rred.o)
    0x08008d00   0x08008d00   0x00000170   Code   RO         9781    i.__kernel_cos      m_wm.l(cos_i.o)
    0x08008e70   0x08008e70   0x000000f8   Code   RO         9822    i.__kernel_poly     m_wm.l(poly.o)
    0x08008f68   0x08008f68   0x00000130   Code   RO         9833    i.__kernel_sin      m_wm.l(sin_i.o)
    0x08009098   0x08009098   0x00000014   Code   RO         9785    i.__mathlib_dbl_infnan  m_wm.l(dunder.o)
    0x080090ac   0x080090ac   0x00000014   Code   RO         9786    i.__mathlib_dbl_infnan2  m_wm.l(dunder.o)
    0x080090c0   0x080090c0   0x00000020   Code   RO         9787    i.__mathlib_dbl_invalid  m_wm.l(dunder.o)
    0x080090e0   0x080090e0   0x00000020   Code   RO         9790    i.__mathlib_dbl_underflow  m_wm.l(dunder.o)
    0x08009100   0x08009100   0x00000006   Code   RO         9809    i.__mathlib_flt_infnan  m_wm.l(funder.o)
    0x08009106   0x08009106   0x00000006   Code   RO         9810    i.__mathlib_flt_infnan2  m_wm.l(funder.o)
    0x0800910c   0x0800910c   0x00000010   Code   RO         9811    i.__mathlib_flt_invalid  m_wm.l(funder.o)
    0x0800911c   0x0800911c   0x00000010   Code   RO         9814    i.__mathlib_flt_underflow  m_wm.l(funder.o)
    0x0800912c   0x0800912c   0x00000154   Code   RO         9830    i.__mathlib_rredf2  m_wm.l(rredf.o)
    0x08009280   0x08009280   0x0000000e   Code   RO         9916    i.__scatterload_copy  mc_w.l(handlers.o)
    0x0800928e   0x0800928e   0x00000002   Code   RO         9917    i.__scatterload_null  mc_w.l(handlers.o)
    0x08009290   0x08009290   0x0000000e   Code   RO         9918    i.__scatterload_zeroinit  mc_w.l(handlers.o)
    0x0800929e   0x0800929e   0x00000002   PAD
    0x080092a0   0x080092a0   0x0000000c   Code   RO         9880    i.__set_errno       mc_w.l(errno.o)
    0x080092ac   0x080092ac   0x00000184   Code   RO         9706    i._fp_digits        mc_w.l(printfa.o)
    0x08009430   0x08009430   0x000006b4   Code   RO         9707    i._printf_core      mc_w.l(printfa.o)
    0x08009ae4   0x08009ae4   0x00000024   Code   RO         9708    i._printf_post_padding  mc_w.l(printfa.o)
    0x08009b08   0x08009b08   0x0000002e   Code   RO         9709    i._printf_pre_padding  mc_w.l(printfa.o)
    0x08009b36   0x08009b36   0x00000002   PAD
    0x08009b38   0x08009b38   0x00000010   Code   RO         7862    i.apply_esc_pulse   servo_basic_control.o
    0x08009b48   0x08009b48   0x00000010   Code   RO         7863    i.apply_servo_pulse  servo_basic_control.o
    0x08009b58   0x08009b58   0x00000010   Code   RO         9769    i.atan              m_wm.l(atan.o)
    0x08009b68   0x08009b68   0x00000330   Code   RO         6732    i.attitudeUpdate    bsp_icm20948.o
    0x08009e98   0x08009e98   0x0000003c   Code   RO         6223    i.buzzer_SetTask    bsp_buzzer.o
    0x08009ed4   0x08009ed4   0x00000002   Code   RO         6224    i.buzzer_init       bsp_buzzer.o
    0x08009ed6   0x08009ed6   0x00000002   PAD
    0x08009ed8   0x08009ed8   0x00000010   Code   RO         6225    i.buzzer_off        bsp_buzzer.o
    0x08009ee8   0x08009ee8   0x00000010   Code   RO         6226    i.buzzer_on         bsp_buzzer.o
    0x08009ef8   0x08009ef8   0x00000050   Code   RO         6227    i.buzzer_start_task  bsp_buzzer.o
    0x08009f48   0x08009f48   0x0000000c   Code   RO         6228    i.buzzer_toggle     bsp_buzzer.o
    0x08009f54   0x08009f54   0x00000012   Code   RO         7864    i.clamp_esc_pulse   servo_basic_control.o
    0x08009f66   0x08009f66   0x00000002   PAD
    0x08009f68   0x08009f68   0x00000058   Code   RO         7865    i.clamp_legacy_orin_vz  servo_basic_control.o
    0x08009fc0   0x08009fc0   0x00000012   Code   RO         7866    i.clamp_servo_pulse  servo_basic_control.o
    0x08009fd2   0x08009fd2   0x00000002   PAD
    0x08009fd4   0x08009fd4   0x0000000c   Code   RO          304    i.configureTimerForRunTimeStats  freertos.o
    0x08009fe0   0x08009fe0   0x00000044   Code   RO         6277    i.delay_ms          bsp_dwt.o
    0x0800a024   0x0800a024   0x0000007c   Code   RO         6278    i.delay_us          bsp_dwt.o
    0x0800a0a0   0x0800a0a0   0x00000018   Code   RO         9800    i.fabs              m_wm.l(fabs.o)
    0x0800a0b8   0x0800a0b8   0x00000054   Code   RO         7867    i.finalize_rc_channel_pulse  servo_basic_control.o
    0x0800a10c   0x0800a10c   0x0000001c   Code   RO           16    i.fputc             main.o
    0x0800a128   0x0800a128   0x00000030   Code   RO          305    i.getRunTimeCounterValue  freertos.o
    0x0800a158   0x0800a158   0x00000014   Code   RO         7868    i.get_orin_ackermann_max_steering_millirad  servo_basic_control.o
    0x0800a16c   0x0800a16c   0x00000014   Code   RO         7869    i.get_orin_ackermann_min_vx_mmps  servo_basic_control.o
    0x0800a180   0x0800a180   0x00000014   Code   RO         7870    i.get_orin_ackermann_wheelbase_mm  servo_basic_control.o
    0x0800a194   0x0800a194   0x0000001c   Code   RO         7871    i.get_orin_esc_center_pulse  servo_basic_control.o
    0x0800a1b0   0x0800a1b0   0x00000028   Code   RO         7872    i.get_orin_esc_forward_limit_pulse  servo_basic_control.o
    0x0800a1d8   0x0800a1d8   0x00000028   Code   RO         7873    i.get_orin_esc_forward_start_pulse  servo_basic_control.o
    0x0800a200   0x0800a200   0x00000028   Code   RO         7874    i.get_orin_esc_reverse_limit_pulse  servo_basic_control.o
    0x0800a228   0x0800a228   0x00000028   Code   RO         7875    i.get_orin_esc_reverse_start_pulse  servo_basic_control.o
    0x0800a250   0x0800a250   0x0000001c   Code   RO         7876    i.get_orin_servo_center_pulse  servo_basic_control.o
    0x0800a26c   0x0800a26c   0x00000014   Code   RO         7877    i.get_orin_vx_deadband_mmps  servo_basic_control.o
    0x0800a280   0x0800a280   0x0000001c   Code   RO         7878    i.get_orin_vx_forward_cap_mmps  servo_basic_control.o
    0x0800a29c   0x0800a29c   0x0000001c   Code   RO         7879    i.get_orin_vx_reverse_cap_mmps  servo_basic_control.o
    0x0800a2b8   0x0800a2b8   0x00000014   Code   RO         7880    i.get_rc_override_center_us  servo_basic_control.o
    0x0800a2cc   0x0800a2cc   0x00000014   Code   RO         8176    i.get_rc_valid_min_pulse_us  servo_rc_capture.o
    0x0800a2e0   0x0800a2e0   0x00000004   Code   RO         6631    i.iic_delayms       bsp_siic.o
    0x0800a2e4   0x0800a2e4   0x00000024   Code   RO         6818    i.lerp              bsp_rgblight.o
    0x0800a308   0x0800a308   0x00000030   Code   RO         7881    i.limit_esc_safe_pulse  servo_basic_control.o
    0x0800a338   0x0800a338   0x00000050   Code   RO         7882    i.limit_servo_safe_pulse  servo_basic_control.o
    0x0800a388   0x0800a388   0x00000254   Code   RO           19    i.main              main.o
    0x0800a5dc   0x0800a5dc   0x0000012c   Code   RO         6320    i.oled_showfloat    bsp_oled.o
    0x0800a708   0x0800a708   0x0000011c   Code   RO         7883    i.orin_map_vx_to_esc  servo_basic_control.o
    0x0800a824   0x0800a824   0x000000e8   Code   RO         7884    i.orin_map_vz_to_servo  servo_basic_control.o
    0x0800a90c   0x0800a90c   0x00000034   Code   RO         7885    i.orin_pwm_is_active  servo_basic_control.o
    0x0800a940   0x0800a940   0x00000024   Code   RO         5541    i.osKernelInitialize  cmsis_os2.o
    0x0800a964   0x0800a964   0x00000038   Code   RO         5544    i.osKernelStart     cmsis_os2.o
    0x0800a99c   0x0800a99c   0x00000068   Code   RO         5562    i.osMessageQueuePut  cmsis_os2.o
    0x0800aa04   0x0800aa04   0x0000008a   Code   RO         5586    i.osThreadNew       cmsis_os2.o
    0x0800aa8e   0x0800aa8e   0x00000002   PAD
    0x0800aa90   0x0800aa90   0x0000005c   Code   RO         4968    i.prvAddCurrentTaskToDelayedList  tasks.o
    0x0800aaec   0x0800aaec   0x000000d0   Code   RO         4969    i.prvAddNewTaskToReadyList  tasks.o
    0x0800abbc   0x0800abbc   0x00000058   Code   RO         5354    i.prvCheckForValidListAndQueue  timers.o
    0x0800ac14   0x0800ac14   0x00000026   Code   RO         4565    i.prvCopyDataFromQueue  queue.o
    0x0800ac3a   0x0800ac3a   0x0000006c   Code   RO         4566    i.prvCopyDataToQueue  queue.o
    0x0800aca6   0x0800aca6   0x00000034   Code   RO         4970    i.prvDeleteTCB      tasks.o
    0x0800acda   0x0800acda   0x00000002   PAD
    0x0800acdc   0x0800acdc   0x0000004c   Code   RO         6044    i.prvHeapInit       heap_4.o
    0x0800ad28   0x0800ad28   0x00000064   Code   RO         4971    i.prvIdleTask       tasks.o
    0x0800ad8c   0x0800ad8c   0x00000016   Code   RO         4567    i.prvInitialiseMutex  queue.o
    0x0800ada2   0x0800ada2   0x00000002   PAD
    0x0800ada4   0x0800ada4   0x00000022   Code   RO         4568    i.prvInitialiseNewQueue  queue.o
    0x0800adc6   0x0800adc6   0x00000002   PAD
    0x0800adc8   0x0800adc8   0x000000b2   Code   RO         4972    i.prvInitialiseNewTask  tasks.o
    0x0800ae7a   0x0800ae7a   0x00000002   PAD
    0x0800ae7c   0x0800ae7c   0x0000004c   Code   RO         6045    i.prvInsertBlockIntoFreeList  heap_4.o
    0x0800aec8   0x0800aec8   0x00000038   Code   RO         5356    i.prvInsertTimerInActiveList  timers.o
    0x0800af00   0x0800af00   0x0000001c   Code   RO         4569    i.prvIsQueueEmpty   queue.o
    0x0800af1c   0x0800af1c   0x000000fc   Code   RO         5357    i.prvProcessReceivedCommands  timers.o
    0x0800b018   0x0800b018   0x000000c0   Code   RO         5358    i.prvProcessTimerOrBlockTask  timers.o
    0x0800b0d8   0x0800b0d8   0x00000020   Code   RO         4974    i.prvResetNextTaskUnblockTime  tasks.o
    0x0800b0f8   0x0800b0f8   0x00000028   Code   RO         5359    i.prvSampleTimeNow  timers.o
    0x0800b120   0x0800b120   0x0000006c   Code   RO         5360    i.prvSwitchTimerLists  timers.o
    0x0800b18c   0x0800b18c   0x00000028   Code   RO         6100    i.prvTaskExitError  port.o
    0x0800b1b4   0x0800b1b4   0x00000024   Code   RO         5361    i.prvTimerTask      timers.o
    0x0800b1d8   0x0800b1d8   0x0000006a   Code   RO         4570    i.prvUnlockQueue    queue.o
    0x0800b242   0x0800b242   0x0000000c   Code   RO         7886    i.pulse_diff        servo_basic_control.o
    0x0800b24e   0x0800b24e   0x00000018   Code   RO         7887    i.pulse_is_inside_center  servo_basic_control.o
    0x0800b266   0x0800b266   0x0000001a   Code   RO         7888    i.pulse_is_outside_center  servo_basic_control.o
    0x0800b280   0x0800b280   0x000000e8   Code   RO         6046    i.pvPortMalloc      heap_4.o
    0x0800b368   0x0800b368   0x00000018   Code   RO         4978    i.pvTaskIncrementMutexHeldCount  tasks.o
    0x0800b380   0x0800b380   0x0000002c   Code   RO         6101    i.pxPortInitialiseStack  port.o
    0x0800b3ac   0x0800b3ac   0x00000014   Code   RO         8177    i.rc_capture_first_polarity  servo_rc_capture.o
    0x0800b3c0   0x0800b3c0   0x00000010   Code   RO         8178    i.rc_capture_second_polarity  servo_rc_capture.o
    0x0800b3d0   0x0800b3d0   0x0000005c   Code   RO         7889    i.rc_debounce_apply  servo_basic_control.o
    0x0800b42c   0x0800b42c   0x00000038   Code   RO         7890    i.rc_debounce_reset  servo_basic_control.o
    0x0800b464   0x0800b464   0x00000044   Code   RO         7891    i.rc_guard_input_is_active  servo_basic_control.o
    0x0800b4a8   0x0800b4a8   0x00000054   Code   RO         7892    i.rc_inputs_are_centered  servo_basic_control.o
    0x0800b4fc   0x0800b4fc   0x00000024   Code   RO         7893    i.rc_select_pulse   servo_basic_control.o
    0x0800b520   0x0800b520   0x00000008   Code   RO         6632    i.readPins          bsp_siic.o
    0x0800b528   0x0800b528   0x000000dc   Code   RO         7894    i.refresh_rc_inputs  servo_basic_control.o
    0x0800b604   0x0800b604   0x0000009e   Code   RO         6633    i.sIIC_ReadByte     bsp_siic.o
    0x0800b6a2   0x0800b6a2   0x0000004a   Code   RO         6634    i.sIIC_SendByte     bsp_siic.o
    0x0800b6ec   0x0800b6ec   0x00000038   Code   RO         6635    i.sIIC_Start        bsp_siic.o
    0x0800b724   0x0800b724   0x00000032   Code   RO         6636    i.sIIC_Stop         bsp_siic.o
    0x0800b756   0x0800b756   0x00000058   Code   RO         6637    i.sIIC_WaitAck      bsp_siic.o
    0x0800b7ae   0x0800b7ae   0x00000002   PAD
    0x0800b7b0   0x0800b7b0   0x00000080   Code   RO         7895    i.scale_and_limit_orin_vx  servo_basic_control.o
    0x0800b830   0x0800b830   0x00000058   Code   RO         7896    i.servo_basic_apply_debug_command  servo_basic_control.o
    0x0800b888   0x0800b888   0x00000028   Code   RO         6638    i.setInputMode      bsp_siic.o
    0x0800b8b0   0x0800b8b0   0x0000002a   Code   RO         6639    i.setOutputMode     bsp_siic.o
    0x0800b8da   0x0800b8da   0x00000002   PAD
    0x0800b8dc   0x0800b8dc   0x0000004c   Code   RO         6733    i.setZeroPoint_attitude  bsp_icm20948.o
    0x0800b928   0x0800b928   0x00000080   Code   RO         6734    i.setZeroPoint_axis  bsp_icm20948.o
    0x0800b9a8   0x0800b9a8   0x00000038   Code   RO         7897    i.set_rc_override_state  servo_basic_control.o
    0x0800b9e0   0x0800b9e0   0x00000010   Code   RO         7898    i.set_servo_target  servo_basic_control.o
    0x0800b9f0   0x0800b9f0   0x0000000a   Code   RO         6640    i.sethigh           bsp_siic.o
    0x0800b9fa   0x0800b9fa   0x0000000a   Code   RO         6641    i.setlow            bsp_siic.o
    0x0800ba04   0x0800ba04   0x00000170   Code   RO         7459    i.show_ackermann_status  show_task.o
    0x0800bb74   0x0800bb74   0x00000016   Code   RO         7460    i.show_task         show_task.o
    0x0800bb8a   0x0800bb8a   0x0000006e   Code   RO         9841    i.sqrt              m_wm.l(sqrt.o)
    0x0800bbf8   0x0800bbf8   0x00000048   Code   RO         7818    i.start_pwm_once    servo_basic_output.o
    0x0800bc40   0x0800bc40   0x0000008c   Code   RO         7899    i.telemetry_estimate_steering_rad_from_servo_pulse  servo_basic_control.o
    0x0800bccc   0x0800bccc   0x00000120   Code   RO         7900    i.telemetry_estimate_vx_from_esc_pulse  servo_basic_control.o
    0x0800bdec   0x0800bdec   0x00000080   Code   RO         7901    i.telemetry_estimate_vz_from_pwm  servo_basic_control.o
    0x0800be6c   0x0800be6c   0x00000058   Code   RO         7902    i.telemetry_pwm_feedback_is_valid  servo_basic_control.o
    0x0800bec4   0x0800bec4   0x00000130   Code   RO         7903    i.update_control_mode_from_rc  servo_basic_control.o
    0x0800bff4   0x0800bff4   0x0000010c   Code   RO         7904    i.update_rc_channel_state  servo_basic_control.o
    0x0800c100   0x0800c100   0x00000026   Code   RO         4525    i.uxListRemove      list.o
    0x0800c126   0x0800c126   0x00000002   PAD
    0x0800c128   0x0800c128   0x00000014   Code   RO         5598    i.vApplicationGetIdleTaskMemory  cmsis_os2.o
    0x0800c13c   0x0800c13c   0x00000018   Code   RO         5599    i.vApplicationGetTimerTaskMemory  cmsis_os2.o
    0x0800c154   0x0800c154   0x00000002   Code   RO          306    i.vApplicationIdleHook  freertos.o
    0x0800c156   0x0800c156   0x00000002   PAD
    0x0800c158   0x0800c158   0x00000028   Code   RO          307    i.vApplicationMallocFailedHook  freertos.o
    0x0800c180   0x0800c180   0x0000001c   Code   RO          308    i.vApplicationStackOverflowHook  freertos.o
    0x0800c19c   0x0800c19c   0x00000004   Code   RO         4407    i.vEventGroupSetBitsCallback  event_groups.o
    0x0800c1a0   0x0800c1a0   0x00000016   Code   RO         4526    i.vListInitialise   list.o
    0x0800c1b6   0x0800c1b6   0x00000006   Code   RO         4527    i.vListInitialiseItem  list.o
    0x0800c1bc   0x0800c1bc   0x00000030   Code   RO         4528    i.vListInsert       list.o
    0x0800c1ec   0x0800c1ec   0x00000018   Code   RO         4529    i.vListInsertEnd    list.o
    0x0800c204   0x0800c204   0x00000040   Code   RO         6103    i.vPortEnterCritical  port.o
    0x0800c244   0x0800c244   0x00000028   Code   RO         6104    i.vPortExitCritical  port.o
    0x0800c26c   0x0800c26c   0x00000064   Code   RO         6047    i.vPortFree         heap_4.o
    0x0800c2d0   0x0800c2d0   0x00000024   Code   RO         6105    i.vPortSetupTimerInterrupt  port.o
    0x0800c2f4   0x0800c2f4   0x00000054   Code   RO         6106    i.vPortValidateInterruptPriority  port.o
    0x0800c348   0x0800c348   0x00000028   Code   RO         4576    i.vQueueAddToRegistry  queue.o
    0x0800c370   0x0800c370   0x00000044   Code   RO         4580    i.vQueueWaitForMessageRestricted  queue.o
    0x0800c3b4   0x0800c3b4   0x0000004c   Code   RO         4988    i.vTaskDelay        tasks.o
    0x0800c400   0x0800c400   0x0000008c   Code   RO         4989    i.vTaskDelayUntil   tasks.o
    0x0800c48c   0x0800c48c   0x00000090   Code   RO         4990    i.vTaskDelete       tasks.o
    0x0800c51c   0x0800c51c   0x00000010   Code   RO         4994    i.vTaskInternalSetTimeOutState  tasks.o
    0x0800c52c   0x0800c52c   0x0000000c   Code   RO         4996    i.vTaskMissedYield  tasks.o
    0x0800c538   0x0800c538   0x00000030   Code   RO         4998    i.vTaskPlaceOnEventList  tasks.o
    0x0800c568   0x0800c568   0x00000038   Code   RO         4999    i.vTaskPlaceOnEventListRestricted  tasks.o
    0x0800c5a0   0x0800c5a0   0x00000090   Code   RO         5001    i.vTaskPriorityDisinheritAfterTimeout  tasks.o
    0x0800c630   0x0800c630   0x00000070   Code   RO         5003    i.vTaskRemoveFromUnorderedEventList  tasks.o
    0x0800c6a0   0x0800c6a0   0x0000008c   Code   RO         5007    i.vTaskStartScheduler  tasks.o
    0x0800c72c   0x0800c72c   0x00000010   Code   RO         5009    i.vTaskSuspendAll   tasks.o
    0x0800c73c   0x0800c73c   0x000000a4   Code   RO         5010    i.vTaskSwitchContext  tasks.o
    0x0800c7e0   0x0800c7e0   0x0000008c   Code   RO         4414    i.xEventGroupSetBits  event_groups.o
    0x0800c86c   0x0800c86c   0x00000010   Code   RO         4415    i.xEventGroupSetBitsFromISR  event_groups.o
    0x0800c87c   0x0800c87c   0x000000f4   Code   RO         6107    i.xPortStartScheduler  port.o
    0x0800c970   0x0800c970   0x0000002c   Code   RO         6108    i.xPortSysTickHandler  port.o
    0x0800c99c   0x0800c99c   0x00000016   Code   RO         4583    i.xQueueCreateMutex  queue.o
    0x0800c9b2   0x0800c9b2   0x00000042   Code   RO         4585    i.xQueueGenericCreate  queue.o
    0x0800c9f4   0x0800c9f4   0x00000066   Code   RO         4586    i.xQueueGenericCreateStatic  queue.o
    0x0800ca5a   0x0800ca5a   0x00000002   PAD
    0x0800ca5c   0x0800ca5c   0x00000088   Code   RO         4587    i.xQueueGenericReset  queue.o
    0x0800cae4   0x0800cae4   0x00000160   Code   RO         4588    i.xQueueGenericSend  queue.o
    0x0800cc44   0x0800cc44   0x000000be   Code   RO         4589    i.xQueueGenericSendFromISR  queue.o
    0x0800cd02   0x0800cd02   0x00000002   PAD
    0x0800cd04   0x0800cd04   0x00000138   Code   RO         4598    i.xQueueReceive     queue.o
    0x0800ce3c   0x0800ce3c   0x00000178   Code   RO         4600    i.xQueueSemaphoreTake  queue.o
    0x0800cfb4   0x0800cfb4   0x00000074   Code   RO         5012    i.xTaskCheckForTimeOut  tasks.o
    0x0800d028   0x0800d028   0x0000005a   Code   RO         5013    i.xTaskCreate       tasks.o
    0x0800d082   0x0800d082   0x00000056   Code   RO         5014    i.xTaskCreateStatic  tasks.o
    0x0800d0d8   0x0800d0d8   0x000000e0   Code   RO         5015    i.xTaskGenericNotify  tasks.o
    0x0800d1b8   0x0800d1b8   0x0000001c   Code   RO         5018    i.xTaskGetSchedulerState  tasks.o
    0x0800d1d4   0x0800d1d4   0x0000000c   Code   RO         5019    i.xTaskGetTickCount  tasks.o
    0x0800d1e0   0x0800d1e0   0x000000c8   Code   RO         5021    i.xTaskIncrementTick  tasks.o
    0x0800d2a8   0x0800d2a8   0x00000080   Code   RO         5024    i.xTaskPriorityDisinherit  tasks.o
    0x0800d328   0x0800d328   0x00000078   Code   RO         5025    i.xTaskPriorityInherit  tasks.o
    0x0800d3a0   0x0800d3a0   0x00000070   Code   RO         5026    i.xTaskRemoveFromEventList  tasks.o
    0x0800d410   0x0800d410   0x000000c4   Code   RO         5027    i.xTaskResumeAll    tasks.o
    0x0800d4d4   0x0800d4d4   0x00000060   Code   RO         5370    i.xTimerCreateTimerTask  timers.o
    0x0800d534   0x0800d534   0x00000068   Code   RO         5371    i.xTimerGenericCommand  timers.o
    0x0800d59c   0x0800d59c   0x00000028   Code   RO         5377    i.xTimerPendFunctionCallFromISR  timers.o
    0x0800d5c4   0x0800d5c4   0x00000024   Data   RO          309    .constdata          freertos.o
    0x0800d5e8   0x0800d5e8   0x00000008   Data   RO         2820    .constdata          stm32f4xx_hal_dma.o
    0x0800d5f0   0x0800d5f0   0x00000010   Data   RO         4361    .constdata          system_stm32f4xx.o
    0x0800d600   0x0800d600   0x00000008   Data   RO         4362    .constdata          system_stm32f4xx.o
    0x0800d608   0x0800d608   0x00000a64   Data   RO         6322    .constdata          bsp_oled.o
    0x0800e06c   0x0800e06c   0x00000004   PAD
    0x0800e070   0x0800e070   0x00000050   Data   RO         9346    .constdata          m_wm.l(asin.o)
    0x0800e0c0   0x0800e0c0   0x00000098   Data   RO         9770    .constdata          m_wm.l(atan.o)
    0x0800e158   0x0800e158   0x00000030   Data   RO         9782    .constdata          m_wm.l(cos_i.o)
    0x0800e188   0x0800e188   0x00000008   Data   RO         9824    .constdata          m_wm.l(qnan.o)
    0x0800e190   0x0800e190   0x000000c8   Data   RO         9827    .constdata          m_wm.l(rred.o)
    0x0800e258   0x0800e258   0x00000020   Data   RO         9831    .constdata          m_wm.l(rredf.o)
    0x0800e278   0x0800e278   0x00000028   Data   RO         9834    .constdata          m_wm.l(sin_i.o)
    0x0800e2a0   0x0800e2a0   0x00000009   Data   RO          310    .conststring        freertos.o
    0x0800e2a9   0x0800e2a9   0x00000003   PAD
    0x0800e2ac   0x0800e2ac   0x00000020   Data   RO         9914    Region$$Table       anon$$obj.o


    Execution Region RW_IRAM1 (Exec base: 0x20000000, Load base: 0x0800e2cc, Size: 0x0000ee18, Max: 0x0001c000, ABSOLUTE, COMPRESSED[0x000001c8])

    Exec Addr    Load Addr    Size         Type   Attr      Idx    E Section Name        Object

    0x20000000   COMPRESSED   0x0000000c   Data   RW           20    .data               main.o
    0x2000000c   COMPRESSED   0x00000004   Data   RW          312    .data               freertos.o
    0x20000010   COMPRESSED   0x00000014   Data   RW          313    .data               freertos.o
    0x20000024   COMPRESSED   0x00000004   Data   RW          314    .data               freertos.o
    0x20000028   COMPRESSED   0x00000004   Data   RW          316    .data               freertos.o
    0x2000002c   COMPRESSED   0x00000004   Data   RW          445    .data               can.o
    0x20000030   COMPRESSED   0x0000000c   Data   RW         3253    .data               stm32f4xx_hal.o
    0x2000003c   COMPRESSED   0x00000004   Data   RW         4363    .data               system_stm32f4xx.o
    0x20000040   COMPRESSED   0x00000044   Data   RW         5030    .data               tasks.o
    0x20000084   COMPRESSED   0x00000014   Data   RW         5379    .data               timers.o
    0x20000098   COMPRESSED   0x00000004   Data   RW         5604    .data               cmsis_os2.o
    0x2000009c   COMPRESSED   0x00000020   Data   RW         6053    .data               heap_4.o
    0x200000bc   COMPRESSED   0x0000000c   Data   RW         6109    .data               port.o
    0x200000c8   COMPRESSED   0x00000004   Data   RW         6229    .data               bsp_buzzer.o
    0x200000cc   COMPRESSED   0x00000014   Data   RW         6230    .data               bsp_buzzer.o
    0x200000e0   COMPRESSED   0x00000020   Data   RW         6323    .data               bsp_oled.o
    0x20000100   COMPRESSED   0x00000004   Data   RW         6324    .data               bsp_oled.o
    0x20000104   COMPRESSED   0x00000008   Data   RW         6642    .data               bsp_siic.o
    0x2000010c   COMPRESSED   0x00000008   Data   RW         6643    .data               bsp_siic.o
    0x20000114   COMPRESSED   0x00000020   Data   RW         6644    .data               bsp_siic.o
    0x20000134   COMPRESSED   0x00000018   Data   RW         6739    .data               bsp_icm20948.o
    0x2000014c   COMPRESSED   0x00000010   Data   RW         6740    .data               bsp_icm20948.o
    0x2000015c   COMPRESSED   0x00000024   Data   RW         6820    .data               bsp_rgblight.o
    0x20000180   COMPRESSED   0x0000000c   Data   RW         7218    .data               robotcontrol_task.o
    0x2000018c   COMPRESSED   0x00000002   Data   RW         7291    .data               serialcontrol_task.o
    0x2000018e   COMPRESSED   0x00000002   PAD
    0x20000190   COMPRESSED   0x00000004   Data   RW         7461    .data               show_task.o
    0x20000194   COMPRESSED   0x00000004   Data   RW         7493    .data               data_task.o
    0x20000198   COMPRESSED   0x00000180   Data   RW         7538    .data               sensor_ranger.o
    0x20000318   COMPRESSED   0x0000000c   Data   RW         7539    .data               sensor_ranger.o
    0x20000324   COMPRESSED   0x00000008   Data   RW         7540    .data               sensor_ranger.o
    0x2000032c   COMPRESSED   0x00000004   Data   RW         7541    .data               sensor_ranger.o
    0x20000330   COMPRESSED   0x0000000c   Data   RW         7542    .data               sensor_ranger.o
    0x2000033c   COMPRESSED   0x0000000c   Data   RW         7543    .data               sensor_ranger.o
    0x20000348   COMPRESSED   0x0000000c   Data   RW         7544    .data               sensor_ranger.o
    0x20000354   COMPRESSED   0x00000008   Data   RW         7545    .data               sensor_ranger.o
    0x2000035c   COMPRESSED   0x00000020   Data   RW         7605    .data               autorecharge_task.o
    0x2000037c   COMPRESSED   0x00000010   Data   RW         7640    .data               rgbstripcontrol_task.o
    0x2000038c   COMPRESSED   0x00000060   Data   RW         7706    .data               robot_select_init.o
    0x200003ec   COMPRESSED   0x00000001   Data   RW         7819    .data               servo_basic_output.o
    0x200003ed   COMPRESSED   0x00000003   PAD
    0x200003f0   COMPRESSED   0x000000f8   Data   RW         7906    .data               servo_basic_control.o
    0x200004e8   COMPRESSED   0x00000004   Data   RW         7908    .data               servo_basic_control.o
    0x200004ec   COMPRESSED   0x00000004   Data   RW         7909    .data               servo_basic_control.o
    0x200004f0   COMPRESSED   0x00000004   Data   RW         8180    .data               servo_rc_capture.o
    0x200004f4   COMPRESSED   0x00000004   Data   RW         9867    .data               mc_w.l(stdout.o)
    0x200004f8   COMPRESSED   0x00000004   Data   RW         9881    .data               mc_w.l(errno.o)
    0x200004fc        -       0x000000a8   Zero   RW          401    .bss                adc.o
    0x200005a4        -       0x00000050   Zero   RW          444    .bss                can.o
    0x200005f4        -       0x000001f8   Zero   RW          523    .bss                tim.o
    0x200007ec        -       0x000002a0   Zero   RW          603    .bss                usart.o
    0x20000a8c        -       0x00000048   Zero   RW          838    .bss                stm32f4xx_hal_timebase_tim.o
    0x20000ad4        -       0x00000040   Zero   RW         4602    .bss                queue.o
    0x20000b14        -       0x000004c4   Zero   RW         5029    .bss                tasks.o
    0x20000fd8        -       0x00000118   Zero   RW         5378    .bss                timers.o
    0x200010f0        -       0x000006c0   Zero   RW         5603    .bss                cmsis_os2.o
    0x200017b0        -       0x0000c800   Zero   RW         6052    .bss                heap_4.o
    0x2000dfb0        -       0x0000040c   Zero   RW         6321    .bss                bsp_oled.o
    0x2000e3bc        -       0x00000140   Zero   RW         6597    .bss                bsp_adc.o
    0x2000e4fc        -       0x00000024   Zero   RW         6735    .bss                bsp_icm20948.o
    0x2000e520        -       0x00000024   Zero   RW         6736    .bss                bsp_icm20948.o
    0x2000e544        -       0x0000000c   Zero   RW         6737    .bss                bsp_icm20948.o
    0x2000e550        -       0x0000006c   Zero   RW         6738    .bss                bsp_icm20948.o
    0x2000e5bc        -       0x00000018   Zero   RW         6819    .bss                bsp_rgblight.o
    0x2000e5d4        -       0x00000010   Zero   RW         7705    .bss                robot_select_init.o
    0x2000e5e4        -       0x00000020   Zero   RW         7905    .bss                servo_basic_control.o
    0x2000e604        -       0x00000030   Zero   RW         8179    .bss                servo_rc_capture.o
    0x2000e634        -       0x000003e0   Zero   RW         8592    .bss                usbh_conf.o
    0x2000ea14   COMPRESSED   0x00000004   PAD
    0x2000ea18        -       0x00000400   Zero   RW            1    STACK               startup_stm32f407xx.o


    Execution Region RW_IRAM2 (Exec base: 0x2001c000, Load base: 0x0800e494, Size: 0x00000000, Max: 0x00004000, ABSOLUTE)

    **** No section assigned to this execution region ****


==============================================================================

Image component sizes


      Code (inc. data)   RO Data    RW Data    ZI Data      Debug   Object Name

       276         32          0          0        168       1759   adc.o
         0          0          0         32          0       1647   autorecharge_task.o
        68         14          0          0        320       1665   bsp_adc.o
       186         42          0         24          0       4021   bsp_buzzer.o
       244         32          0          0          0       2077   bsp_dwt.o
        28          4          0          0          0       1755   bsp_flash.o
      2088        100          0         40        192       7268   bsp_icm20948.o
      1234         62       2660         36       1036       9835   bsp_oled.o
      2262        244          0         36         24      13603   bsp_rgblight.o
       956          0          0         48          0      11130   bsp_siic.o
       388         44          0          4         80       2414   can.o
       120          8          0          0          0       1915   can_callback.o
       404         26          0          4       1728      50989   cmsis_os2.o
       888         66          0          4          0       2752   data_task.o
       124          4          0          0          0        822   dma.o
       160          4          0          0          0      23438   event_groups.o
       478        188         45         32          0       8829   freertos.o
       412         26          0          0          0       1119   gpio.o
       484         26          0         32      51200       4835   heap_4.o
       280         30          0          0          0       2220   imu_task.o
       138          0          0          0          0       3482   list.o
       796        126          0         12          0     746716   main.o
       786         82          0         12          0      11369   port.o
      2000         24          0          0         64      21204   queue.o
       396         54          0         16          0       2443   rgbstripcontrol_task.o
        56         16          0         96         16       2898   robot_select_init.o
       244         30          0         12          0      33283   robotcontrol_task.o
        36          6          0        452          0       4329   sensor_ranger.o
       484         24          0          2          0       4063   serialcontrol_task.o
      4154        288          0        256         32      45364   servo_basic_control.o
       136         22          0          1          0       1698   servo_basic_output.o
       712         88          0          4         48      10579   servo_rc_capture.o
       390         84          0          4          0       2253   show_task.o
        36          8        392          0       1024        824   startup_stm32f407xx.o
       116         18          0         12          0       8646   stm32f4xx_hal.o
      1200         66          0          0          0       7321   stm32f4xx_hal_adc.o
      1056          0          0          0          0       9938   stm32f4xx_hal_can.o
       158         14          0          0          0      32982   stm32f4xx_hal_cortex.o
      1084         16          8          0          0       7250   stm32f4xx_hal_dma.o
       892         86          0          0          0       4370   stm32f4xx_hal_gpio.o
      2270          0          0          0          0       6812   stm32f4xx_hal_hcd.o
        56          4          0          0          0        846   stm32f4xx_hal_msp.o
      1408         82          0          0          0       5817   stm32f4xx_hal_rcc.o
      2976        224          0          0          0      22726   stm32f4xx_hal_tim.o
       232         28          0          0          0       3249   stm32f4xx_hal_tim_ex.o
       152         20          0          0         72       1447   stm32f4xx_hal_timebase_tim.o
      1942         30          0          0          0      15062   stm32f4xx_hal_uart.o
       204         96          0          0          0      10090   stm32f4xx_it.o
       624          0          0          0          0       8590   stm32f4xx_ll_usb.o
         0          0          0          0          0       9296   stream_buffer.o
        16          4         24          4          0       1091   system_stm32f4xx.o
      3066        242          0         68       1220      33826   tasks.o
      1736        132          0          0        504       7224   tim.o
        36          6          0          0          0       1037   tim_capture_callback.o
      1012         86          0         20        280      30147   timers.o
       164         44          0          0          0       1333   uart_callback.o
       880         80          0          0        672       4138   usart.o
        90          0          0          0        992       5008   usbh_conf.o
       208          0          0          0          0       4428   usbh_core.o
         0          0          0          0          0       7972   usbh_hid_gamepad.o
        24          0          0          0          0       1084   usbh_pipes.o

    ----------------------------------------------------------------------
     43116       3082       3168       1268      59676    1296328   Object Totals
         0          0         32          0          0          0   (incl. Generated)
        70          0          7          5          4          0   (incl. Padding)

    ----------------------------------------------------------------------

      Code (inc. data)   RO Data    RW Data    ZI Data      Debug   Library Member Name

       864         94         80          0          0        280   asin.o
       744        106        152          0          0        352   atan.o
       512         64          0          0          0        208   atan2.o
       684         90          0          0          0        208   atan2f.o
       352         56          0          0          0        172   atanf.o
       368         46         48          0          0        200   cos_i.o
       104         16          0          0          0        496   dunder.o
        24          0          0          0          0        124   fabs.o
       260          6          0          0          0        144   fmod.o
        48          0          0          0          0        124   fpclassify.o
        38          0          0          0          0        116   fpclassifyf.o
        44         12          0          0          0        464   funder.o
       248          0          0          0          0        152   poly.o
         0          0          8          0          0          0   qnan.o
      1080        142        200          0          0        188   rred.o
       340         24         32          0          0        160   rredf.o
       200         20          0          0          0        164   sin.o
       304         24         40          0          0        208   sin_i.o
       110          0          0          0          0        148   sqrt.o
       380         58          0          0          0        200   tanf.o
        86          0          0          0          0          0   __dczerorl2.o
         0          0          0          0          0          0   entry.o
         0          0          0          0          0          0   entry10a.o
         0          0          0          0          0          0   entry11a.o
         4          0          0          0          0          0   entry12b.o
         8          4          0          0          0          0   entry2.o
         4          0          0          0          0          0   entry5.o
         0          0          0          0          0          0   entry7b.o
         0          0          0          0          0          0   entry8b.o
         8          4          0          0          0          0   entry9a.o
        12          6          0          4          0         68   errno.o
        30          0          0          0          0          0   handlers.o
        36          8          0          0          0         68   init.o
         0          0          0          0          0          0   iusefp.o
        30          0          0          0          0         68   llshl.o
        36          0          0          0          0         68   llsshr.o
        32          0          0          0          0         68   llushr.o
        36          0          0          0          0         68   memcpya.o
        36          0          0          0          0        108   memseta.o
      2218         90          0          0          0        464   printfa.o
         0          0          0          4          0          0   stdout.o
        44          0          0          0          0         80   uidiv.o
        98          0          0          0          0         92   uldiv.o
        48          0          0          0          0         68   cdcmple.o
        48          0          0          0          0         68   cdrcmple.o
        56          0          0          0          0         88   d2f.o
       334          0          0          0          0        148   dadd.o
       222          0          0          0          0        100   ddiv.o
       186          0          0          0          0        176   depilogue.o
        62          0          0          0          0         80   dfixi.o
        50          0          0          0          0         76   dfixui.o
        48          0          0          0          0         68   dfixul.o
        34          0          0          0          0         76   dflti.o
        26          0          0          0          0         76   dfltui.o
       228          0          0          0          0         96   dmul.o
       134          0          0          0          0         96   drem.o
       162          0          0          0          0        100   dsqrt.o
        38          0          0          0          0         68   f2d.o
       110          0          0          0          0        168   fepilogue.o

    ----------------------------------------------------------------------
     11216        874        560          8          0       6812   Library Totals
         8          4          0          0          0          0   (incl. Padding)

    ----------------------------------------------------------------------

      Code (inc. data)   RO Data    RW Data    ZI Data      Debug   Library Name

      6704        758        560          0          0       4108   m_wm.l
      2718        112          0          8          0       1152   mc_w.l
      1786          0          0          0          0       1552   mf_w.l

    ----------------------------------------------------------------------
     11216        874        560          8          0       6812   Library Totals

    ----------------------------------------------------------------------

==============================================================================


      Code (inc. data)   RO Data    RW Data    ZI Data      Debug   

     54332       3956       3728       1276      59676    1257920   Grand Totals
     54332       3956       3728        456      59676    1257920   ELF Image Totals (compressed)
     54332       3956       3728        456          0          0   ROM Totals

==============================================================================

    Total RO  Size (Code + RO Data)                58060 (  56.70kB)
    Total RW  Size (RW Data + ZI Data)             60952 (  59.52kB)
    Total ROM Size (Code + RO Data + RW Data)      58516 (  57.14kB)

==============================================================================

