Component: ARM Compiler 5.06 update 7 (build 960) Tool: armlink [4d3601]

==============================================================================

Section Cross References

    startup_stm32f407xx.o(RESET) refers to startup_stm32f407xx.o(STACK) for __initial_sp
    startup_stm32f407xx.o(RESET) refers to startup_stm32f407xx.o(.text) for Reset_Handler
    startup_stm32f407xx.o(RESET) refers to stm32f4xx_it.o(i.NMI_Handler) for NMI_Handler
    startup_stm32f407xx.o(RESET) refers to stm32f4xx_it.o(i.HardFault_Handler) for HardFault_Handler
    startup_stm32f407xx.o(RESET) refers to stm32f4xx_it.o(i.MemManage_Handler) for MemManage_Handler
    startup_stm32f407xx.o(RESET) refers to stm32f4xx_it.o(i.BusFault_Handler) for BusFault_Handler
    startup_stm32f407xx.o(RESET) refers to stm32f4xx_it.o(i.UsageFault_Handler) for UsageFault_Handler
    startup_stm32f407xx.o(RESET) refers to port.o(.emb_text) for SVC_Handler
    startup_stm32f407xx.o(RESET) refers to stm32f4xx_it.o(i.DebugMon_Handler) for DebugMon_Handler
    startup_stm32f407xx.o(RESET) refers to cmsis_os2.o(i.SysTick_Handler) for SysTick_Handler
    startup_stm32f407xx.o(RESET) refers to stm32f4xx_it.o(i.DMA1_Stream1_IRQHandler) for DMA1_Stream1_IRQHandler
    startup_stm32f407xx.o(RESET) refers to stm32f4xx_it.o(i.DMA1_Stream4_IRQHandler) for DMA1_Stream4_IRQHandler
    startup_stm32f407xx.o(RESET) refers to stm32f4xx_it.o(i.DMA1_Stream6_IRQHandler) for DMA1_Stream6_IRQHandler
    startup_stm32f407xx.o(RESET) refers to stm32f4xx_it.o(i.CAN1_RX0_IRQHandler) for CAN1_RX0_IRQHandler
    startup_stm32f407xx.o(RESET) refers to stm32f4xx_it.o(i.EXTI9_5_IRQHandler) for EXTI9_5_IRQHandler
    startup_stm32f407xx.o(RESET) refers to stm32f4xx_it.o(i.TIM2_IRQHandler) for TIM2_IRQHandler
    startup_stm32f407xx.o(RESET) refers to stm32f4xx_it.o(i.TIM3_IRQHandler) for TIM3_IRQHandler
    startup_stm32f407xx.o(RESET) refers to stm32f4xx_it.o(i.TIM4_IRQHandler) for TIM4_IRQHandler
    startup_stm32f407xx.o(RESET) refers to stm32f4xx_it.o(i.USART1_IRQHandler) for USART1_IRQHandler
    startup_stm32f407xx.o(RESET) refers to stm32f4xx_it.o(i.USART2_IRQHandler) for USART2_IRQHandler
    startup_stm32f407xx.o(RESET) refers to stm32f4xx_it.o(i.USART3_IRQHandler) for USART3_IRQHandler
    startup_stm32f407xx.o(RESET) refers to stm32f4xx_it.o(i.EXTI15_10_IRQHandler) for EXTI15_10_IRQHandler
    startup_stm32f407xx.o(RESET) refers to stm32f4xx_it.o(i.UART4_IRQHandler) for UART4_IRQHandler
    startup_stm32f407xx.o(RESET) refers to stm32f4xx_it.o(i.TIM7_IRQHandler) for TIM7_IRQHandler
    startup_stm32f407xx.o(RESET) refers to stm32f4xx_it.o(i.DMA2_Stream0_IRQHandler) for DMA2_Stream0_IRQHandler
    startup_stm32f407xx.o(RESET) refers to stm32f4xx_it.o(i.CAN2_RX1_IRQHandler) for CAN2_RX1_IRQHandler
    startup_stm32f407xx.o(RESET) refers to stm32f4xx_it.o(i.OTG_FS_IRQHandler) for OTG_FS_IRQHandler
    startup_stm32f407xx.o(RESET) refers to stm32f4xx_it.o(i.DMA2_Stream7_IRQHandler) for DMA2_Stream7_IRQHandler
    startup_stm32f407xx.o(.text) refers to system_stm32f4xx.o(i.SystemInit) for SystemInit
    startup_stm32f407xx.o(.text) refers to entry.o(.ARM.Collect$$$$00000000) for __main
    main.o(i.HAL_TIM_PeriodElapsedCallback) refers to stm32f4xx_hal.o(i.HAL_IncTick) for HAL_IncTick
    main.o(i.SystemClock_Config) refers to memseta.o(.text) for __aeabi_memclr4
    main.o(i.SystemClock_Config) refers to stm32f4xx_hal_rcc.o(i.HAL_RCC_OscConfig) for HAL_RCC_OscConfig
    main.o(i.SystemClock_Config) refers to stm32f4xx_hal_rcc.o(i.HAL_RCC_ClockConfig) for HAL_RCC_ClockConfig
    main.o(i.fputc) refers to stm32f4xx_hal_uart.o(i.HAL_UART_Transmit) for HAL_UART_Transmit
    main.o(i.fputc) refers to main.o(.data) for .data
    main.o(i.get_EnKeyState) refers to stm32f4xx_hal_gpio.o(i.HAL_GPIO_ReadPin) for HAL_GPIO_ReadPin
    main.o(i.get_EnKeyState) refers to main.o(.data) for .data
    main.o(i.get_HardWareVersion) refers to main.o(.data) for .data
    main.o(i.main) refers to stm32f4xx_hal.o(i.HAL_Init) for HAL_Init
    main.o(i.main) refers to main.o(i.SystemClock_Config) for SystemClock_Config
    main.o(i.main) refers to gpio.o(i.MX_GPIO_Init) for MX_GPIO_Init
    main.o(i.main) refers to dma.o(i.MX_DMA_Init) for MX_DMA_Init
    main.o(i.main) refers to usart.o(i.MX_USART1_UART_Init) for MX_USART1_UART_Init
    main.o(i.main) refers to usart.o(i.MX_USART2_UART_Init) for MX_USART2_UART_Init
    main.o(i.main) refers to usart.o(i.MX_USART3_UART_Init) for MX_USART3_UART_Init
    main.o(i.main) refers to usart.o(i.MX_UART4_Init) for MX_UART4_Init
    main.o(i.main) refers to tim.o(i.MX_TIM2_Init) for MX_TIM2_Init
    main.o(i.main) refers to tim.o(i.MX_TIM3_Init) for MX_TIM3_Init
    main.o(i.main) refers to tim.o(i.MX_TIM4_Init) for MX_TIM4_Init
    main.o(i.main) refers to tim.o(i.MX_TIM6_Init) for MX_TIM6_Init
    main.o(i.main) refers to tim.o(i.MX_TIM9_Init) for MX_TIM9_Init
    main.o(i.main) refers to tim.o(i.MX_TIM11_Init) for MX_TIM11_Init
[...]
    vTaskDelayUntil                          0x0800c63d   Thumb Code   132  tasks.o(i.vTaskDelayUntil)
    vTaskDelete                              0x0800c6c9   Thumb Code   130  tasks.o(i.vTaskDelete)
    vTaskInternalSetTimeOutState             0x0800c759   Thumb Code    12  tasks.o(i.vTaskInternalSetTimeOutState)
    vTaskMissedYield                         0x0800c769   Thumb Code     8  tasks.o(i.vTaskMissedYield)
    vTaskPlaceOnEventList                    0x0800c775   Thumb Code    44  tasks.o(i.vTaskPlaceOnEventList)
    vTaskPlaceOnEventListRestricted          0x0800c7a5   Thumb Code    52  tasks.o(i.vTaskPlaceOnEventListRestricted)
    vTaskPriorityDisinheritAfterTimeout      0x0800c7dd   Thumb Code   134  tasks.o(i.vTaskPriorityDisinheritAfterTimeout)
    vTaskRemoveFromUnorderedEventList        0x0800c86d   Thumb Code   102  tasks.o(i.vTaskRemoveFromUnorderedEventList)
    vTaskStartScheduler                      0x0800c8dd   Thumb Code   122  tasks.o(i.vTaskStartScheduler)
    vTaskSuspendAll                          0x0800c969   Thumb Code    10  tasks.o(i.vTaskSuspendAll)
    vTaskSwitchContext                       0x0800c979   Thumb Code   156  tasks.o(i.vTaskSwitchContext)
    xEventGroupSetBits                       0x0800ca1d   Thumb Code   140  event_groups.o(i.xEventGroupSetBits)
    xEventGroupSetBitsFromISR                0x0800caa9   Thumb Code    12  event_groups.o(i.xEventGroupSetBitsFromISR)
    xPortStartScheduler                      0x0800cab9   Thumb Code   222  port.o(i.xPortStartScheduler)
    xPortSysTickHandler                      0x0800cbad   Thumb Code    38  port.o(i.xPortSysTickHandler)
    xQueueCreateMutex                        0x0800cbd9   Thumb Code    22  queue.o(i.xQueueCreateMutex)
    xQueueGenericCreate                      0x0800cbef   Thumb Code    66  queue.o(i.xQueueGenericCreate)
    xQueueGenericCreateStatic                0x0800cc31   Thumb Code   102  queue.o(i.xQueueGenericCreateStatic)
    xQueueGenericReset                       0x0800cc99   Thumb Code   132  queue.o(i.xQueueGenericReset)
    xQueueGenericSend                        0x0800cd21   Thumb Code   346  queue.o(i.xQueueGenericSend)
    xQueueGenericSendFromISR                 0x0800ce81   Thumb Code   190  queue.o(i.xQueueGenericSendFromISR)
    xQueueReceive                            0x0800cf41   Thumb Code   308  queue.o(i.xQueueReceive)
    xQueueSemaphoreTake                      0x0800d079   Thumb Code   372  queue.o(i.xQueueSemaphoreTake)
    xTaskCheckForTimeOut                     0x0800d1f1   Thumb Code   112  tasks.o(i.xTaskCheckForTimeOut)
    xTaskCreate                              0x0800d265   Thumb Code    90  tasks.o(i.xTaskCreate)
    xTaskCreateStatic                        0x0800d2bf   Thumb Code    86  tasks.o(i.xTaskCreateStatic)
    xTaskGenericNotify                       0x0800d315   Thumb Code   210  tasks.o(i.xTaskGenericNotify)
    xTaskGetSchedulerState                   0x0800d3f5   Thumb Code    22  tasks.o(i.xTaskGetSchedulerState)
    xTaskGetTickCount                        0x0800d411   Thumb Code     6  tasks.o(i.xTaskGetTickCount)
    xTaskIncrementTick                       0x0800d41d   Thumb Code   192  tasks.o(i.xTaskIncrementTick)
    xTaskPriorityDisinherit                  0x0800d4e5   Thumb Code   118  tasks.o(i.xTaskPriorityDisinherit)
    xTaskPriorityInherit                     0x0800d565   Thumb Code   112  tasks.o(i.xTaskPriorityInherit)
    xTaskRemoveFromEventList                 0x0800d5dd   Thumb Code    98  tasks.o(i.xTaskRemoveFromEventList)
    xTaskResumeAll                           0x0800d64d   Thumb Code   182  tasks.o(i.xTaskResumeAll)
    xTimerCreateTimerTask                    0x0800d711   Thumb Code    78  timers.o(i.xTimerCreateTimerTask)
    xTimerGenericCommand                     0x0800d771   Thumb Code    98  timers.o(i.xTimerGenericCommand)
    xTimerPendFunctionCallFromISR            0x0800d7d9   Thumb Code    34  timers.o(i.xTimerPendFunctionCallFromISR)
    InitTask_attributes                      0x0800d800   Data          36  freertos.o(.constdata)
    AHBPrescTable                            0x0800d82c   Data          16  system_stm32f4xx.o(.constdata)
    APBPrescTable                            0x0800d83c   Data           8  system_stm32f4xx.o(.constdata)
    oled_asc2_1206                           0x0800d844   Data        1140  bsp_oled.o(.constdata)
    oled_asc2_1608                           0x0800dcb8   Data        1520  bsp_oled.o(.constdata)
    __mathlib_zero                           0x0800e3c0   Data           8  qnan.o(.constdata)
    Region$$Table$$Base                      0x0800e4e4   Number         0  anon$$obj.o(Region$$Table)
    Region$$Table$$Limit                     0x0800e504   Number         0  anon$$obj.o(Region$$Table)
    BlueToothBuffer                          0x20000001   Data           1  main.o(.data)
    rosbuffer                                0x20000002   Data           1  main.o(.data)
    usart1_buffer                            0x20000003   Data           1  main.o(.data)
    rs485_buffer                             0x20000004   Data           1  main.o(.data)
    DebugSerial                              0x20000008   Data           4  main.o(.data)
    g_xQueueBlueTooth                        0x2000000c   Data           4  freertos.o(.data)
    g_xQueueROSserial                        0x20000014   Data           4  freertos.o(.data)
    g_servoTaskHandle                        0x20000018   Data           4  freertos.o(.data)
    InitTaskHandle                           0x20000020   Data           4  freertos.o(.data)
    g_xQueueAutoRecharge                     0x20000024   Data           4  freertos.o(.data)
    g_reportErrTaskHandle                    0x20000028   Data           4  freertos.o(.data)
    uwTickFreq                               0x20000030   Data           1  stm32f4xx_hal.o(.data)
    uwTickPrio                               0x20000034   Data           4  stm32f4xx_hal.o(.data)
    uwTick                                   0x20000038   Data           4  stm32f4xx_hal.o(.data)
    SystemCoreClock                          0x2000003c   Data           4  system_stm32f4xx.o(.data)
    pxCurrentTCB                             0x20000040   Data           4  tasks.o(.data)
    UserBuzzer                               0x200000cc   Data          20  bsp_buzzer.o(.data)
    UserOLED                                 0x200000e0   Data          32  bsp_oled.o(.data)
    UserIMU_sIICDev                          0x20000114   Data          32  bsp_siic.o(.data)
    UserICM20948                             0x20000134   Data          24  bsp_icm20948.o(.data)
    UserRGBLight                             0x20000160   Data          32  bsp_rgblight.o(.data)
    RobotControl_CMDsource                   0x20000180   Data           1  robotcontrol_task.o(.data)
    g_uart4_hall_debug_enable                0x20000198   Data           4  data_task.o(.data)
    g_xEventRangerSensor                     0x200001a4   Data           4  sensor_ranger.o(.data)
    RangerHAL_A                              0x200001b0   Data          48  sensor_ranger.o(.data)
    RangerHAL_B                              0x200001e0   Data          48  sensor_ranger.o(.data)
    RangerHAL_C                              0x20000210   Data          48  sensor_ranger.o(.data)
    RangerHAL_D                              0x20000240   Data          48  sensor_ranger.o(.data)
    RangerHAL_E                              0x20000270   Data          48  sensor_ranger.o(.data)
    RangerHAL_F                              0x200002a0   Data          48  sensor_ranger.o(.data)
    ChargeDev                                0x20000368   Data          28  autorecharge_task.o(.data)
    userdefine_rgb                           0x20000385   Data           4  rgbstripcontrol_task.o(.data)
    RobotControlParam                        0x20000394   Data          96  robot_select_init.o(.data)
    g_debug_servo_trigger                    0x20000408   Data           4  servo_basic_control.o(.data)
    g_debug_servo_can_id                     0x2000040c   Data           4  servo_basic_control.o(.data)
    g_debug_servo_cmd                        0x20000410   Data           4  servo_basic_control.o(.data)
    g_debug_servo_value                      0x20000414   Data           4  servo_basic_control.o(.data)
    g_rc_pwm_follow_raw                      0x20000418   Data           4  servo_basic_control.o(.data)
    g_rc_signal_timeout_ms                   0x2000041c   Data           4  servo_basic_control.o(.data)
    g_orin_pwm_enable                        0x20000420   Data           4  servo_basic_control.o(.data)
    g_orin_pwm_timeout_ms                    0x20000424   Data           4  servo_basic_control.o(.data)
    g_orin_ackermann_wheelbase_mm            0x20000428   Data           4  servo_basic_control.o(.data)
    g_orin_ackermann_track_width_mm          0x2000042c   Data           4  servo_basic_control.o(.data)
    g_orin_ackermann_wheel_radius_mm         0x20000430   Data           4  servo_basic_control.o(.data)
    g_orin_ackermann_max_steering_millirad   0x20000434   Data           4  servo_basic_control.o(.data)
    g_orin_ackermann_min_vx_mmps             0x20000438   Data           4  servo_basic_control.o(.data)
    g_orin_vx_scale                          0x2000043c   Data           4  servo_basic_control.o(.data)
    g_orin_vx_forward_cap_mmps               0x20000440   Data           4  servo_basic_control.o(.data)
    g_orin_vx_reverse_cap_mmps               0x20000444   Data           4  servo_basic_control.o(.data)
    g_orin_vx_deadband_mmps                  0x20000448   Data           4  servo_basic_control.o(.data)
    g_orin_vx_max_mmps                       0x2000044c   Data           4  servo_basic_control.o(.data)
    g_orin_vz_max_millirad                   0x20000450   Data           4  servo_basic_control.o(.data)
    g_orin_esc_center_us                     0x20000454   Data           4  servo_basic_control.o(.data)
    g_orin_esc_forward_start_us              0x20000458   Data           4  servo_basic_control.o(.data)
    g_orin_esc_reverse_start_us              0x2000045c   Data           4  servo_basic_control.o(.data)
    g_orin_esc_forward_max_us                0x20000460   Data           4  servo_basic_control.o(.data)
    g_orin_esc_reverse_max_us                0x20000464   Data           4  servo_basic_control.o(.data)
    g_orin_servo_center_us                   0x20000468   Data           4  servo_basic_control.o(.data)
    g_orin_servo_range_us                    0x2000046c   Data           4  servo_basic_control.o(.data)
    g_rc_debounce_enable                     0x20000470   Data           4  servo_basic_control.o(.data)
    g_rc_debounce_deadband_us                0x20000474   Data           4  servo_basic_control.o(.data)
    g_rc_debounce_smooth_div                 0x20000478   Data           4  servo_basic_control.o(.data)
    g_rc_glitch_freeze_ms                    0x2000047c   Data           4  servo_basic_control.o(.data)
    g_rc_throttle_neutral_hold_us            0x20000480   Data           4  servo_basic_control.o(.data)
    g_rc_throttle_jump_confirm_us            0x20000484   Data           4  servo_basic_control.o(.data)
    g_rc_steering_jump_confirm_us            0x20000488   Data           4  servo_basic_control.o(.data)
    g_rc_jump_confirm_samples                0x2000048c   Data           4  servo_basic_control.o(.data)
    g_rc_override_center_us                  0x20000490   Data           4  servo_basic_control.o(.data)
    g_rc_override_enter_threshold_us         0x20000494   Data           4  servo_basic_control.o(.data)
    g_rc_override_exit_threshold_us          0x20000498   Data           4  servo_basic_control.o(.data)
    g_rc_override_enter_samples              0x2000049c   Data           4  servo_basic_control.o(.data)
    g_rc_override_release_hold_ms            0x200004a0   Data           4  servo_basic_control.o(.data)
    g_rc_guard_enable                        0x200004a4   Data           4  servo_basic_control.o(.data)
    g_rc_guard_active_high                   0x200004a8   Data           4  servo_basic_control.o(.data)
    g_rc_guard_active_low_threshold_us       0x200004ac   Data           4  servo_basic_control.o(.data)
    g_rc_guard_active_high_threshold_us      0x200004b0   Data           4  servo_basic_control.o(.data)
    g_rc_throttle_last_good_us               0x200004b4   Data           4  servo_basic_control.o(.data)
    g_rc_steering_last_good_us               0x200004b8   Data           4  servo_basic_control.o(.data)
    g_rc_throttle_glitch_active              0x200004bc   Data           4  servo_basic_control.o(.data)
    g_rc_steering_glitch_active              0x200004c0   Data           4  servo_basic_control.o(.data)
    g_rc_input_fault_active                  0x200004c4   Data           4  servo_basic_control.o(.data)
    g_rc_valid_min_us                        0x200004ec   Data           4  servo_basic_control.o(.data)
    g_rc_valid_max_us                        0x200004f0   Data           4  servo_basic_control.o(.data)
    g_rc_capture_active_high                 0x200004f4   Data           4  servo_rc_capture.o(.data)
    g_hall_exti_irq_count                    0x200004fc   Data           4  hall_speed.o(.data)
    g_hall_exti_callback_count               0x20000500   Data           4  hall_speed.o(.data)
    g_hall_accepted_edge_count               0x20000504   Data           4  hall_speed.o(.data)
    __stdout                                 0x20000510   Data           4  stdout.o(.data)
    hadc1                                    0x20000518   Data          72  adc.o(.bss)
    hdma_adc1                                0x20000560   Data          96  adc.o(.bss)
    hcan1                                    0x200005c0   Data          40  can.o(.bss)
    hcan2                                    0x200005e8   Data          40  can.o(.bss)
    htim2                                    0x20000610   Data          72  tim.o(.bss)
    htim3                                    0x20000658   Data          72  tim.o(.bss)
    htim4                                    0x200006a0   Data          72  tim.o(.bss)
    htim6                                    0x200006e8   Data          72  tim.o(.bss)
    htim8                                    0x20000730   Data          72  tim.o(.bss)
    htim9                                    0x20000778   Data          72  tim.o(.bss)
    htim11                                   0x200007c0   Data          72  tim.o(.bss)
    huart4                                   0x20000808   Data          72  usart.o(.bss)
    huart1                                   0x20000850   Data          72  usart.o(.bss)
    huart2                                   0x20000898   Data          72  usart.o(.bss)
    huart3                                   0x200008e0   Data          72  usart.o(.bss)
    hdma_uart4_tx                            0x20000928   Data          96  usart.o(.bss)
    hdma_usart1_tx                           0x20000988   Data          96  usart.o(.bss)
    hdma_usart2_tx                           0x200009e8   Data          96  usart.o(.bss)
    hdma_usart3_rx                           0x20000a48   Data          96  usart.o(.bss)
    htim7                                    0x20000aa8   Data          72  stm32f4xx_hal_timebase_tim.o(.bss)
    xQueueRegistry                           0x20000af0   Data          64  queue.o(.bss)
    OLED_GRAM                                0x2000dfd8   Data        1024  bsp_oled.o(.bss)
    axis_9Val                                0x2000e518   Data          36  bsp_icm20948.o(.bss)
    axis_9ValOri                             0x2000e53c   Data          36  bsp_icm20948.o(.bss)
    AttitudeVal                              0x2000e560   Data          12  bsp_icm20948.o(.bss)
    RobotHardWareParam                       0x2000e5f0   Data          16  robot_select_init.o(.bss)
    g_hall_speed_state                       0x2000e650   Data          24  hall_speed.o(.bss)
    hhcd_USB_OTG_FS                          0x2000e668   Data         992  usbh_conf.o(.bss)
    __initial_sp                             0x2000ee48   Data           0  startup_stm32f407xx.o(STACK)



==============================================================================

Memory Map of the image

  Image Entry point : 0x08000189

  Load Region LR_IROM1 (Base: 0x08000000, Size: 0x0000ea1c, Max: 0x00080000, ABSOLUTE, COMPRESSED[0x0000e6d0])

    Execution Region ER_IROM1 (Exec base: 0x08000000, Load base: 0x08000000, Size: 0x0000e504, Max: 0x00080000, ABSOLUTE)

    Exec Addr    Load Addr    Size         Type   Attr      Idx    E Section Name        Object

    0x08000000   0x08000000   0x00000188   Data   RO            3    RESET               startup_stm32f407xx.o
    0x08000188   0x08000188   0x00000000   Code   RO         9537  * .ARM.Collect$$$$00000000  mc_w.l(entry.o)
    0x08000188   0x08000188   0x00000004   Code   RO         9941    .ARM.Collect$$$$00000001  mc_w.l(entry2.o)
    0x0800018c   0x0800018c   0x00000004   Code   RO         9944    .ARM.Collect$$$$00000004  mc_w.l(entry5.o)
    0x08000190   0x08000190   0x00000000   Code   RO         9946    .ARM.Collect$$$$00000008  mc_w.l(entry7b.o)
    0x08000190   0x08000190   0x00000000   Code   RO         9948    .ARM.Collect$$$$0000000A  mc_w.l(entry8b.o)
    0x08000190   0x08000190   0x00000008   Code   RO         9949    .ARM.Collect$$$$0000000B  mc_w.l(entry9a.o)
    0x08000198   0x08000198   0x00000004   Code   RO         9956    .ARM.Collect$$$$0000000E  mc_w.l(entry12b.o)
    0x0800019c   0x0800019c   0x00000000   Code   RO         9951    .ARM.Collect$$$$0000000F  mc_w.l(entry10a.o)
    0x0800019c   0x0800019c   0x00000000   Code   RO         9953    .ARM.Collect$$$$00000011  mc_w.l(entry11a.o)
    0x0800019c   0x0800019c   0x00000004   Code   RO         9942    .ARM.Collect$$$$00002712  mc_w.l(entry2.o)
    0x080001a0   0x080001a0   0x000000be   Code   RO         6115    .emb_text           port.o
    0x0800025e   0x0800025e   0x00000002   PAD
    0x08000260   0x08000260   0x00000024   Code   RO            4    .text               startup_stm32f407xx.o
    0x08000284   0x08000284   0x00000062   Code   RO         9540    .text               mc_w.l(uldiv.o)
    0x080002e6   0x080002e6   0x00000024   Code   RO         9542    .text               mc_w.l(memcpya.o)
    0x0800030a   0x0800030a   0x00000024   Code   RO         9546    .text               mc_w.l(memseta.o)
    0x0800032e   0x0800032e   0x0000014e   Code   RO         9845    .text               mf_w.l(dadd.o)
    0x0800047c   0x0800047c   0x000000e4   Code   RO         9847    .text               mf_w.l(dmul.o)
    0x08000560   0x08000560   0x00000022   Code   RO         9849    .text               mf_w.l(dflti.o)
    0x08000582   0x08000582   0x00000032   Code   RO         9851    .text               mf_w.l(dfixui.o)
    0x080005b4   0x080005b4   0x00000026   Code   RO         9853    .text               mf_w.l(f2d.o)
    0x080005da   0x080005da   0x00000038   Code   RO         9855    .text               mf_w.l(d2f.o)
    0x08000612   0x08000612   0x0000002c   Code   RO         9958    .text               mc_w.l(uidiv.o)
    0x0800063e   0x0800063e   0x0000001e   Code   RO         9960    .text               mc_w.l(llshl.o)
    0x0800065c   0x0800065c   0x00000020   Code   RO         9962    .text               mc_w.l(llushr.o)
    0x0800067c   0x0800067c   0x00000024   Code   RO         9964    .text               mc_w.l(llsshr.o)
    0x080006a0   0x080006a0   0x00000000   Code   RO         9975    .text               mc_w.l(iusefp.o)
    0x080006a0   0x080006a0   0x0000006e   Code   RO         9976    .text               mf_w.l(fepilogue.o)
    0x0800070e   0x0800070e   0x000000ba   Code   RO         9978    .text               mf_w.l(depilogue.o)
    0x080007c8   0x080007c8   0x000000de   Code   RO         9980    .text               mf_w.l(ddiv.o)
    0x080008a6   0x080008a6   0x00000086   Code   RO         9988    .text               mf_w.l(drem.o)
    0x0800092c   0x0800092c   0x00000030   Code   RO         9990    .text               mf_w.l(dfixul.o)
    0x0800095c   0x0800095c   0x00000030   Code   RO         9992    .text               mf_w.l(cdcmple.o)
    0x0800098c   0x0800098c   0x00000030   Code   RO         9994    .text               mf_w.l(cdrcmple.o)
    0x080009bc   0x080009bc   0x00000024   Code   RO         9996    .text               mc_w.l(init.o)
    0x080009e0   0x080009e0   0x000000a2   Code   RO         9998    .text               mf_w.l(dsqrt.o)
    0x08000a82   0x08000a82   0x0000001a   Code   RO        10000    .text               mf_w.l(dfltui.o)
    0x08000a9c   0x08000a9c   0x0000003e   Code   RO        10002    .text               mf_w.l(dfixi.o)
    0x08000ada   0x08000ada   0x00000056   Code   RO        10012    .text               mc_w.l(__dczerorl2.o)
    0x08000b30   0x08000b30   0x0000006e   Code   RO         3500    i.ADC_DMAConvCplt   stm32f4xx_hal_adc.o
    0x08000b9e   0x08000b9e   0x00000016   Code   RO         3501    i.ADC_DMAError      stm32f4xx_hal_adc.o
    0x08000bb4   0x08000bb4   0x0000000a   Code   RO         3502    i.ADC_DMAHalfConvCplt  stm32f4xx_hal_adc.o
    0x08000bbe   0x08000bbe   0x00000002   PAD
    0x08000bc0   0x08000bc0   0x00000128   Code   RO         3503    i.ADC_Init          stm32f4xx_hal_adc.o
    0x08000ce8   0x08000ce8   0x00000014   Code   RO         6611    i.ADC_Userconfig_Init  bsp_adc.o
    0x08000cfc   0x08000cfc   0x00000002   Code   RO          661    i.BusFault_Handler  stm32f4xx_it.o
    0x08000cfe   0x08000cfe   0x00000002   PAD
    0x08000d00   0x08000d00   0x0000000c   Code   RO          662    i.CAN1_RX0_IRQHandler  stm32f4xx_it.o
    0x08000d0c   0x08000d0c   0x0000000c   Code   RO          663    i.CAN2_RX1_IRQHandler  stm32f4xx_it.o
    0x08000d18   0x08000d18   0x00000018   Code   RO         7305    i.Calculate_BCC     serialcontrol_task.o
    0x08000d30   0x08000d30   0x0000000c   Code   RO          664    i.DMA1_Stream1_IRQHandler  stm32f4xx_it.o
    0x08000d3c   0x08000d3c   0x0000000c   Code   RO          665    i.DMA1_Stream4_IRQHandler  stm32f4xx_it.o
    0x08000d48   0x08000d48   0x0000000c   Code   RO          666    i.DMA1_Stream6_IRQHandler  stm32f4xx_it.o
    0x08000d54   0x08000d54   0x0000000c   Code   RO          667    i.DMA2_Stream0_IRQHandler  stm32f4xx_it.o
    0x08000d60   0x08000d60   0x0000000c   Code   RO          668    i.DMA2_Stream7_IRQHandler  stm32f4xx_it.o
    0x08000d6c   0x08000d6c   0x00000028   Code   RO         2821    i.DMA_CalcBaseAndBitshift  stm32f4xx_hal_dma.o
    0x08000d94   0x08000d94   0x00000054   Code   RO         2822    i.DMA_CheckFifoParam  stm32f4xx_hal_dma.o
    0x08000de8   0x08000de8   0x00000028   Code   RO         2823    i.DMA_SetConfig     stm32f4xx_hal_dma.o
    0x08000e10   0x08000e10   0x0000000c   Code   RO         6291    i.DWT_GetTick       bsp_dwt.o
    0x08000e1c   0x08000e1c   0x00000028   Code   RO         6292    i.DWT_Init          bsp_dwt.o
    0x08000e44   0x08000e44   0x00000002   Code   RO          669    i.DebugMon_Handler  stm32f4xx_it.o
    0x08000e46   0x08000e46   0x0000001c   Code   RO          670    i.EXTI15_10_IRQHandler  stm32f4xx_it.o
    0x08000e62   0x08000e62   0x0000001c   Code   RO          671    i.EXTI9_5_IRQHandler  stm32f4xx_it.o
    0x08000e7e   0x08000e7e   0x00000004   Code   RO           13    i.Error_Handler     main.o
    0x08000e82   0x08000e82   0x00000002   PAD
    0x08000e84   0x08000e84   0x0000014c   Code   RO         3505    i.HAL_ADC_ConfigChannel  stm32f4xx_hal_adc.o
    0x08000fd0   0x08000fd0   0x00000002   Code   RO         3506    i.HAL_ADC_ConvCpltCallback  stm32f4xx_hal_adc.o
    0x08000fd2   0x08000fd2   0x00000002   Code   RO         3507    i.HAL_ADC_ConvHalfCpltCallback  stm32f4xx_hal_adc.o
    0x08000fd4   0x08000fd4   0x00000002   Code   RO         3509    i.HAL_ADC_ErrorCallback  stm32f4xx_hal_adc.o
    0x08000fd6   0x08000fd6   0x00000054   Code   RO         3514    i.HAL_ADC_Init      stm32f4xx_hal_adc.o
    0x0800102a   0x0800102a   0x00000002   PAD
    0x0800102c   0x0800102c   0x00000098   Code   RO          403    i.HAL_ADC_MspInit   adc.o
    0x080010c4   0x080010c4   0x00000154   Code   RO         3521    i.HAL_ADC_Start_DMA  stm32f4xx_hal_adc.o
    0x08001218   0x08001218   0x00000002   Code   RO         3784    i.HAL_CAN_ErrorCallback  stm32f4xx_hal_can.o
    0x0800121a   0x0800121a   0x000000f4   Code   RO         3787    i.HAL_CAN_GetRxMessage  stm32f4xx_hal_can.o
    0x0800130e   0x0800130e   0x000001fc   Code   RO         3791    i.HAL_CAN_IRQHandler  stm32f4xx_hal_can.o
    0x0800150a   0x0800150a   0x0000011a   Code   RO         3792    i.HAL_CAN_Init      stm32f4xx_hal_can.o
    0x08001624   0x08001624   0x000000fc   Code   RO          445    i.HAL_CAN_MspInit   can.o
    0x08001720   0x08001720   0x00000002   Code   RO         3799    i.HAL_CAN_RxFifo0FullCallback  stm32f4xx_hal_can.o
    0x08001722   0x08001722   0x00000002   PAD
    0x08001724   0x08001724   0x00000060   Code   RO         7787    i.HAL_CAN_RxFifo0MsgPendingCallback  can_callback.o
    0x08001784   0x08001784   0x00000002   Code   RO         3801    i.HAL_CAN_RxFifo1FullCallback  stm32f4xx_hal_can.o
    0x08001786   0x08001786   0x00000018   Code   RO         7788    i.HAL_CAN_RxFifo1MsgPendingCallback  can_callback.o
    0x0800179e   0x0800179e   0x00000002   Code   RO         3803    i.HAL_CAN_SleepCallback  stm32f4xx_hal_can.o
    0x080017a0   0x080017a0   0x00000002   Code   RO         3806    i.HAL_CAN_TxMailbox0AbortCallback  stm32f4xx_hal_can.o
    0x080017a2   0x080017a2   0x00000002   Code   RO         3807    i.HAL_CAN_TxMailbox0CompleteCallback  stm32f4xx_hal_can.o
    0x080017a4   0x080017a4   0x00000002   Code   RO         3808    i.HAL_CAN_TxMailbox1AbortCallback  stm32f4xx_hal_can.o
    0x080017a6   0x080017a6   0x00000002   Code   RO         3809    i.HAL_CAN_TxMailbox1CompleteCallback  stm32f4xx_hal_can.o
    0x080017a8   0x080017a8   0x00000002   Code   RO         3810    i.HAL_CAN_TxMailbox2AbortCallback  stm32f4xx_hal_can.o
    0x080017aa   0x080017aa   0x00000002   Code   RO         3811    i.HAL_CAN_TxMailbox2CompleteCallback  stm32f4xx_hal_can.o
    0x080017ac   0x080017ac   0x00000002   Code   RO         3813    i.HAL_CAN_WakeUpFromRxMsgCallback  stm32f4xx_hal_can.o
    0x080017ae   0x080017ae   0x00000092   Code   RO         2824    i.HAL_DMA_Abort     stm32f4xx_hal_dma.o
    0x08001840   0x08001840   0x00000024   Code   RO         2825    i.HAL_DMA_Abort_IT  stm32f4xx_hal_dma.o
    0x08001864   0x08001864   0x000001a0   Code   RO         2829    i.HAL_DMA_IRQHandler  stm32f4xx_hal_dma.o
    0x08001a04   0x08001a04   0x000000d4   Code   RO         2830    i.HAL_DMA_Init      stm32f4xx_hal_dma.o
    0x08001ad8   0x08001ad8   0x0000006e   Code   RO         2834    i.HAL_DMA_Start_IT  stm32f4xx_hal_dma.o
    0x08001b46   0x08001b46   0x00000002   PAD
    0x08001b48   0x08001b48   0x00000024   Code   RO         3249    i.HAL_Delay         stm32f4xx_hal.o
    0x08001b6c   0x08001b6c   0x00000168   Code   RO         2714    i.HAL_GPIO_DeInit   stm32f4xx_hal_gpio.o
    0x08001cd4   0x08001cd4   0x00000018   Code   RO         8306    i.HAL_GPIO_EXTI_Callback  hall_speed.o
    0x08001cec   0x08001cec   0x00000018   Code   RO         2716    i.HAL_GPIO_EXTI_IRQHandler  stm32f4xx_hal_gpio.o
    0x08001d04   0x08001d04   0x000001f0   Code   RO         2717    i.HAL_GPIO_Init     stm32f4xx_hal_gpio.o
    0x08001ef4   0x08001ef4   0x0000000a   Code   RO         2719    i.HAL_GPIO_ReadPin  stm32f4xx_hal_gpio.o
    0x08001efe   0x08001efe   0x00000010   Code   RO         2720    i.HAL_GPIO_TogglePin  stm32f4xx_hal_gpio.o
    0x08001f0e   0x08001f0e   0x0000000a   Code   RO         2721    i.HAL_GPIO_WritePin  stm32f4xx_hal_gpio.o
    0x08001f18   0x08001f18   0x0000000c   Code   RO         3255    i.HAL_GetTick       stm32f4xx_hal.o
    0x08001f24   0x08001f24   0x00000008   Code   RO         8657    i.HAL_HCD_Connect_Callback  usbh_conf.o
    0x08001f2c   0x08001f2c   0x00000008   Code   RO         8658    i.HAL_HCD_Disconnect_Callback  usbh_conf.o
    0x08001f34   0x08001f34   0x00000008   Code   RO         8659    i.HAL_HCD_HC_NotifyURBChange_Callback  usbh_conf.o
    0x08001f3c   0x08001f3c   0x00000142   Code   RO         1878    i.HAL_HCD_IRQHandler  stm32f4xx_hal_hcd.o
    0x0800207e   0x0800207e   0x00000008   Code   RO         8662    i.HAL_HCD_PortDisabled_Callback  usbh_conf.o
    0x08002086   0x08002086   0x00000008   Code   RO         8663    i.HAL_HCD_PortEnabled_Callback  usbh_conf.o
    0x0800208e   0x0800208e   0x00000008   Code   RO         8664    i.HAL_HCD_SOF_Callback  usbh_conf.o
    0x08002096   0x08002096   0x00000024   Code   RO         1887    i.HAL_HCD_Stop      stm32f4xx_hal_hcd.o
    0x080020ba   0x080020ba   0x00000002   PAD
    0x080020bc   0x080020bc   0x00000010   Code   RO         3261    i.HAL_IncTick       stm32f4xx_hal.o
    0x080020cc   0x080020cc   0x00000034   Code   RO         3262    i.HAL_Init          stm32f4xx_hal.o
    0x08002100   0x08002100   0x00000098   Code   RO          851    i.HAL_InitTick      stm32f4xx_hal_timebase_tim.o
    0x08002198   0x08002198   0x00000038   Code   RO          827    i.HAL_MspInit       stm32f4xx_hal_msp.o
    0x080021d0   0x080021d0   0x0000001a   Code   RO         3107    i.HAL_NVIC_EnableIRQ  stm32f4xx_hal_cortex.o
    0x080021ea   0x080021ea   0x00000002   PAD
    0x080021ec   0x080021ec   0x00000040   Code   RO         3113    i.HAL_NVIC_SetPriority  stm32f4xx_hal_cortex.o
    0x0800222c   0x0800222c   0x00000024   Code   RO         3114    i.HAL_NVIC_SetPriorityGrouping  stm32f4xx_hal_cortex.o
    0x08002250   0x08002250   0x00000134   Code   RO         2363    i.HAL_RCC_ClockConfig  stm32f4xx_hal_rcc.o
    0x08002384   0x08002384   0x00000040   Code   RO         2367    i.HAL_RCC_GetClockConfig  stm32f4xx_hal_rcc.o
    0x080023c4   0x080023c4   0x00000020   Code   RO         2370    i.HAL_RCC_GetPCLK1Freq  stm32f4xx_hal_rcc.o
    0x080023e4   0x080023e4   0x00000020   Code   RO         2371    i.HAL_RCC_GetPCLK2Freq  stm32f4xx_hal_rcc.o
    0x08002404   0x08002404   0x00000060   Code   RO         2372    i.HAL_RCC_GetSysClockFreq  stm32f4xx_hal_rcc.o
    0x08002464   0x08002464   0x0000036c   Code   RO         2375    i.HAL_RCC_OscConfig  stm32f4xx_hal_rcc.o
    0x080027d0   0x080027d0   0x00000002   Code   RO         1596    i.HAL_TIMEx_BreakCallback  stm32f4xx_hal_tim_ex.o
    0x080027d2   0x080027d2   0x00000002   Code   RO         1597    i.HAL_TIMEx_CommutCallback  stm32f4xx_hal_tim_ex.o
    0x080027d4   0x080027d4   0x00000054   Code   RO         1599    i.HAL_TIMEx_ConfigBreakDeadTime  stm32f4xx_hal_tim_ex.o
    0x08002828   0x08002828   0x00000090   Code   RO         1615    i.HAL_TIMEx_MasterConfigSynchronization  stm32f4xx_hal_tim_ex.o
    0x080028b8   0x080028b8   0x0000005a   Code   RO          892    i.HAL_TIM_Base_Init  stm32f4xx_hal_tim.o
    0x08002912   0x08002912   0x00000002   PAD
    0x08002914   0x08002914   0x000001cc   Code   RO          518    i.HAL_TIM_Base_MspInit  tim.o
    0x08002ae0   0x08002ae0   0x00000078   Code   RO          895    i.HAL_TIM_Base_Start  stm32f4xx_hal_tim.o
    0x08002b58   0x08002b58   0x00000080   Code   RO          897    i.HAL_TIM_Base_Start_IT  stm32f4xx_hal_tim.o
    0x08002bd8   0x08002bd8   0x000000dc   Code   RO          901    i.HAL_TIM_ConfigClockSource  stm32f4xx_hal_tim.o
    0x08002cb4   0x08002cb4   0x00000024   Code   RO         7758    i.HAL_TIM_IC_CaptureCallback  tim_capture_callback.o
    0x08002cd8   0x08002cd8   0x00000124   Code   RO          928    i.HAL_TIM_IC_ConfigChannel  stm32f4xx_hal_tim.o
    0x08002dfc   0x08002dfc   0x0000005a   Code   RO          931    i.HAL_TIM_IC_Init   stm32f4xx_hal_tim.o
    0x08002e56   0x08002e56   0x00000002   Code   RO          933    i.HAL_TIM_IC_MspInit  stm32f4xx_hal_tim.o
    0x08002e58   0x08002e58   0x0000010c   Code   RO          936    i.HAL_TIM_IC_Start_IT  stm32f4xx_hal_tim.o
    0x08002f64   0x08002f64   0x00000130   Code   RO          940    i.HAL_TIM_IRQHandler  stm32f4xx_hal_tim.o
    0x08003094   0x08003094   0x000000b4   Code   RO          519    i.HAL_TIM_MspPostInit  tim.o
    0x08003148   0x08003148   0x00000002   Code   RO          943    i.HAL_TIM_OC_DelayElapsedCallback  stm32f4xx_hal_tim.o
    0x0800314a   0x0800314a   0x000000cc   Code   RO          964    i.HAL_TIM_PWM_ConfigChannel  stm32f4xx_hal_tim.o
    0x08003216   0x08003216   0x0000005a   Code   RO          967    i.HAL_TIM_PWM_Init  stm32f4xx_hal_tim.o
    0x08003270   0x08003270   0x00000002   Code   RO          969    i.HAL_TIM_PWM_MspInit  stm32f4xx_hal_tim.o
    0x08003272   0x08003272   0x00000002   Code   RO          970    i.HAL_TIM_PWM_PulseFinishedCallback  stm32f4xx_hal_tim.o
    0x08003274   0x08003274   0x000000c8   Code   RO          972    i.HAL_TIM_PWM_Start  stm32f4xx_hal_tim.o
    0x0800333c   0x0800333c   0x00000014   Code   RO           14    i.HAL_TIM_PeriodElapsedCallback  main.o
    0x08003350   0x08003350   0x0000002a   Code   RO          980    i.HAL_TIM_ReadCapturedValue  stm32f4xx_hal_tim.o
    0x0800337a   0x0800337a   0x00000002   Code   RO          983    i.HAL_TIM_TriggerCallback  stm32f4xx_hal_tim.o
    0x0800337c   0x0800337c   0x00000002   Code   RO         4024    i.HAL_UARTEx_RxEventCallback  stm32f4xx_hal_uart.o
    0x0800337e   0x0800337e   0x00000002   Code   RO         4038    i.HAL_UART_ErrorCallback  stm32f4xx_hal_uart.o
    0x08003380   0x08003380   0x00000270   Code   RO         4041    i.HAL_UART_IRQHandler  stm32f4xx_hal_uart.o
    0x080035f0   0x080035f0   0x00000064   Code   RO         4042    i.HAL_UART_Init     stm32f4xx_hal_uart.o
    0x08003654   0x08003654   0x00000290   Code   RO          602    i.HAL_UART_MspInit  usart.o
    0x080038e4   0x080038e4   0x0000001c   Code   RO         4047    i.HAL_UART_Receive_IT  stm32f4xx_hal_uart.o
    0x08003900   0x08003900   0x000000a4   Code   RO         7823    i.HAL_UART_RxCpltCallback  uart_callback.o
    0x080039a4   0x080039a4   0x000000a0   Code   RO         4050    i.HAL_UART_Transmit  stm32f4xx_hal_uart.o
    0x08003a44   0x08003a44   0x00000078   Code   RO         4051    i.HAL_UART_Transmit_DMA  stm32f4xx_hal_uart.o
    0x08003abc   0x08003abc   0x00000002   Code   RO         4053    i.HAL_UART_TxCpltCallback  stm32f4xx_hal_uart.o
    0x08003abe   0x08003abe   0x00000002   Code   RO         4054    i.HAL_UART_TxHalfCpltCallback  stm32f4xx_hal_uart.o
    0x08003ac0   0x08003ac0   0x0000037c   Code   RO         1889    i.HCD_HC_IN_IRQHandler  stm32f4xx_hal_hcd.o
    0x08003e3c   0x08003e3c   0x000002e2   Code   RO         1890    i.HCD_HC_OUT_IRQHandler  stm32f4xx_hal_hcd.o
    0x0800411e   0x0800411e   0x00000094   Code   RO         1891    i.HCD_Port_IRQHandler  stm32f4xx_hal_hcd.o
    0x080041b2   0x080041b2   0x00000086   Code   RO         1892    i.HCD_RXQLVL_IRQHandler  stm32f4xx_hal_hcd.o
    0x08004238   0x08004238   0x00000180   Code   RO         6818    i.HSVtoRGB          bsp_rgblight.o
    0x080043b8   0x080043b8   0x0000000c   Code   RO         8307    i.HallSpeed_GetCountPin  hall_speed.o
    0x080043c4   0x080043c4   0x00000064   Code   RO         8308    i.HallSpeed_GetSignedSpeedMps  hall_speed.o
    0x08004428   0x08004428   0x000000b8   Code   RO         8309    i.HallSpeed_GetState  hall_speed.o
    0x080044e0   0x080044e0   0x00000040   Code   RO         8310    i.HallSpeed_Init    hall_speed.o
    0x08004520   0x08004520   0x0000005c   Code   RO         8311    i.HallSpeed_OnCountEvent  hall_speed.o
    0x0800457c   0x0800457c   0x00000010   Code   RO         8312    i.HallSpeed_OnExtiIrq  hall_speed.o
    0x0800458c   0x0800458c   0x00000002   Code   RO          672    i.HardFault_Handler  stm32f4xx_it.o
    0x0800458e   0x0800458e   0x00000002   PAD
    0x08004590   0x08004590   0x00000068   Code   RO         6744    i.ICM20948_DeInit   bsp_icm20948.o
    0x080045f8   0x080045f8   0x00000194   Code   RO         6745    i.ICM20948_Init     bsp_icm20948.o
    0x0800478c   0x0800478c   0x0000005e   Code   RO         6643    i.IIC_Master_Receive  bsp_siic.o
    0x080047ea   0x080047ea   0x00000058   Code   RO         6644    i.IIC_Master_Transmit  bsp_siic.o
    0x08004842   0x08004842   0x00000084   Code   RO         6645    i.IIC_Mem_Read      bsp_siic.o
    0x080048c6   0x080048c6   0x00000066   Code   RO         6646    i.IIC_Mem_Write     bsp_siic.o
    0x0800492c   0x0800492c   0x00000118   Code   RO         7332    i.ImuTask           imu_task.o
    0x08004a44   0x08004a44   0x00000204   Code   RO         6746    i.ImuUpdate         bsp_icm20948.o
    0x08004c48   0x08004c48   0x0000007c   Code   RO          404    i.MX_ADC1_Init      adc.o
    0x08004cc4   0x08004cc4   0x00000044   Code   RO          446    i.MX_CAN1_Init      can.o
    0x08004d08   0x08004d08   0x00000044   Code   RO          447    i.MX_CAN2_Init      can.o
    0x08004d4c   0x08004d4c   0x0000007c   Code   RO          493    i.MX_DMA_Init       dma.o
    0x08004dc8   0x08004dc8   0x00000140   Code   RO          306    i.MX_FREERTOS_Init  freertos.o
    0x08004f08   0x08004f08   0x000001dc   Code   RO          282    i.MX_GPIO_Init      gpio.o
    0x080050e4   0x080050e4   0x00000068   Code   RO          520    i.MX_TIM11_Init     tim.o
    0x0800514c   0x0800514c   0x000000a4   Code   RO          521    i.MX_TIM2_Init      tim.o
    0x080051f0   0x080051f0   0x000000c4   Code   RO          522    i.MX_TIM3_Init      tim.o
    0x080052b4   0x080052b4   0x000000c4   Code   RO          523    i.MX_TIM4_Init      tim.o
    0x08005378   0x08005378   0x00000048   Code   RO          524    i.MX_TIM6_Init      tim.o
    0x080053c0   0x080053c0   0x000000d8   Code   RO          525    i.MX_TIM8_Init      tim.o
    0x08005498   0x08005498   0x00000094   Code   RO          526    i.MX_TIM9_Init      tim.o
    0x0800552c   0x0800552c   0x00000038   Code   RO          603    i.MX_UART4_Init     usart.o
    0x08005564   0x08005564   0x00000038   Code   RO          604    i.MX_USART1_UART_Init  usart.o
    0x0800559c   0x0800559c   0x00000038   Code   RO          605    i.MX_USART2_UART_Init  usart.o
    0x080055d4   0x080055d4   0x00000038   Code   RO          606    i.MX_USART3_UART_Init  usart.o
    0x0800560c   0x0800560c   0x00000002   Code   RO          673    i.MemManage_Handler  stm32f4xx_it.o
    0x0800560e   0x0800560e   0x00000002   Code   RO          674    i.NMI_Handler       stm32f4xx_it.o
    0x08005610   0x08005610   0x0000002c   Code   RO         6327    i.OLED_Clear        bsp_oled.o
    0x0800563c   0x0800563c   0x0000003c   Code   RO         6328    i.OLED_DrawPoint    bsp_oled.o
    0x08005678   0x08005678   0x000000f8   Code   RO         6329    i.OLED_Init         bsp_oled.o
    0x08005770   0x08005770   0x0000004c   Code   RO         6330    i.OLED_Refresh_Gram  bsp_oled.o
    0x080057bc   0x080057bc   0x00000090   Code   RO         6331    i.OLED_ShowChar     bsp_oled.o
    0x0800584c   0x0800584c   0x00000080   Code   RO         6332    i.OLED_ShowNumber   bsp_oled.o
    0x080058cc   0x080058cc   0x0000003c   Code   RO         6333    i.OLED_ShowShortNum  bsp_oled.o
    0x08005908   0x08005908   0x0000003e   Code   RO         6334    i.OLED_ShowString   bsp_oled.o
    0x08005946   0x08005946   0x00000002   PAD
    0x08005948   0x08005948   0x00000070   Code   RO         6335    i.OLED_WR_Byte      bsp_oled.o
    0x080059b8   0x080059b8   0x0000000c   Code   RO          675    i.OTG_FS_IRQHandler  stm32f4xx_it.o
    0x080059c4   0x080059c4   0x0000002c   Code   RO         6747    i.Q_rsqrt           bsp_icm20948.o
    0x080059f0   0x080059f0   0x000000c0   Code   RO         7670    i.RGBControl_task   rgbstripcontrol_task.o
    0x08005ab0   0x08005ab0   0x0000005c   Code   RO         6819    i.RGBLight_Init     bsp_rgblight.o
    0x08005b0c   0x08005b0c   0x0000009c   Code   RO         6820    i.RGB_BlinkTask     bsp_rgblight.o
    0x08005ba8   0x08005ba8   0x00000130   Code   RO         6821    i.RGB_BreathTask    bsp_rgblight.o
    0x08005cd8   0x08005cd8   0x000000b0   Code   RO         6822    i.RGB_ErrorTipsTask  bsp_rgblight.o
    0x08005d88   0x08005d88   0x00000098   Code   RO         6823    i.RGB_FadeTask      bsp_rgblight.o
    0x08005e20   0x08005e20   0x000000cc   Code   RO         7671    i.RGB_PriorityManagement  rgbstripcontrol_task.o
    0x08005eec   0x08005eec   0x000000f4   Code   RO         6824    i.RGB_RainbowTask   bsp_rgblight.o
    0x08005fe0   0x08005fe0   0x00000054   Code   RO         6825    i.RGB_Set           bsp_rgblight.o
    0x08006034   0x08006034   0x00000084   Code   RO         6826    i.RGB_SetBlink      bsp_rgblight.o
    0x080060b8   0x080060b8   0x0000007c   Code   RO         6827    i.RGB_SetColorFade  bsp_rgblight.o
    0x08006134   0x08006134   0x00000030   Code   RO         6828    i.RGB_SetColorImmediate  bsp_rgblight.o
    0x08006164   0x08006164   0x00000058   Code   RO         6829    i.RGB_ShowError     bsp_rgblight.o
    0x080061bc   0x080061bc   0x00000078   Code   RO         6830    i.RGB_StartBreath   bsp_rgblight.o
    0x08006234   0x08006234   0x00000050   Code   RO         6831    i.RGB_StartRainbow  bsp_rgblight.o
    0x08006284   0x08006284   0x0000001c   Code   RO         6832    i.RGB_StopEffect    bsp_rgblight.o
    0x080062a0   0x080062a0   0x0000000e   Code   RO         6833    i.RGB_TurnOff       bsp_rgblight.o
    0x080062ae   0x080062ae   0x00000002   PAD
    0x080062b0   0x080062b0   0x00000024   Code   RO         7567    i.RangerSensor_CaptureCallBack  sensor_ranger.o
    0x080062d4   0x080062d4   0x00000088   Code   RO         7225    i.RobotControl_SetDebugLevel  robotcontrol_task.o
    0x0800635c   0x0800635c   0x000003a4   Code   RO         7508    i.RobotDataTransmitTask  data_task.o
    0x08006700   0x08006700   0x00000038   Code   RO         7736    i.Robot_Select      robot_select_init.o
    0x08006738   0x08006738   0x000001cc   Code   RO         7306    i.SerialControlTask  serialcontrol_task.o
    0x08006904   0x08006904   0x00000054   Code   RO         7884    i.ServoBasic_GetOrinFeedback  servo_basic_control.o
    0x08006958   0x08006958   0x00000008   Code   RO         7885    i.ServoBasic_GetState  servo_basic_control.o
    0x08006960   0x08006960   0x0000006c   Code   RO         7886    i.ServoBasic_Init   servo_basic_control.o
    0x080069cc   0x080069cc   0x0000000c   Code   RO         7887    i.ServoBasic_IsRcEmergencyActive  servo_basic_control.o
    0x080069d8   0x080069d8   0x0000000c   Code   RO         7888    i.ServoBasic_IsRcOverrideActive  servo_basic_control.o
    0x080069e4   0x080069e4   0x00000020   Code   RO         7848    i.ServoBasic_OutputEscPulse  servo_basic_output.o
    0x08006a04   0x08006a04   0x00000020   Code   RO         7849    i.ServoBasic_OutputServoPulse  servo_basic_output.o
    0x08006a24   0x08006a24   0x000000b0   Code   RO         7891    i.ServoBasic_ProcessControl  servo_basic_control.o
    0x08006ad4   0x08006ad4   0x00000030   Code   RO         7892    i.ServoBasic_Task   servo_basic_control.o
    0x08006b04   0x08006b04   0x000000f0   Code   RO         7893    i.ServoBasic_UpdateFromOrin  servo_basic_control.o
    0x08006bf4   0x08006bf4   0x00000080   Code   RO         8179    i.ServoRC_Capture_Init  servo_rc_capture.o
    0x08006c74   0x08006c74   0x0000000c   Code   RO         8180    i.ServoRC_GetGuardPulse  servo_rc_capture.o
    0x08006c80   0x08006c80   0x0000000c   Code   RO         8182    i.ServoRC_GetSteeringPulse  servo_rc_capture.o
    0x08006c8c   0x08006c8c   0x0000000c   Code   RO         8183    i.ServoRC_GetThrottlePulse  servo_rc_capture.o
    0x08006c98   0x08006c98   0x00000144   Code   RO         8184    i.ServoRC_HandleChannel  servo_rc_capture.o
    0x08006ddc   0x08006ddc   0x0000000c   Code   RO         8185    i.ServoRC_HasGuardFault  servo_rc_capture.o
    0x08006de8   0x08006de8   0x0000000c   Code   RO         8186    i.ServoRC_HasSteeringFault  servo_rc_capture.o
    0x08006df4   0x08006df4   0x0000000c   Code   RO         8187    i.ServoRC_HasThrottleFault  servo_rc_capture.o
    0x08006e00   0x08006e00   0x00000040   Code   RO         8188    i.ServoRC_IC_CaptureCallback  servo_rc_capture.o
    0x08006e40   0x08006e40   0x00000020   Code   RO         8189    i.ServoRC_IsActive  servo_rc_capture.o
    0x08006e60   0x08006e60   0x0000000c   Code   RO         8190    i.ServoRC_IsGuardActive  servo_rc_capture.o
    0x08006e6c   0x08006e6c   0x0000000c   Code   RO         8192    i.ServoRC_IsSteeringActive  servo_rc_capture.o
    0x08006e78   0x08006e78   0x0000000c   Code   RO         8193    i.ServoRC_IsThrottleActive  servo_rc_capture.o
    0x08006e84   0x08006e84   0x0000001c   Code   RO          307    i.StartInitTask     freertos.o
    0x08006ea0   0x08006ea0   0x0000001a   Code   RO         5541    i.SysTick_Handler   cmsis_os2.o
    0x08006eba   0x08006eba   0x00000002   PAD
    0x08006ebc   0x08006ebc   0x00000094   Code   RO           15    i.SystemClock_Config  main.o
    0x08006f50   0x08006f50   0x00000010   Code   RO         4376    i.SystemInit        system_stm32f4xx.o
    0x08006f60   0x08006f60   0x0000000c   Code   RO          676    i.TIM2_IRQHandler   stm32f4xx_it.o
    0x08006f6c   0x08006f6c   0x0000000c   Code   RO          677    i.TIM3_IRQHandler   stm32f4xx_it.o
    0x08006f78   0x08006f78   0x0000000c   Code   RO          678    i.TIM4_IRQHandler   stm32f4xx_it.o
    0x08006f84   0x08006f84   0x0000000c   Code   RO          679    i.TIM7_IRQHandler   stm32f4xx_it.o
    0x08006f90   0x08006f90   0x000000d8   Code   RO          985    i.TIM_Base_SetConfig  stm32f4xx_hal_tim.o
    0x08007068   0x08007068   0x0000001a   Code   RO          986    i.TIM_CCxChannelCmd  stm32f4xx_hal_tim.o
    0x08007082   0x08007082   0x00000014   Code   RO          996    i.TIM_ETR_SetConfig  stm32f4xx_hal_tim.o
    0x08007096   0x08007096   0x00000010   Code   RO          997    i.TIM_ITRx_SetConfig  stm32f4xx_hal_tim.o
    0x080070a6   0x080070a6   0x00000002   PAD
    0x080070a8   0x080070a8   0x00000060   Code   RO          998    i.TIM_OC1_SetConfig  stm32f4xx_hal_tim.o
    0x08007108   0x08007108   0x0000006c   Code   RO          999    i.TIM_OC2_SetConfig  stm32f4xx_hal_tim.o
    0x08007174   0x08007174   0x00000068   Code   RO         1000    i.TIM_OC3_SetConfig  stm32f4xx_hal_tim.o
    0x080071dc   0x080071dc   0x00000050   Code   RO         1001    i.TIM_OC4_SetConfig  stm32f4xx_hal_tim.o
    0x0800722c   0x0800722c   0x00000022   Code   RO         1003    i.TIM_TI1_ConfigInputStage  stm32f4xx_hal_tim.o
    0x0800724e   0x0800724e   0x00000002   PAD
    0x08007250   0x08007250   0x00000080   Code   RO         1004    i.TIM_TI1_SetConfig  stm32f4xx_hal_tim.o
    0x080072d0   0x080072d0   0x00000024   Code   RO         1005    i.TIM_TI2_ConfigInputStage  stm32f4xx_hal_tim.o
    0x080072f4   0x080072f4   0x00000036   Code   RO         1006    i.TIM_TI2_SetConfig  stm32f4xx_hal_tim.o
    0x0800732a   0x0800732a   0x00000002   PAD
    0x0800732c   0x0800732c   0x0000000c   Code   RO          680    i.UART4_IRQHandler  stm32f4xx_it.o
    0x08007338   0x08007338   0x00000010   Code   RO         4055    i.UART_DMAAbortOnError  stm32f4xx_hal_uart.o
    0x08007348   0x08007348   0x0000004a   Code   RO         4056    i.UART_DMAError     stm32f4xx_hal_uart.o
    0x08007392   0x08007392   0x00000042   Code   RO         4061    i.UART_DMATransmitCplt  stm32f4xx_hal_uart.o
    0x080073d4   0x080073d4   0x0000000a   Code   RO         4063    i.UART_DMATxHalfCplt  stm32f4xx_hal_uart.o
    0x080073de   0x080073de   0x0000004e   Code   RO         4065    i.UART_EndRxTransfer  stm32f4xx_hal_uart.o
    0x0800742c   0x0800742c   0x0000001c   Code   RO         4066    i.UART_EndTxTransfer  stm32f4xx_hal_uart.o
    0x08007448   0x08007448   0x000000c2   Code   RO         4067    i.UART_Receive_IT   stm32f4xx_hal_uart.o
    0x0800750a   0x0800750a   0x00000002   PAD
    0x0800750c   0x0800750c   0x0000010c   Code   RO         4068    i.UART_SetConfig    stm32f4xx_hal_uart.o
    0x08007618   0x08007618   0x00000036   Code   RO         4070    i.UART_Start_Receive_IT  stm32f4xx_hal_uart.o
    0x0800764e   0x0800764e   0x00000072   Code   RO         4071    i.UART_WaitOnFlagUntilTimeout  stm32f4xx_hal_uart.o
    0x080076c0   0x080076c0   0x0000000c   Code   RO          681    i.USART1_IRQHandler  stm32f4xx_it.o
    0x080076cc   0x080076cc   0x0000000c   Code   RO          682    i.USART2_IRQHandler  stm32f4xx_it.o
    0x080076d8   0x080076d8   0x0000000c   Code   RO          683    i.USART3_IRQHandler  stm32f4xx_it.o
    0x080076e4   0x080076e4   0x00000018   Code   RO         9155    i.USBH_FreePipe     usbh_pipes.o
    0x080076fc   0x080076fc   0x00000018   Code   RO         8666    i.USBH_Get_USB_Status  usbh_conf.o
    0x08007714   0x08007714   0x0000002a   Code   RO         8836    i.USBH_LL_Connect   usbh_core.o
    0x0800773e   0x0800773e   0x00000042   Code   RO         8837    i.USBH_LL_Disconnect  usbh_core.o
    0x08007780   0x08007780   0x0000001e   Code   RO         8838    i.USBH_LL_IncTimer  usbh_core.o
    0x0800779e   0x0800779e   0x0000001e   Code   RO         8839    i.USBH_LL_NotifyURBChange  usbh_core.o
    0x080077bc   0x080077bc   0x00000008   Code   RO         8840    i.USBH_LL_PortDisabled  usbh_core.o
    0x080077c4   0x080077c4   0x00000020   Code   RO         8841    i.USBH_LL_PortEnabled  usbh_core.o
    0x080077e4   0x080077e4   0x00000012   Code   RO         8680    i.USBH_LL_Stop      usbh_conf.o
    0x080077f6   0x080077f6   0x00000038   Code   RO         2079    i.USB_FlushRxFifo   stm32f4xx_ll_usb.o
    0x0800782e   0x0800782e   0x0000003c   Code   RO         2080    i.USB_FlushTxFifo   stm32f4xx_ll_usb.o
    0x0800786a   0x0800786a   0x00000008   Code   RO         2084    i.USB_GetMode       stm32f4xx_ll_usb.o
    0x08007872   0x08007872   0x000000d4   Code   RO         2085    i.USB_HC_Halt       stm32f4xx_ll_usb.o
    0x08007946   0x08007946   0x00000008   Code   RO         2087    i.USB_HC_ReadInterrupt  stm32f4xx_ll_usb.o
    0x0800794e   0x0800794e   0x00000038   Code   RO         2090    i.USB_InitFSLSPClkSel  stm32f4xx_ll_usb.o
    0x08007986   0x08007986   0x00000010   Code   RO         2091    i.USB_ReadChInterrupts  stm32f4xx_ll_usb.o
    0x08007996   0x08007996   0x00000008   Code   RO         2096    i.USB_ReadInterrupts  stm32f4xx_ll_usb.o
    0x0800799e   0x0800799e   0x0000003e   Code   RO         2097    i.USB_ReadPacket    stm32f4xx_ll_usb.o
    0x080079dc   0x080079dc   0x0000008a   Code   RO         2104    i.USB_StopHost      stm32f4xx_ll_usb.o
    0x08007a66   0x08007a66   0x00000002   PAD
    0x08007a68   0x08007a68   0x00000030   Code   RO         6612    i.USER_ADC_Get_AdcBufValue  bsp_adc.o
    0x08007a98   0x08007a98   0x00000002   Code   RO          684    i.UsageFault_Handler  stm32f4xx_it.o
    0x08007a9a   0x08007a9a   0x00000002   PAD
    0x08007a9c   0x08007a9c   0x0000001c   Code   RO         6407    i.User_Flash_ReadParam  bsp_flash.o
    0x08007ab8   0x08007ab8   0x0000006c   Code   RO         7228    i._System_Reset_FromAPP_RTOS  robotcontrol_task.o
    0x08007b24   0x08007b24   0x00000020   Code   RO         9789    i.__0printf         mc_w.l(printfa.o)
    0x08007b44   0x08007b44   0x00000030   Code   RO         9894    i.__ARM_fpclassify  m_wm.l(fpclassify.o)
    0x08007b74   0x08007b74   0x00000026   Code   RO         9896    i.__ARM_fpclassifyf  m_wm.l(fpclassifyf.o)
    0x08007b9a   0x08007b9a   0x00000020   Code   RO         3120    i.__NVIC_SetPriority  stm32f4xx_hal_cortex.o
    0x08007bba   0x08007bba   0x00000006   PAD
    0x08007bc0   0x08007bc0   0x00000360   Code   RO         9433    i.__hardfp_asin     m_wm.l(asin.o)
    0x08007f20   0x08007f20   0x000002d8   Code   RO         9857    i.__hardfp_atan     m_wm.l(atan.o)
    0x080081f8   0x080081f8   0x00000200   Code   RO         9447    i.__hardfp_atan2    m_wm.l(atan2.o)
    0x080083f8   0x080083f8   0x000002ac   Code   RO         9459    i.__hardfp_atan2f   m_wm.l(atan2f.o)
    0x080086a4   0x080086a4   0x00000160   Code   RO         9471    i.__hardfp_atanf    m_wm.l(atanf.o)
    0x08008804   0x08008804   0x00000104   Code   RO         9483    i.__hardfp_fmod     m_wm.l(fmod.o)
    0x08008908   0x08008908   0x000000c8   Code   RO         9513    i.__hardfp_sin      m_wm.l(sin.o)
    0x080089d0   0x080089d0   0x0000017c   Code   RO         9525    i.__hardfp_tanf     m_wm.l(tanf.o)
    0x08008b4c   0x08008b4c   0x00000004   PAD
    0x08008b50   0x08008b50   0x00000438   Code   RO         9915    i.__ieee754_rem_pio2  m_wm.l(rred.o)
    0x08008f88   0x08008f88   0x00000170   Code   RO         9871    i.__kernel_cos      m_wm.l(cos_i.o)
    0x080090f8   0x080090f8   0x000000f8   Code   RO         9912    i.__kernel_poly     m_wm.l(poly.o)
    0x080091f0   0x080091f0   0x00000130   Code   RO         9923    i.__kernel_sin      m_wm.l(sin_i.o)
    0x08009320   0x08009320   0x00000014   Code   RO         9875    i.__mathlib_dbl_infnan  m_wm.l(dunder.o)
    0x08009334   0x08009334   0x00000014   Code   RO         9876    i.__mathlib_dbl_infnan2  m_wm.l(dunder.o)
    0x08009348   0x08009348   0x00000020   Code   RO         9877    i.__mathlib_dbl_invalid  m_wm.l(dunder.o)
    0x08009368   0x08009368   0x00000020   Code   RO         9880    i.__mathlib_dbl_underflow  m_wm.l(dunder.o)
    0x08009388   0x08009388   0x00000006   Code   RO         9899    i.__mathlib_flt_infnan  m_wm.l(funder.o)
    0x0800938e   0x0800938e   0x00000006   Code   RO         9900    i.__mathlib_flt_infnan2  m_wm.l(funder.o)
    0x08009394   0x08009394   0x00000010   Code   RO         9901    i.__mathlib_flt_invalid  m_wm.l(funder.o)
    0x080093a4   0x080093a4   0x00000010   Code   RO         9904    i.__mathlib_flt_underflow  m_wm.l(funder.o)
    0x080093b4   0x080093b4   0x00000154   Code   RO         9920    i.__mathlib_rredf2  m_wm.l(rredf.o)
    0x08009508   0x08009508   0x0000000e   Code   RO        10006    i.__scatterload_copy  mc_w.l(handlers.o)
    0x08009516   0x08009516   0x00000002   Code   RO        10007    i.__scatterload_null  mc_w.l(handlers.o)
    0x08009518   0x08009518   0x0000000e   Code   RO        10008    i.__scatterload_zeroinit  mc_w.l(handlers.o)
    0x08009526   0x08009526   0x00000002   PAD
    0x08009528   0x08009528   0x0000000c   Code   RO         9970    i.__set_errno       mc_w.l(errno.o)
    0x08009534   0x08009534   0x00000184   Code   RO         9796    i._fp_digits        mc_w.l(printfa.o)
    0x080096b8   0x080096b8   0x000006b4   Code   RO         9797    i._printf_core      mc_w.l(printfa.o)
    0x08009d6c   0x08009d6c   0x00000024   Code   RO         9798    i._printf_post_padding  mc_w.l(printfa.o)
    0x08009d90   0x08009d90   0x0000002e   Code   RO         9799    i._printf_pre_padding  mc_w.l(printfa.o)
    0x08009dbe   0x08009dbe   0x00000002   PAD
    0x08009dc0   0x08009dc0   0x00000010   Code   RO         7894    i.apply_esc_pulse   servo_basic_control.o
    0x08009dd0   0x08009dd0   0x00000010   Code   RO         7895    i.apply_servo_pulse  servo_basic_control.o
    0x08009de0   0x08009de0   0x00000010   Code   RO         9859    i.atan              m_wm.l(atan.o)
    0x08009df0   0x08009df0   0x00000330   Code   RO         6748    i.attitudeUpdate    bsp_icm20948.o
    0x0800a120   0x0800a120   0x000000f8   Code   RO         7509    i.build_hall_debug_frame  data_task.o
    0x0800a218   0x0800a218   0x0000003c   Code   RO         6239    i.buzzer_SetTask    bsp_buzzer.o
    0x0800a254   0x0800a254   0x00000002   Code   RO         6240    i.buzzer_init       bsp_buzzer.o
    0x0800a256   0x0800a256   0x00000002   PAD
    0x0800a258   0x0800a258   0x00000010   Code   RO         6241    i.buzzer_off        bsp_buzzer.o
    0x0800a268   0x0800a268   0x00000010   Code   RO         6242    i.buzzer_on         bsp_buzzer.o
    0x0800a278   0x0800a278   0x00000050   Code   RO         6243    i.buzzer_start_task  bsp_buzzer.o
    0x0800a2c8   0x0800a2c8   0x0000000c   Code   RO         6244    i.buzzer_toggle     bsp_buzzer.o
    0x0800a2d4   0x0800a2d4   0x00000012   Code   RO         7896    i.clamp_esc_pulse   servo_basic_control.o
    0x0800a2e6   0x0800a2e6   0x00000002   PAD
    0x0800a2e8   0x0800a2e8   0x00000058   Code   RO         7897    i.clamp_legacy_orin_vz  servo_basic_control.o
    0x0800a340   0x0800a340   0x00000012   Code   RO         7898    i.clamp_servo_pulse  servo_basic_control.o
    0x0800a352   0x0800a352   0x00000002   PAD
    0x0800a354   0x0800a354   0x0000000c   Code   RO          308    i.configureTimerForRunTimeStats  freertos.o
    0x0800a360   0x0800a360   0x00000044   Code   RO         6293    i.delay_ms          bsp_dwt.o
    0x0800a3a4   0x0800a3a4   0x0000007c   Code   RO         6294    i.delay_us          bsp_dwt.o
    0x0800a420   0x0800a420   0x00000018   Code   RO         9890    i.fabs              m_wm.l(fabs.o)
    0x0800a438   0x0800a438   0x00000054   Code   RO         7899    i.finalize_rc_channel_pulse  servo_basic_control.o
    0x0800a48c   0x0800a48c   0x0000001c   Code   RO           16    i.fputc             main.o
    0x0800a4a8   0x0800a4a8   0x00000030   Code   RO          309    i.getRunTimeCounterValue  freertos.o
    0x0800a4d8   0x0800a4d8   0x00000014   Code   RO         7900    i.get_orin_ackermann_max_steering_millirad  servo_basic_control.o
    0x0800a4ec   0x0800a4ec   0x00000014   Code   RO         7901    i.get_orin_ackermann_min_vx_mmps  servo_basic_control.o
    0x0800a500   0x0800a500   0x00000014   Code   RO         7902    i.get_orin_ackermann_wheelbase_mm  servo_basic_control.o
    0x0800a514   0x0800a514   0x0000001c   Code   RO         7903    i.get_orin_esc_center_pulse  servo_basic_control.o
    0x0800a530   0x0800a530   0x00000028   Code   RO         7904    i.get_orin_esc_forward_limit_pulse  servo_basic_control.o
    0x0800a558   0x0800a558   0x00000028   Code   RO         7905    i.get_orin_esc_forward_start_pulse  servo_basic_control.o
    0x0800a580   0x0800a580   0x00000028   Code   RO         7906    i.get_orin_esc_reverse_limit_pulse  servo_basic_control.o
    0x0800a5a8   0x0800a5a8   0x00000028   Code   RO         7907    i.get_orin_esc_reverse_start_pulse  servo_basic_control.o
    0x0800a5d0   0x0800a5d0   0x0000001c   Code   RO         7908    i.get_orin_servo_center_pulse  servo_basic_control.o
    0x0800a5ec   0x0800a5ec   0x00000014   Code   RO         7909    i.get_orin_vx_deadband_mmps  servo_basic_control.o
    0x0800a600   0x0800a600   0x0000001c   Code   RO         7910    i.get_orin_vx_forward_cap_mmps  servo_basic_control.o
    0x0800a61c   0x0800a61c   0x0000001c   Code   RO         7911    i.get_orin_vx_reverse_cap_mmps  servo_basic_control.o
    0x0800a638   0x0800a638   0x00000014   Code   RO         7912    i.get_rc_override_center_us  servo_basic_control.o
    0x0800a64c   0x0800a64c   0x00000014   Code   RO         8194    i.get_rc_valid_min_pulse_us  servo_rc_capture.o
    0x0800a660   0x0800a660   0x00000024   Code   RO         8313    i.hall_speed_get_time_us  hall_speed.o
    0x0800a684   0x0800a684   0x00000004   Code   RO         6647    i.iic_delayms       bsp_siic.o
    0x0800a688   0x0800a688   0x00000024   Code   RO         6834    i.lerp              bsp_rgblight.o
    0x0800a6ac   0x0800a6ac   0x00000030   Code   RO         7913    i.limit_esc_safe_pulse  servo_basic_control.o
    0x0800a6dc   0x0800a6dc   0x00000050   Code   RO         7914    i.limit_servo_safe_pulse  servo_basic_control.o
    0x0800a72c   0x0800a72c   0x00000258   Code   RO           19    i.main              main.o
    0x0800a984   0x0800a984   0x0000012c   Code   RO         6336    i.oled_showfloat    bsp_oled.o
    0x0800aab0   0x0800aab0   0x0000011c   Code   RO         7915    i.orin_map_vx_to_esc  servo_basic_control.o
    0x0800abcc   0x0800abcc   0x000000e8   Code   RO         7916    i.orin_map_vz_to_servo  servo_basic_control.o
    0x0800acb4   0x0800acb4   0x00000034   Code   RO         7917    i.orin_pwm_is_active  servo_basic_control.o
    0x0800ace8   0x0800ace8   0x00000024   Code   RO         5557    i.osKernelInitialize  cmsis_os2.o
    0x0800ad0c   0x0800ad0c   0x00000038   Code   RO         5560    i.osKernelStart     cmsis_os2.o
    0x0800ad44   0x0800ad44   0x00000068   Code   RO         5578    i.osMessageQueuePut  cmsis_os2.o
    0x0800adac   0x0800adac   0x0000008a   Code   RO         5602    i.osThreadNew       cmsis_os2.o
    0x0800ae36   0x0800ae36   0x00000008   Code   RO         7510    i.pack_be16         data_task.o
    0x0800ae3e   0x0800ae3e   0x00000010   Code   RO         7511    i.pack_be32         data_task.o
    0x0800ae4e   0x0800ae4e   0x00000002   PAD
    0x0800ae50   0x0800ae50   0x0000005c   Code   RO         4984    i.prvAddCurrentTaskToDelayedList  tasks.o
    0x0800aeac   0x0800aeac   0x000000d0   Code   RO         4985    i.prvAddNewTaskToReadyList  tasks.o
    0x0800af7c   0x0800af7c   0x00000058   Code   RO         5370    i.prvCheckForValidListAndQueue  timers.o
    0x0800afd4   0x0800afd4   0x00000026   Code   RO         4581    i.prvCopyDataFromQueue  queue.o
    0x0800affa   0x0800affa   0x0000006c   Code   RO         4582    i.prvCopyDataToQueue  queue.o
    0x0800b066   0x0800b066   0x00000034   Code   RO         4986    i.prvDeleteTCB      tasks.o
    0x0800b09a   0x0800b09a   0x00000002   PAD
    0x0800b09c   0x0800b09c   0x0000004c   Code   RO         6060    i.prvHeapInit       heap_4.o
    0x0800b0e8   0x0800b0e8   0x00000064   Code   RO         4987    i.prvIdleTask       tasks.o
    0x0800b14c   0x0800b14c   0x00000016   Code   RO         4583    i.prvInitialiseMutex  queue.o
    0x0800b162   0x0800b162   0x00000002   PAD
    0x0800b164   0x0800b164   0x00000022   Code   RO         4584    i.prvInitialiseNewQueue  queue.o
    0x0800b186   0x0800b186   0x00000002   PAD
    0x0800b188   0x0800b188   0x000000b2   Code   RO         4988    i.prvInitialiseNewTask  tasks.o
    0x0800b23a   0x0800b23a   0x00000002   PAD
    0x0800b23c   0x0800b23c   0x0000004c   Code   RO         6061    i.prvInsertBlockIntoFreeList  heap_4.o
    0x0800b288   0x0800b288   0x00000038   Code   RO         5372    i.prvInsertTimerInActiveList  timers.o
    0x0800b2c0   0x0800b2c0   0x0000001c   Code   RO         4585    i.prvIsQueueEmpty   queue.o
    0x0800b2dc   0x0800b2dc   0x000000fc   Code   RO         5373    i.prvProcessReceivedCommands  timers.o
    0x0800b3d8   0x0800b3d8   0x000000c0   Code   RO         5374    i.prvProcessTimerOrBlockTask  timers.o
    0x0800b498   0x0800b498   0x00000020   Code   RO         4990    i.prvResetNextTaskUnblockTime  tasks.o
    0x0800b4b8   0x0800b4b8   0x00000028   Code   RO         5375    i.prvSampleTimeNow  timers.o
    0x0800b4e0   0x0800b4e0   0x0000006c   Code   RO         5376    i.prvSwitchTimerLists  timers.o
    0x0800b54c   0x0800b54c   0x00000028   Code   RO         6116    i.prvTaskExitError  port.o
    0x0800b574   0x0800b574   0x00000024   Code   RO         5377    i.prvTimerTask      timers.o
    0x0800b598   0x0800b598   0x0000006a   Code   RO         4586    i.prvUnlockQueue    queue.o
    0x0800b602   0x0800b602   0x00000018   Code   RO         7918    i.pulse_is_inside_center  servo_basic_control.o
    0x0800b61a   0x0800b61a   0x0000001a   Code   RO         7919    i.pulse_is_outside_center  servo_basic_control.o
    0x0800b634   0x0800b634   0x000000e8   Code   RO         6062    i.pvPortMalloc      heap_4.o
    0x0800b71c   0x0800b71c   0x00000018   Code   RO         4994    i.pvTaskIncrementMutexHeldCount  tasks.o
    0x0800b734   0x0800b734   0x0000002c   Code   RO         6117    i.pxPortInitialiseStack  port.o
    0x0800b760   0x0800b760   0x00000014   Code   RO         8195    i.rc_capture_first_polarity  servo_rc_capture.o
    0x0800b774   0x0800b774   0x00000010   Code   RO         8196    i.rc_capture_second_polarity  servo_rc_capture.o
    0x0800b784   0x0800b784   0x0000005c   Code   RO         7920    i.rc_debounce_apply  servo_basic_control.o
    0x0800b7e0   0x0800b7e0   0x00000038   Code   RO         7921    i.rc_debounce_reset  servo_basic_control.o
    0x0800b818   0x0800b818   0x00000044   Code   RO         7922    i.rc_guard_input_is_active  servo_basic_control.o
    0x0800b85c   0x0800b85c   0x00000054   Code   RO         7923    i.rc_inputs_are_centered  servo_basic_control.o
    0x0800b8b0   0x0800b8b0   0x00000024   Code   RO         7924    i.rc_select_pulse   servo_basic_control.o
    0x0800b8d4   0x0800b8d4   0x00000008   Code   RO         6648    i.readPins          bsp_siic.o
    0x0800b8dc   0x0800b8dc   0x000000dc   Code   RO         7925    i.refresh_rc_inputs  servo_basic_control.o
    0x0800b9b8   0x0800b9b8   0x0000009e   Code   RO         6649    i.sIIC_ReadByte     bsp_siic.o
    0x0800ba56   0x0800ba56   0x0000004a   Code   RO         6650    i.sIIC_SendByte     bsp_siic.o
    0x0800baa0   0x0800baa0   0x00000038   Code   RO         6651    i.sIIC_Start        bsp_siic.o
    0x0800bad8   0x0800bad8   0x00000032   Code   RO         6652    i.sIIC_Stop         bsp_siic.o
    0x0800bb0a   0x0800bb0a   0x00000058   Code   RO         6653    i.sIIC_WaitAck      bsp_siic.o
    0x0800bb62   0x0800bb62   0x00000002   PAD
    0x0800bb64   0x0800bb64   0x00000080   Code   RO         7926    i.scale_and_limit_orin_vx  servo_basic_control.o
    0x0800bbe4   0x0800bbe4   0x00000058   Code   RO         7927    i.servo_basic_apply_debug_command  servo_basic_control.o
    0x0800bc3c   0x0800bc3c   0x00000028   Code   RO         6654    i.setInputMode      bsp_siic.o
    0x0800bc64   0x0800bc64   0x0000002a   Code   RO         6655    i.setOutputMode     bsp_siic.o
    0x0800bc8e   0x0800bc8e   0x00000002   PAD
    0x0800bc90   0x0800bc90   0x0000004c   Code   RO         6749    i.setZeroPoint_attitude  bsp_icm20948.o
    0x0800bcdc   0x0800bcdc   0x00000080   Code   RO         6750    i.setZeroPoint_axis  bsp_icm20948.o
    0x0800bd5c   0x0800bd5c   0x00000038   Code   RO         7928    i.set_rc_override_state  servo_basic_control.o
    0x0800bd94   0x0800bd94   0x00000010   Code   RO         7929    i.set_servo_target  servo_basic_control.o
    0x0800bda4   0x0800bda4   0x0000000a   Code   RO         6656    i.sethigh           bsp_siic.o
    0x0800bdae   0x0800bdae   0x0000000a   Code   RO         6657    i.setlow            bsp_siic.o
    0x0800bdb8   0x0800bdb8   0x00000170   Code   RO         7475    i.show_ackermann_status  show_task.o
    0x0800bf28   0x0800bf28   0x00000016   Code   RO         7476    i.show_task         show_task.o
    0x0800bf3e   0x0800bf3e   0x0000006e   Code   RO         9931    i.sqrt              m_wm.l(sqrt.o)
    0x0800bfac   0x0800bfac   0x00000048   Code   RO         7850    i.start_pwm_once    servo_basic_output.o
    0x0800bff4   0x0800bff4   0x0000008c   Code   RO         7930    i.telemetry_estimate_steering_rad_from_servo_pulse  servo_basic_control.o
    0x0800c080   0x0800c080   0x00000080   Code   RO         7931    i.telemetry_estimate_vz_from_pwm  servo_basic_control.o
    0x0800c100   0x0800c100   0x00000130   Code   RO         7932    i.update_control_mode_from_rc  servo_basic_control.o
    0x0800c230   0x0800c230   0x0000010c   Code   RO         7933    i.update_rc_channel_state  servo_basic_control.o
    0x0800c33c   0x0800c33c   0x00000026   Code   RO         4541    i.uxListRemove      list.o
    0x0800c362   0x0800c362   0x00000002   PAD
    0x0800c364   0x0800c364   0x00000014   Code   RO         5614    i.vApplicationGetIdleTaskMemory  cmsis_os2.o
    0x0800c378   0x0800c378   0x00000018   Code   RO         5615    i.vApplicationGetTimerTaskMemory  cmsis_os2.o
    0x0800c390   0x0800c390   0x00000002   Code   RO          310    i.vApplicationIdleHook  freertos.o
    0x0800c392   0x0800c392   0x00000002   PAD
    0x0800c394   0x0800c394   0x00000028   Code   RO          311    i.vApplicationMallocFailedHook  freertos.o
    0x0800c3bc   0x0800c3bc   0x0000001c   Code   RO          312    i.vApplicationStackOverflowHook  freertos.o
    0x0800c3d8   0x0800c3d8   0x00000004   Code   RO         4423    i.vEventGroupSetBitsCallback  event_groups.o
    0x0800c3dc   0x0800c3dc   0x00000016   Code   RO         4542    i.vListInitialise   list.o
    0x0800c3f2   0x0800c3f2   0x00000006   Code   RO         4543    i.vListInitialiseItem  list.o
    0x0800c3f8   0x0800c3f8   0x00000030   Code   RO         4544    i.vListInsert       list.o
    0x0800c428   0x0800c428   0x00000018   Code   RO         4545    i.vListInsertEnd    list.o
    0x0800c440   0x0800c440   0x00000040   Code   RO         6119    i.vPortEnterCritical  port.o
    0x0800c480   0x0800c480   0x00000028   Code   RO         6120    i.vPortExitCritical  port.o
    0x0800c4a8   0x0800c4a8   0x00000064   Code   RO         6063    i.vPortFree         heap_4.o
    0x0800c50c   0x0800c50c   0x00000024   Code   RO         6121    i.vPortSetupTimerInterrupt  port.o
    0x0800c530   0x0800c530   0x00000054   Code   RO         6122    i.vPortValidateInterruptPriority  port.o
    0x0800c584   0x0800c584   0x00000028   Code   RO         4592    i.vQueueAddToRegistry  queue.o
    0x0800c5ac   0x0800c5ac   0x00000044   Code   RO         4596    i.vQueueWaitForMessageRestricted  queue.o
    0x0800c5f0   0x0800c5f0   0x0000004c   Code   RO         5004    i.vTaskDelay        tasks.o
    0x0800c63c   0x0800c63c   0x0000008c   Code   RO         5005    i.vTaskDelayUntil   tasks.o
    0x0800c6c8   0x0800c6c8   0x00000090   Code   RO         5006    i.vTaskDelete       tasks.o
    0x0800c758   0x0800c758   0x00000010   Code   RO         5010    i.vTaskInternalSetTimeOutState  tasks.o
    0x0800c768   0x0800c768   0x0000000c   Code   RO         5012    i.vTaskMissedYield  tasks.o
    0x0800c774   0x0800c774   0x00000030   Code   RO         5014    i.vTaskPlaceOnEventList  tasks.o
    0x0800c7a4   0x0800c7a4   0x00000038   Code   RO         5015    i.vTaskPlaceOnEventListRestricted  tasks.o
    0x0800c7dc   0x0800c7dc   0x00000090   Code   RO         5017    i.vTaskPriorityDisinheritAfterTimeout  tasks.o
    0x0800c86c   0x0800c86c   0x00000070   Code   RO         5019    i.vTaskRemoveFromUnorderedEventList  tasks.o
    0x0800c8dc   0x0800c8dc   0x0000008c   Code   RO         5023    i.vTaskStartScheduler  tasks.o
    0x0800c968   0x0800c968   0x00000010   Code   RO         5025    i.vTaskSuspendAll   tasks.o
    0x0800c978   0x0800c978   0x000000a4   Code   RO         5026    i.vTaskSwitchContext  tasks.o
    0x0800ca1c   0x0800ca1c   0x0000008c   Code   RO         4430    i.xEventGroupSetBits  event_groups.o
    0x0800caa8   0x0800caa8   0x00000010   Code   RO         4431    i.xEventGroupSetBitsFromISR  event_groups.o
    0x0800cab8   0x0800cab8   0x000000f4   Code   RO         6123    i.xPortStartScheduler  port.o
    0x0800cbac   0x0800cbac   0x0000002c   Code   RO         6124    i.xPortSysTickHandler  port.o
    0x0800cbd8   0x0800cbd8   0x00000016   Code   RO         4599    i.xQueueCreateMutex  queue.o
    0x0800cbee   0x0800cbee   0x00000042   Code   RO         4601    i.xQueueGenericCreate  queue.o
    0x0800cc30   0x0800cc30   0x00000066   Code   RO         4602    i.xQueueGenericCreateStatic  queue.o
    0x0800cc96   0x0800cc96   0x00000002   PAD
    0x0800cc98   0x0800cc98   0x00000088   Code   RO         4603    i.xQueueGenericReset  queue.o
    0x0800cd20   0x0800cd20   0x00000160   Code   RO         4604    i.xQueueGenericSend  queue.o
    0x0800ce80   0x0800ce80   0x000000be   Code   RO         4605    i.xQueueGenericSendFromISR  queue.o
    0x0800cf3e   0x0800cf3e   0x00000002   PAD
    0x0800cf40   0x0800cf40   0x00000138   Code   RO         4614    i.xQueueReceive     queue.o
    0x0800d078   0x0800d078   0x00000178   Code   RO         4616    i.xQueueSemaphoreTake  queue.o
    0x0800d1f0   0x0800d1f0   0x00000074   Code   RO         5028    i.xTaskCheckForTimeOut  tasks.o
    0x0800d264   0x0800d264   0x0000005a   Code   RO         5029    i.xTaskCreate       tasks.o
    0x0800d2be   0x0800d2be   0x00000056   Code   RO         5030    i.xTaskCreateStatic  tasks.o
    0x0800d314   0x0800d314   0x000000e0   Code   RO         5031    i.xTaskGenericNotify  tasks.o
    0x0800d3f4   0x0800d3f4   0x0000001c   Code   RO         5034    i.xTaskGetSchedulerState  tasks.o
    0x0800d410   0x0800d410   0x0000000c   Code   RO         5035    i.xTaskGetTickCount  tasks.o
    0x0800d41c   0x0800d41c   0x000000c8   Code   RO         5037    i.xTaskIncrementTick  tasks.o
    0x0800d4e4   0x0800d4e4   0x00000080   Code   RO         5040    i.xTaskPriorityDisinherit  tasks.o
    0x0800d564   0x0800d564   0x00000078   Code   RO         5041    i.xTaskPriorityInherit  tasks.o
    0x0800d5dc   0x0800d5dc   0x00000070   Code   RO         5042    i.xTaskRemoveFromEventList  tasks.o
    0x0800d64c   0x0800d64c   0x000000c4   Code   RO         5043    i.xTaskResumeAll    tasks.o
    0x0800d710   0x0800d710   0x00000060   Code   RO         5386    i.xTimerCreateTimerTask  timers.o
    0x0800d770   0x0800d770   0x00000068   Code   RO         5387    i.xTimerGenericCommand  timers.o
    0x0800d7d8   0x0800d7d8   0x00000028   Code   RO         5393    i.xTimerPendFunctionCallFromISR  timers.o
    0x0800d800   0x0800d800   0x00000024   Data   RO          313    .constdata          freertos.o
    0x0800d824   0x0800d824   0x00000008   Data   RO         2836    .constdata          stm32f4xx_hal_dma.o
    0x0800d82c   0x0800d82c   0x00000010   Data   RO         4377    .constdata          system_stm32f4xx.o
    0x0800d83c   0x0800d83c   0x00000008   Data   RO         4378    .constdata          system_stm32f4xx.o
    0x0800d844   0x0800d844   0x00000a64   Data   RO         6338    .constdata          bsp_oled.o
    0x0800e2a8   0x0800e2a8   0x00000050   Data   RO         9436    .constdata          m_wm.l(asin.o)
    0x0800e2f8   0x0800e2f8   0x00000098   Data   RO         9860    .constdata          m_wm.l(atan.o)
    0x0800e390   0x0800e390   0x00000030   Data   RO         9872    .constdata          m_wm.l(cos_i.o)
    0x0800e3c0   0x0800e3c0   0x00000008   Data   RO         9914    .constdata          m_wm.l(qnan.o)
    0x0800e3c8   0x0800e3c8   0x000000c8   Data   RO         9917    .constdata          m_wm.l(rred.o)
    0x0800e490   0x0800e490   0x00000020   Data   RO         9921    .constdata          m_wm.l(rredf.o)
    0x0800e4b0   0x0800e4b0   0x00000028   Data   RO         9924    .constdata          m_wm.l(sin_i.o)
    0x0800e4d8   0x0800e4d8   0x00000009   Data   RO          314    .conststring        freertos.o
    0x0800e4e1   0x0800e4e1   0x00000003   PAD
    0x0800e4e4   0x0800e4e4   0x00000020   Data   RO        10004    Region$$Table       anon$$obj.o


    Execution Region RW_IRAM1 (Exec base: 0x20000000, Load base: 0x0800e504, Size: 0x0000ee48, Max: 0x0001c000, ABSOLUTE, COMPRESSED[0x000001cc])

    Exec Addr    Load Addr    Size         Type   Attr      Idx    E Section Name        Object

    0x20000000   COMPRESSED   0x0000000c   Data   RW           20    .data               main.o
    0x2000000c   COMPRESSED   0x00000004   Data   RW          316    .data               freertos.o
    0x20000010   COMPRESSED   0x00000014   Data   RW          317    .data               freertos.o
    0x20000024   COMPRESSED   0x00000004   Data   RW          318    .data               freertos.o
    0x20000028   COMPRESSED   0x00000004   Data   RW          320    .data               freertos.o
    0x2000002c   COMPRESSED   0x00000004   Data   RW          449    .data               can.o
    0x20000030   COMPRESSED   0x0000000c   Data   RW         3269    .data               stm32f4xx_hal.o
    0x2000003c   COMPRESSED   0x00000004   Data   RW         4379    .data               system_stm32f4xx.o
    0x20000040   COMPRESSED   0x00000044   Data   RW         5046    .data               tasks.o
    0x20000084   COMPRESSED   0x00000014   Data   RW         5395    .data               timers.o
    0x20000098   COMPRESSED   0x00000004   Data   RW         5620    .data               cmsis_os2.o
    0x2000009c   COMPRESSED   0x00000020   Data   RW         6069    .data               heap_4.o
    0x200000bc   COMPRESSED   0x0000000c   Data   RW         6125    .data               port.o
    0x200000c8   COMPRESSED   0x00000004   Data   RW         6245    .data               bsp_buzzer.o
    0x200000cc   COMPRESSED   0x00000014   Data   RW         6246    .data               bsp_buzzer.o
    0x200000e0   COMPRESSED   0x00000020   Data   RW         6339    .data               bsp_oled.o
    0x20000100   COMPRESSED   0x00000004   Data   RW         6340    .data               bsp_oled.o
    0x20000104   COMPRESSED   0x00000008   Data   RW         6658    .data               bsp_siic.o
    0x2000010c   COMPRESSED   0x00000008   Data   RW         6659    .data               bsp_siic.o
    0x20000114   COMPRESSED   0x00000020   Data   RW         6660    .data               bsp_siic.o
    0x20000134   COMPRESSED   0x00000018   Data   RW         6755    .data               bsp_icm20948.o
    0x2000014c   COMPRESSED   0x00000010   Data   RW         6756    .data               bsp_icm20948.o
    0x2000015c   COMPRESSED   0x00000024   Data   RW         6836    .data               bsp_rgblight.o
    0x20000180   COMPRESSED   0x0000000c   Data   RW         7234    .data               robotcontrol_task.o
    0x2000018c   COMPRESSED   0x00000002   Data   RW         7307    .data               serialcontrol_task.o
    0x2000018e   COMPRESSED   0x00000002   PAD
    0x20000190   COMPRESSED   0x00000004   Data   RW         7477    .data               show_task.o
    0x20000194   COMPRESSED   0x00000008   Data   RW         7512    .data               data_task.o
    0x2000019c   COMPRESSED   0x00000004   PAD
    0x200001a0   COMPRESSED   0x00000180   Data   RW         7570    .data               sensor_ranger.o
    0x20000320   COMPRESSED   0x0000000c   Data   RW         7571    .data               sensor_ranger.o
    0x2000032c   COMPRESSED   0x00000008   Data   RW         7572    .data               sensor_ranger.o
    0x20000334   COMPRESSED   0x00000004   Data   RW         7573    .data               sensor_ranger.o
    0x20000338   COMPRESSED   0x0000000c   Data   RW         7574    .data               sensor_ranger.o
    0x20000344   COMPRESSED   0x0000000c   Data   RW         7575    .data               sensor_ranger.o
    0x20000350   COMPRESSED   0x0000000c   Data   RW         7576    .data               sensor_ranger.o
    0x2000035c   COMPRESSED   0x00000008   Data   RW         7577    .data               sensor_ranger.o
    0x20000364   COMPRESSED   0x00000020   Data   RW         7637    .data               autorecharge_task.o
    0x20000384   COMPRESSED   0x00000010   Data   RW         7672    .data               rgbstripcontrol_task.o
    0x20000394   COMPRESSED   0x00000060   Data   RW         7738    .data               robot_select_init.o
    0x200003f4   COMPRESSED   0x00000001   Data   RW         7851    .data               servo_basic_output.o
    0x200003f5   COMPRESSED   0x00000003   PAD
    0x200003f8   COMPRESSED   0x000000f4   Data   RW         7935    .data               servo_basic_control.o
    0x200004ec   COMPRESSED   0x00000004   Data   RW         7938    .data               servo_basic_control.o
    0x200004f0   COMPRESSED   0x00000004   Data   RW         7939    .data               servo_basic_control.o
    0x200004f4   COMPRESSED   0x00000004   Data   RW         8198    .data               servo_rc_capture.o
    0x200004f8   COMPRESSED   0x00000018   Data   RW         8315    .data               hall_speed.o
    0x20000510   COMPRESSED   0x00000004   Data   RW         9957    .data               mc_w.l(stdout.o)
    0x20000514   COMPRESSED   0x00000004   Data   RW         9971    .data               mc_w.l(errno.o)
    0x20000518        -       0x000000a8   Zero   RW          405    .bss                adc.o
    0x200005c0        -       0x00000050   Zero   RW          448    .bss                can.o
    0x20000610        -       0x000001f8   Zero   RW          527    .bss                tim.o
    0x20000808        -       0x000002a0   Zero   RW          607    .bss                usart.o
    0x20000aa8        -       0x00000048   Zero   RW          854    .bss                stm32f4xx_hal_timebase_tim.o
    0x20000af0        -       0x00000040   Zero   RW         4618    .bss                queue.o
    0x20000b30        -       0x000004c4   Zero   RW         5045    .bss                tasks.o
    0x20000ff4        -       0x00000118   Zero   RW         5394    .bss                timers.o
    0x2000110c        -       0x000006c0   Zero   RW         5619    .bss                cmsis_os2.o
    0x200017cc        -       0x0000c800   Zero   RW         6068    .bss                heap_4.o
    0x2000dfcc        -       0x0000040c   Zero   RW         6337    .bss                bsp_oled.o
    0x2000e3d8        -       0x00000140   Zero   RW         6613    .bss                bsp_adc.o
    0x2000e518        -       0x00000024   Zero   RW         6751    .bss                bsp_icm20948.o
    0x2000e53c        -       0x00000024   Zero   RW         6752    .bss                bsp_icm20948.o
    0x2000e560        -       0x0000000c   Zero   RW         6753    .bss                bsp_icm20948.o
    0x2000e56c        -       0x0000006c   Zero   RW         6754    .bss                bsp_icm20948.o
    0x2000e5d8        -       0x00000018   Zero   RW         6835    .bss                bsp_rgblight.o
    0x2000e5f0        -       0x00000010   Zero   RW         7737    .bss                robot_select_init.o
    0x2000e600        -       0x00000020   Zero   RW         7934    .bss                servo_basic_control.o
    0x2000e620        -       0x00000030   Zero   RW         8197    .bss                servo_rc_capture.o
    0x2000e650        -       0x00000018   Zero   RW         8314    .bss                hall_speed.o
    0x2000e668        -       0x000003e0   Zero   RW         8682    .bss                usbh_conf.o
    0x2000ea48        -       0x00000400   Zero   RW            1    STACK               startup_stm32f407xx.o


    Execution Region RW_IRAM2 (Exec base: 0x2001c000, Load base: 0x0800e6d0, Size: 0x00000000, Max: 0x00004000, ABSOLUTE)

    **** No section assigned to this execution region ****


==============================================================================

Image component sizes


      Code (inc. data)   RO Data    RW Data    ZI Data      Debug   Object Name

       276         32          0          0        168       1759   adc.o
         0          0          0         32          0       1647   autorecharge_task.o
        68         14          0          0        320       1665   bsp_adc.o
       186         42          0         24          0       4021   bsp_buzzer.o
       244         32          0          0          0       2077   bsp_dwt.o
        28          4          0          0          0       1755   bsp_flash.o
      2088        100          0         40        192       7268   bsp_icm20948.o
      1234         62       2660         36       1036       9835   bsp_oled.o
      2262        244          0         36         24      13603   bsp_rgblight.o
       956          0          0         48          0      11130   bsp_siic.o
       388         44          0          4         80       2414   can.o
       120          8          0          0          0       1915   can_callback.o
       404         26          0          4       1728      50989   cmsis_os2.o
      1204         88          0          8          0       4844   data_task.o
       124          4          0          0          0        822   dma.o
       160          4          0          0          0      23438   event_groups.o
       478        188         45         32          0       8829   freertos.o
       476         26          0          0          0       1151   gpio.o
       528         76          0         24         24       6949   hall_speed.o
       484         26          0         32      51200       4835   heap_4.o
       280         30          0          0          0       2220   imu_task.o
       138          0          0          0          0       3482   list.o
       800        126          0         12          0     747641   main.o
       786         82          0         12          0      11369   port.o
      2000         24          0          0         64      21204   queue.o
       396         54          0         16          0       2443   rgbstripcontrol_task.o
        56         16          0         96         16       2898   robot_select_init.o
       244         30          0         12          0      33283   robotcontrol_task.o
        36          6          0        452          0       4329   sensor_ranger.o
       484         24          0          2          0       4063   serialcontrol_task.o
      3730        270          0        252         32      42468   servo_basic_control.o
       136         22          0          1          0       1698   servo_basic_output.o
       712         88          0          4         48      10579   servo_rc_capture.o
       390         84          0          4          0       2253   show_task.o
        36          8        392          0       1024        824   startup_stm32f407xx.o
       116         18          0         12          0       8646   stm32f4xx_hal.o
      1200         66          0          0          0       7321   stm32f4xx_hal_adc.o
      1056          0          0          0          0       9938   stm32f4xx_hal_can.o
       158         14          0          0          0      32982   stm32f4xx_hal_cortex.o
      1084         16          8          0          0       7250   stm32f4xx_hal_dma.o
       916         92          0          0          0       4985   stm32f4xx_hal_gpio.o
      2270          0          0          0          0       6812   stm32f4xx_hal_hcd.o
        56          4          0          0          0        846   stm32f4xx_hal_msp.o
      1408         82          0          0          0       5817   stm32f4xx_hal_rcc.o
      2976        224          0          0          0      22726   stm32f4xx_hal_tim.o
       232         28          0          0          0       3249   stm32f4xx_hal_tim_ex.o
       152         20          0          0         72       1447   stm32f4xx_hal_timebase_tim.o
      1942         30          0          0          0      15062   stm32f4xx_hal_uart.o
       260         96          0          0          0      11114   stm32f4xx_it.o
       624          0          0          0          0       8590   stm32f4xx_ll_usb.o
         0          0          0          0          0       9296   stream_buffer.o
        16          4         24          4          0       1091   system_stm32f4xx.o
      3066        242          0         68       1220      33826   tasks.o
      1736        132          0          0        504       7224   tim.o
        36          6          0          0          0       1037   tim_capture_callback.o
      1012         86          0         20        280      30147   timers.o
       164         44          0          0          0       1333   uart_callback.o
       880         80          0          0        672       4138   usart.o
        90          0          0          0        992       5008   usbh_conf.o
       208          0          0          0          0       4428   usbh_core.o
         0          0          0          0          0       7972   usbh_hid_gamepad.o
        24          0          0          0          0       1084   usbh_pipes.o

    ----------------------------------------------------------------------
     43688       3168       3164       1296      59696    1305069   Object Totals
         0          0         32          0          0          0   (incl. Generated)
        74          0          3          9          0          0   (incl. Padding)

    ----------------------------------------------------------------------

      Code (inc. data)   RO Data    RW Data    ZI Data      Debug   Library Member Name

       864         94         80          0          0        280   asin.o
       744        106        152          0          0        352   atan.o
       512         64          0          0          0        208   atan2.o
       684         90          0          0          0        208   atan2f.o
       352         56          0          0          0        172   atanf.o
       368         46         48          0          0        200   cos_i.o
       104         16          0          0          0        496   dunder.o
        24          0          0          0          0        124   fabs.o
       260          6          0          0          0        144   fmod.o
        48          0          0          0          0        124   fpclassify.o
        38          0          0          0          0        116   fpclassifyf.o
        44         12          0          0          0        464   funder.o
       248          0          0          0          0        152   poly.o
         0          0          8          0          0          0   qnan.o
      1080        142        200          0          0        188   rred.o
       340         24         32          0          0        160   rredf.o
       200         20          0          0          0        164   sin.o
       304         24         40          0          0        208   sin_i.o
       110          0          0          0          0        148   sqrt.o
       380         58          0          0          0        200   tanf.o
        86          0          0          0          0          0   __dczerorl2.o
         0          0          0          0          0          0   entry.o
         0          0          0          0          0          0   entry10a.o
         0          0          0          0          0          0   entry11a.o
         4          0          0          0          0          0   entry12b.o
         8          4          0          0          0          0   entry2.o
         4          0          0          0          0          0   entry5.o
         0          0          0          0          0          0   entry7b.o
         0          0          0          0          0          0   entry8b.o
         8          4          0          0          0          0   entry9a.o
        12          6          0          4          0         68   errno.o
        30          0          0          0          0          0   handlers.o
        36          8          0          0          0         68   init.o
         0          0          0          0          0          0   iusefp.o
        30          0          0          0          0         68   llshl.o
        36          0          0          0          0         68   llsshr.o
        32          0          0          0          0         68   llushr.o
        36          0          0          0          0         68   memcpya.o
        36          0          0          0          0        108   memseta.o
      2218         90          0          0          0        464   printfa.o
         0          0          0          4          0          0   stdout.o
        44          0          0          0          0         80   uidiv.o
        98          0          0          0          0         92   uldiv.o
        48          0          0          0          0         68   cdcmple.o
        48          0          0          0          0         68   cdrcmple.o
        56          0          0          0          0         88   d2f.o
       334          0          0          0          0        148   dadd.o
       222          0          0          0          0        100   ddiv.o
       186          0          0          0          0        176   depilogue.o
        62          0          0          0          0         80   dfixi.o
        50          0          0          0          0         76   dfixui.o
        48          0          0          0          0         68   dfixul.o
        34          0          0          0          0         76   dflti.o
        26          0          0          0          0         76   dfltui.o
       228          0          0          0          0         96   dmul.o
       134          0          0          0          0         96   drem.o
       162          0          0          0          0        100   dsqrt.o
        38          0          0          0          0         68   f2d.o
       110          0          0          0          0        168   fepilogue.o

    ----------------------------------------------------------------------
     11216        874        560          8          0       6812   Library Totals
         8          4          0          0          0          0   (incl. Padding)

    ----------------------------------------------------------------------

      Code (inc. data)   RO Data    RW Data    ZI Data      Debug   Library Name

      6704        758        560          0          0       4108   m_wm.l
      2718        112          0          8          0       1152   mc_w.l
      1786          0          0          0          0       1552   mf_w.l

    ----------------------------------------------------------------------
     11216        874        560          8          0       6812   Library Totals

    ----------------------------------------------------------------------

==============================================================================


      Code (inc. data)   RO Data    RW Data    ZI Data      Debug   

     54904       4042       3724       1304      59696    1265561   Grand Totals
     54904       4042       3724        460      59696    1265561   ELF Image Totals (compressed)
     54904       4042       3724        460          0          0   ROM Totals

==============================================================================

    Total RO  Size (Code + RO Data)                58628 (  57.25kB)
    Total RW  Size (RW Data + ZI Data)             61000 (  59.57kB)
    Total ROM Size (Code + RO Data + RW Data)      59088 (  57.70kB)

==============================================================================

